05-Jul-2026 00:13:34.465 INFO [main] org.apache.catalina.core.StandardServer.await Se ha recibido un comando de apagado a través del puerto de apagado. Parando la instancia del Servidor.
05-Jul-2026 00:13:34.471 INFO [main] org.apache.coyote.AbstractProtocol.pause Pausing ProtocolHandler ["http-nio-8082"]
05-Jul-2026 00:13:34.502 INFO [main] org.apache.catalina.core.StandardService.stopInternal Parando servicio [Catalina]
05-Jul-2026 00:13:34.551 SEVERE [main] org.apache.catalina.session.StandardManager.stopInternal Excepción descargando sesiones a almacenamiento persistente
	java.io.FileNotFoundException: C:\Users\Josue\OneDrive\Documentos\GitHub\5to-2.0\Requisitos\Parcial3\Deberes\Deber4\apache-tomcat-9.0.119\work\Catalina\localhost\HotelWebApp\SESSIONS.ser (El sistema no puede encontrar la ruta especificada)
		at java.base/java.io.FileOutputStream.open0(Native Method)
		at java.base/java.io.FileOutputStream.open(FileOutputStream.java:289)
		at java.base/java.io.FileOutputStream.<init>(FileOutputStream.java:230)
		at java.base/java.io.FileOutputStream.<init>(FileOutputStream.java:118)
		at org.apache.catalina.session.StandardManager.doUnload(StandardManager.java:299)
		at org.apache.catalina.session.StandardManager.unload(StandardManager.java:265)
		at org.apache.catalina.session.StandardManager.stopInternal(StandardManager.java:380)
		at org.apache.catalina.util.LifecycleBase.stop(LifecycleBase.java:241)
		at org.apache.catalina.core.StandardContext.stopInternal(StandardContext.java:4868)
		at org.apache.catalina.util.LifecycleBase.stop(LifecycleBase.java:241)
		at org.apache.catalina.core.ContainerBase$StopChild.call(ContainerBase.java:1259)
		at org.apache.catalina.core.ContainerBase$StopChild.call(ContainerBase.java:1248)
		at java.base/java.util.concurrent.FutureTask.run(FutureTask.java:317)
		at org.apache.tomcat.util.threads.InlineExecutorService.execute(InlineExecutorService.java:93)
		at java.base/java.util.concurrent.AbstractExecutorService.submit(AbstractExecutorService.java:145)
		at org.apache.catalina.core.ContainerBase.stopInternal(ContainerBase.java:830)
		at org.apache.catalina.util.LifecycleBase.stop(LifecycleBase.java:241)
		at org.apache.catalina.core.ContainerBase$StopChild.call(ContainerBase.java:1259)
		at org.apache.catalina.core.ContainerBase$StopChild.call(ContainerBase.java:1248)
		at java.base/java.util.concurrent.FutureTask.run(FutureTask.java:317)
		at org.apache.tomcat.util.threads.InlineExecutorService.execute(InlineExecutorService.java:93)
		at java.base/java.util.concurrent.AbstractExecutorService.submit(AbstractExecutorService.java:145)
		at org.apache.catalina.core.ContainerBase.stopInternal(ContainerBase.java:830)
		at org.apache.catalina.util.LifecycleBase.stop(LifecycleBase.java:241)
		at org.apache.catalina.core.StandardService.stopInternal(StandardService.java:489)
		at org.apache.catalina.util.LifecycleBase.stop(LifecycleBase.java:241)
		at org.apache.catalina.core.StandardServer.stopInternal(StandardServer.java:924)
		at org.apache.catalina.util.LifecycleBase.stop(LifecycleBase.java:241)
		at org.apache.catalina.startup.Catalina.stop(Catalina.java:935)
		at org.apache.catalina.startup.Catalina.start(Catalina.java:899)
		at java.base/jdk.internal.reflect.DirectMethodHandleAccessor.invoke(DirectMethodHandleAccessor.java:103)
		at java.base/java.lang.reflect.Method.invoke(Method.java:580)
		at org.apache.catalina.startup.Bootstrap.start(Bootstrap.java:348)
		at org.apache.catalina.startup.Bootstrap.main(Bootstrap.java:485)
05-Jul-2026 00:13:34.574 INFO [main] org.apache.coyote.AbstractProtocol.stop Stopping ProtocolHandler ["http-nio-8082"]
05-Jul-2026 00:13:34.592 INFO [main] org.apache.coyote.AbstractProtocol.destroy Destroying ProtocolHandler ["http-nio-8082"]
05-Jul-2026 00:14:27.585 INFO [main] org.apache.catalina.startup.VersionLoggerListener.log Nombre de la versión del servidor: Apache Tomcat/9.0.119
05-Jul-2026 00:14:27.591 INFO [main] org.apache.catalina.startup.VersionLoggerListener.log Server built:                      Jun 18 2026 07:06:31 UTC
05-Jul-2026 00:14:27.591 INFO [main] org.apache.catalina.startup.VersionLoggerListener.log Número de versión de servidor:     9.0.119.0
05-Jul-2026 00:14:27.592 INFO [main] org.apache.catalina.startup.VersionLoggerListener.log OS Name:                           Windows 11
05-Jul-2026 00:14:27.592 INFO [main] org.apache.catalina.startup.VersionLoggerListener.log Versión de Systema Operativo:      10.0
05-Jul-2026 00:14:27.592 INFO [main] org.apache.catalina.startup.VersionLoggerListener.log Arquitectura:                      amd64
05-Jul-2026 00:14:27.592 INFO [main] org.apache.catalina.startup.VersionLoggerListener.log Java Home:                         C:\Program Files\Java\jdk-21
05-Jul-2026 00:14:27.592 INFO [main] org.apache.catalina.startup.VersionLoggerListener.log JVM Version:                       21.0.9+7-LTS-338
05-Jul-2026 00:14:27.592 INFO [main] org.apache.catalina.startup.VersionLoggerListener.log Vededor JVM:                       Oracle Corporation
05-Jul-2026 00:14:27.592 INFO [main] org.apache.catalina.startup.VersionLoggerListener.log CATALINA_BASE:                     C:\Users\Josue\OneDrive\Documentos\GitHub\5to-2.0\Requisitos\Parcial3\Deberes\Deber4\apache-tomcat-9.0.119
05-Jul-2026 00:14:27.593 INFO [main] org.apache.catalina.startup.VersionLoggerListener.log CATALINA_HOME:                     C:\Users\Josue\OneDrive\Documentos\GitHub\5to-2.0\Requisitos\Parcial3\Deberes\Deber4\apache-tomcat-9.0.119
05-Jul-2026 00:14:27.613 INFO [main] org.apache.catalina.startup.VersionLoggerListener.log Command line argument:             --add-opens=java.base/java.lang=ALL-UNNAMED
05-Jul-2026 00:14:27.613 INFO [main] org.apache.catalina.startup.VersionLoggerListener.log Command line argument:             --add-opens=java.base/java.lang.invoke=ALL-UNNAMED
05-Jul-2026 00:14:27.614 INFO [main] org.apache.catalina.startup.VersionLoggerListener.log Command line argument:             --add-opens=java.base/java.lang.reflect=ALL-UNNAMED
05-Jul-2026 00:14:27.614 INFO [main] org.apache.catalina.startup.VersionLoggerListener.log Command line argument:             --add-opens=java.base/java.io=ALL-UNNAMED
05-Jul-2026 00:14:27.614 INFO [main] org.apache.catalina.startup.VersionLoggerListener.log Command line argument:             --add-opens=java.base/java.util=ALL-UNNAMED
05-Jul-2026 00:14:27.614 INFO [main] org.apache.catalina.startup.VersionLoggerListener.log Command line argument:             --add-opens=java.base/java.util.concurrent=ALL-UNNAMED
05-Jul-2026 00:14:27.614 INFO [main] org.apache.catalina.startup.VersionLoggerListener.log Command line argument:             --add-opens=java.rmi/sun.rmi.transport=ALL-UNNAMED
05-Jul-2026 00:14:27.614 INFO [main] org.apache.catalina.startup.VersionLoggerListener.log Command line argument:             -Djava.util.logging.config.file=C:\Users\Josue\OneDrive\Documentos\GitHub\5to-2.0\Requisitos\Parcial3\Deberes\Deber4\apache-tomcat-9.0.119\conf\logging.properties
05-Jul-2026 00:14:27.615 INFO [main] org.apache.catalina.startup.VersionLoggerListener.log Command line argument:             -Djava.util.logging.manager=org.apache.juli.ClassLoaderLogManager
05-Jul-2026 00:14:27.615 INFO [main] org.apache.catalina.startup.VersionLoggerListener.log Command line argument:             -Djdk.tls.ephemeralDHKeySize=2048
05-Jul-2026 00:14:27.615 INFO [main] org.apache.catalina.startup.VersionLoggerListener.log Command line argument:             -Djava.protocol.handler.pkgs=org.apache.catalina.webresources
05-Jul-2026 00:14:27.615 INFO [main] org.apache.catalina.startup.VersionLoggerListener.log Command line argument:             -Dsun.io.useCanonCaches=false
05-Jul-2026 00:14:27.615 INFO [main] org.apache.catalina.startup.VersionLoggerListener.log Command line argument:             -Dignore.endorsed.dirs=
05-Jul-2026 00:14:27.615 INFO [main] org.apache.catalina.startup.VersionLoggerListener.log Command line argument:             -Dcatalina.base=C:\Users\Josue\OneDrive\Documentos\GitHub\5to-2.0\Requisitos\Parcial3\Deberes\Deber4\apache-tomcat-9.0.119
05-Jul-2026 00:14:27.615 INFO [main] org.apache.catalina.startup.VersionLoggerListener.log Command line argument:             -Dcatalina.home=C:\Users\Josue\OneDrive\Documentos\GitHub\5to-2.0\Requisitos\Parcial3\Deberes\Deber4\apache-tomcat-9.0.119
05-Jul-2026 00:14:27.615 INFO [main] org.apache.catalina.startup.VersionLoggerListener.log Command line argument:             -Djava.io.tmpdir=C:\Users\Josue\OneDrive\Documentos\GitHub\5to-2.0\Requisitos\Parcial3\Deberes\Deber4\apache-tomcat-9.0.119\temp
05-Jul-2026 00:14:27.765 INFO [main] org.apache.catalina.core.AprLifecycleListener.lifecycleEvent Cargada la biblioteca nativa APR de Apache Tomcat [1.3.8] con la versión APR [1.7.6].
05-Jul-2026 00:14:27.765 INFO [main] org.apache.catalina.core.AprLifecycleListener.lifecycleEvent Capacidades APR: IPv6 [true], enviar fichero [true], aceptar filtros [false], aleatorio [true], UDS [true].
05-Jul-2026 00:14:27.766 INFO [main] org.apache.catalina.core.AprLifecycleListener.lifecycleEvent APR/OpenSSL configuration: useAprConnector [false], useOpenSSL [true]
05-Jul-2026 00:14:27.774 INFO [main] org.apache.catalina.core.AprLifecycleListener.initializeSSL OpenSSL inicializado correctamente [OpenSSL 3.0.21 9 Jun 2026]
05-Jul-2026 00:14:28.253 INFO [main] org.apache.coyote.AbstractProtocol.init Inicializando el manejador de protocolo ["http-nio-8082"]

05-Jul-2026 00:14:28.289 INFO [main] org.apache.catalina.startup.Catalina.load Server initialization in [1030] milliseconds
05-Jul-2026 00:14:28.362 INFO [main] org.apache.catalina.core.StandardService.startInternal Arrancando servicio [Catalina]
05-Jul-2026 00:14:28.362 INFO [main] org.apache.catalina.core.StandardEngine.startInternal Starting Servlet engine: [Apache Tomcat/9.0.119]
05-Jul-2026 00:14:28.379 INFO [main] org.apache.catalina.startup.HostConfig.deployDescriptor Desplieque del descriptor de configuración [C:\Users\Josue\OneDrive\Documentos\GitHub\5to-2.0\Requisitos\Parcial3\Deberes\Deber4\apache-tomcat-9.0.119\conf\Catalina\localhost\HotelWebApp.xml]
05-Jul-2026 00:14:28.405 WARNING [main] org.apache.catalina.startup.HostConfig.deployDescriptor The path attribute with value [/HotelWebApp] in deployment descriptor [C:\Users\Josue\OneDrive\Documentos\GitHub\5to-2.0\Requisitos\Parcial3\Deberes\Deber4\apache-tomcat-9.0.119\conf\Catalina\localhost\HotelWebApp.xml] has been ignored
05-Jul-2026 00:14:28.414 WARNING [main] org.apache.catalina.startup.HostConfig.deployDescriptor Deployment of deployment descriptor [C:\Users\Josue\OneDrive\Documentos\GitHub\5to-2.0\Requisitos\Parcial3\Deberes\Deber4\apache-tomcat-9.0.119\conf\Catalina\localhost\HotelWebApp.xml] with an external docBase means the WAR [C:\Users\Josue\OneDrive\Documentos\GitHub\5to-2.0\Requisitos\Parcial3\Deberes\Deber4\apache-tomcat-9.0.119\webapps\HotelWebApp.war] in the appBase will be ignored
05-Jul-2026 00:14:29.356 INFO [main] org.apache.catalina.startup.HostConfig.deployDescriptor Deployment of deployment descriptor [C:\Users\Josue\OneDrive\Documentos\GitHub\5to-2.0\Requisitos\Parcial3\Deberes\Deber4\apache-tomcat-9.0.119\conf\Catalina\localhost\HotelWebApp.xml] has finished in [965] ms
05-Jul-2026 00:14:29.357 INFO [main] org.apache.catalina.startup.HostConfig.deployDirectory Desplegando el directorio [C:\Users\Josue\OneDrive\Documentos\GitHub\5to-2.0\Requisitos\Parcial3\Deberes\Deber4\apache-tomcat-9.0.119\webapps\docs] de la aplicación web
05-Jul-2026 00:14:29.460 INFO [main] org.apache.catalina.startup.HostConfig.deployDirectory Deployment of web application directory [C:\Users\Josue\OneDrive\Documentos\GitHub\5to-2.0\Requisitos\Parcial3\Deberes\Deber4\apache-tomcat-9.0.119\webapps\docs] has finished in [102] ms
05-Jul-2026 00:14:29.460 INFO [main] org.apache.catalina.startup.HostConfig.deployDirectory Desplegando el directorio [C:\Users\Josue\OneDrive\Documentos\GitHub\5to-2.0\Requisitos\Parcial3\Deberes\Deber4\apache-tomcat-9.0.119\webapps\examples] de la aplicación web
05-Jul-2026 00:14:31.253 INFO [main] org.apache.catalina.startup.HostConfig.deployDirectory Deployment of web application directory [C:\Users\Josue\OneDrive\Documentos\GitHub\5to-2.0\Requisitos\Parcial3\Deberes\Deber4\apache-tomcat-9.0.119\webapps\examples] has finished in [1.793] ms
05-Jul-2026 00:14:31.254 INFO [main] org.apache.catalina.startup.HostConfig.deployDirectory Desplegando el directorio [C:\Users\Josue\OneDrive\Documentos\GitHub\5to-2.0\Requisitos\Parcial3\Deberes\Deber4\apache-tomcat-9.0.119\webapps\host-manager] de la aplicación web
05-Jul-2026 00:14:31.381 INFO [main] org.apache.catalina.startup.HostConfig.deployDirectory Deployment of web application directory [C:\Users\Josue\OneDrive\Documentos\GitHub\5to-2.0\Requisitos\Parcial3\Deberes\Deber4\apache-tomcat-9.0.119\webapps\host-manager] has finished in [126] ms
05-Jul-2026 00:14:31.382 INFO [main] org.apache.catalina.startup.HostConfig.deployDirectory Desplegando el directorio [C:\Users\Josue\OneDrive\Documentos\GitHub\5to-2.0\Requisitos\Parcial3\Deberes\Deber4\apache-tomcat-9.0.119\webapps\manager] de la aplicación web
05-Jul-2026 00:14:31.494 INFO [main] org.apache.catalina.startup.HostConfig.deployDirectory Deployment of web application directory [C:\Users\Josue\OneDrive\Documentos\GitHub\5to-2.0\Requisitos\Parcial3\Deberes\Deber4\apache-tomcat-9.0.119\webapps\manager] has finished in [112] ms
05-Jul-2026 00:14:31.494 INFO [main] org.apache.catalina.startup.HostConfig.deployDirectory Desplegando el directorio [C:\Users\Josue\OneDrive\Documentos\GitHub\5to-2.0\Requisitos\Parcial3\Deberes\Deber4\apache-tomcat-9.0.119\webapps\ROOT] de la aplicación web
05-Jul-2026 00:14:31.578 INFO [main] org.apache.catalina.startup.HostConfig.deployDirectory Deployment of web application directory [C:\Users\Josue\OneDrive\Documentos\GitHub\5to-2.0\Requisitos\Parcial3\Deberes\Deber4\apache-tomcat-9.0.119\webapps\ROOT] has finished in [84] ms
05-Jul-2026 00:14:31.586 INFO [main] org.apache.coyote.AbstractProtocol.start Starting ProtocolHandler ["http-nio-8082"]
05-Jul-2026 00:14:31.628 INFO [main] org.apache.catalina.startup.Catalina.start Server startup in [3336] milliseconds
05-Jul-2026 00:17:59.483 INFO [main] org.apache.catalina.startup.VersionLoggerListener.log Nombre de la versión del servidor: Apache Tomcat/9.0.119
05-Jul-2026 00:17:59.490 INFO [main] org.apache.catalina.startup.VersionLoggerListener.log Server built:                      Jun 18 2026 07:06:31 UTC
05-Jul-2026 00:17:59.491 INFO [main] org.apache.catalina.startup.VersionLoggerListener.log Número de versión de servidor:     9.0.119.0
05-Jul-2026 00:17:59.491 INFO [main] org.apache.catalina.startup.VersionLoggerListener.log OS Name:                           Windows 11
05-Jul-2026 00:17:59.491 INFO [main] org.apache.catalina.startup.VersionLoggerListener.log Versión de Systema Operativo:      10.0
05-Jul-2026 00:17:59.491 INFO [main] org.apache.catalina.startup.VersionLoggerListener.log Arquitectura:                      amd64
05-Jul-2026 00:17:59.491 INFO [main] org.apache.catalina.startup.VersionLoggerListener.log Java Home:                         C:\Program Files\Java\jdk-21
05-Jul-2026 00:17:59.492 INFO [main] org.apache.catalina.startup.VersionLoggerListener.log JVM Version:                       21.0.9+7-LTS-338
05-Jul-2026 00:17:59.492 INFO [main] org.apache.catalina.startup.VersionLoggerListener.log Vededor JVM:                       Oracle Corporation
05-Jul-2026 00:17:59.492 INFO [main] org.apache.catalina.startup.VersionLoggerListener.log CATALINA_BASE:                     C:\Users\Josue\OneDrive\Documentos\GitHub\5to-2.0\Requisitos\Parcial3\Deberes\Deber4\apache-tomcat-9.0.119
05-Jul-2026 00:17:59.492 INFO [main] org.apache.catalina.startup.VersionLoggerListener.log CATALINA_HOME:                     C:\Users\Josue\OneDrive\Documentos\GitHub\5to-2.0\Requisitos\Parcial3\Deberes\Deber4\apache-tomcat-9.0.119
05-Jul-2026 00:17:59.505 INFO [main] org.apache.catalina.startup.VersionLoggerListener.log Command line argument:             --add-opens=java.base/java.lang=ALL-UNNAMED
05-Jul-2026 00:17:59.505 INFO [main] org.apache.catalina.startup.VersionLoggerListener.log Command line argument:             --add-opens=java.base/java.lang.invoke=ALL-UNNAMED
05-Jul-2026 00:17:59.505 INFO [main] org.apache.catalina.startup.VersionLoggerListener.log Command line argument:             --add-opens=java.base/java.lang.reflect=ALL-UNNAMED
05-Jul-2026 00:17:59.506 INFO [main] org.apache.catalina.startup.VersionLoggerListener.log Command line argument:             --add-opens=java.base/java.io=ALL-UNNAMED
05-Jul-2026 00:17:59.506 INFO [main] org.apache.catalina.startup.VersionLoggerListener.log Command line argument:             --add-opens=java.base/java.util=ALL-UNNAMED
05-Jul-2026 00:17:59.506 INFO [main] org.apache.catalina.startup.VersionLoggerListener.log Command line argument:             --add-opens=java.base/java.util.concurrent=ALL-UNNAMED
05-Jul-2026 00:17:59.506 INFO [main] org.apache.catalina.startup.VersionLoggerListener.log Command line argument:             --add-opens=java.rmi/sun.rmi.transport=ALL-UNNAMED
05-Jul-2026 00:17:59.506 INFO [main] org.apache.catalina.startup.VersionLoggerListener.log Command line argument:             -Djava.util.logging.config.file=C:\Users\Josue\OneDrive\Documentos\GitHub\5to-2.0\Requisitos\Parcial3\Deberes\Deber4\apache-tomcat-9.0.119\conf\logging.properties
05-Jul-2026 00:17:59.506 INFO [main] org.apache.catalina.startup.VersionLoggerListener.log Command line argument:             -Djava.util.logging.manager=org.apache.juli.ClassLoaderLogManager
05-Jul-2026 00:17:59.507 INFO [main] org.apache.catalina.startup.VersionLoggerListener.log Command line argument:             -Djdk.tls.ephemeralDHKeySize=2048
05-Jul-2026 00:17:59.507 INFO [main] org.apache.catalina.startup.VersionLoggerListener.log Command line argument:             -Djava.protocol.handler.pkgs=org.apache.catalina.webresources
05-Jul-2026 00:17:59.507 INFO [main] org.apache.catalina.startup.VersionLoggerListener.log Command line argument:             -Dsun.io.useCanonCaches=false
05-Jul-2026 00:17:59.507 INFO [main] org.apache.catalina.startup.VersionLoggerListener.log Command line argument:             -Dignore.endorsed.dirs=
05-Jul-2026 00:17:59.507 INFO [main] org.apache.catalina.startup.VersionLoggerListener.log Command line argument:             -Dcatalina.base=C:\Users\Josue\OneDrive\Documentos\GitHub\5to-2.0\Requisitos\Parcial3\Deberes\Deber4\apache-tomcat-9.0.119
05-Jul-2026 00:17:59.507 INFO [main] org.apache.catalina.startup.VersionLoggerListener.log Command line argument:             -Dcatalina.home=C:\Users\Josue\OneDrive\Documentos\GitHub\5to-2.0\Requisitos\Parcial3\Deberes\Deber4\apache-tomcat-9.0.119
05-Jul-2026 00:17:59.508 INFO [main] org.apache.catalina.startup.VersionLoggerListener.log Command line argument:             -Djava.io.tmpdir=C:\Users\Josue\OneDrive\Documentos\GitHub\5to-2.0\Requisitos\Parcial3\Deberes\Deber4\apache-tomcat-9.0.119\temp
05-Jul-2026 00:17:59.517 INFO [main] org.apache.catalina.core.AprLifecycleListener.lifecycleEvent Cargada la biblioteca nativa APR de Apache Tomcat [1.3.8] con la versión APR [1.7.6].
05-Jul-2026 00:17:59.517 INFO [main] org.apache.catalina.core.AprLifecycleListener.lifecycleEvent Capacidades APR: IPv6 [true], enviar fichero [true], aceptar filtros [false], aleatorio [true], UDS [true].
05-Jul-2026 00:17:59.518 INFO [main] org.apache.catalina.core.AprLifecycleListener.lifecycleEvent APR/OpenSSL configuration: useAprConnector [false], useOpenSSL [true]
05-Jul-2026 00:17:59.527 INFO [main] org.apache.catalina.core.AprLifecycleListener.initializeSSL OpenSSL inicializado correctamente [OpenSSL 3.0.21 9 Jun 2026]
05-Jul-2026 00:17:59.965 INFO [main] org.apache.coyote.AbstractProtocol.init Inicializando el manejador de protocolo ["http-nio-8082"]

05-Jul-2026 00:18:00.004 INFO [main] org.apache.catalina.startup.Catalina.load Server initialization in [818] milliseconds
05-Jul-2026 00:18:00.077 INFO [main] org.apache.catalina.core.StandardService.startInternal Arrancando servicio [Catalina]
05-Jul-2026 00:18:00.078 INFO [main] org.apache.catalina.core.StandardEngine.startInternal Starting Servlet engine: [Apache Tomcat/9.0.119]
05-Jul-2026 00:18:00.098 INFO [main] org.apache.catalina.startup.HostConfig.deployDescriptor Desplieque del descriptor de configuración [C:\Users\Josue\OneDrive\Documentos\GitHub\5to-2.0\Requisitos\Parcial3\Deberes\Deber4\apache-tomcat-9.0.119\conf\Catalina\localhost\HotelWebApp.xml]
05-Jul-2026 00:18:00.123 WARNING [main] org.apache.catalina.startup.HostConfig.deployDescriptor The path attribute with value [/HotelWebApp] in deployment descriptor [C:\Users\Josue\OneDrive\Documentos\GitHub\5to-2.0\Requisitos\Parcial3\Deberes\Deber4\apache-tomcat-9.0.119\conf\Catalina\localhost\HotelWebApp.xml] has been ignored
05-Jul-2026 00:18:00.131 WARNING [main] org.apache.catalina.startup.HostConfig.deployDescriptor Deployment of deployment descriptor [C:\Users\Josue\OneDrive\Documentos\GitHub\5to-2.0\Requisitos\Parcial3\Deberes\Deber4\apache-tomcat-9.0.119\conf\Catalina\localhost\HotelWebApp.xml] with an external docBase means the WAR [C:\Users\Josue\OneDrive\Documentos\GitHub\5to-2.0\Requisitos\Parcial3\Deberes\Deber4\apache-tomcat-9.0.119\webapps\HotelWebApp.war] in the appBase will be ignored
05-Jul-2026 00:18:01.056 INFO [main] org.apache.catalina.startup.HostConfig.deployDescriptor Deployment of deployment descriptor [C:\Users\Josue\OneDrive\Documentos\GitHub\5to-2.0\Requisitos\Parcial3\Deberes\Deber4\apache-tomcat-9.0.119\conf\Catalina\localhost\HotelWebApp.xml] has finished in [954] ms
05-Jul-2026 00:18:01.058 INFO [main] org.apache.catalina.startup.HostConfig.deployDirectory Desplegando el directorio [C:\Users\Josue\OneDrive\Documentos\GitHub\5to-2.0\Requisitos\Parcial3\Deberes\Deber4\apache-tomcat-9.0.119\webapps\docs] de la aplicación web
05-Jul-2026 00:18:01.149 INFO [main] org.apache.catalina.startup.HostConfig.deployDirectory Deployment of web application directory [C:\Users\Josue\OneDrive\Documentos\GitHub\5to-2.0\Requisitos\Parcial3\Deberes\Deber4\apache-tomcat-9.0.119\webapps\docs] has finished in [92] ms
05-Jul-2026 00:18:01.150 INFO [main] org.apache.catalina.startup.HostConfig.deployDirectory Desplegando el directorio [C:\Users\Josue\OneDrive\Documentos\GitHub\5to-2.0\Requisitos\Parcial3\Deberes\Deber4\apache-tomcat-9.0.119\webapps\examples] de la aplicación web
05-Jul-2026 00:18:02.149 INFO [main] org.apache.catalina.startup.HostConfig.deployDirectory Deployment of web application directory [C:\Users\Josue\OneDrive\Documentos\GitHub\5to-2.0\Requisitos\Parcial3\Deberes\Deber4\apache-tomcat-9.0.119\webapps\examples] has finished in [999] ms
05-Jul-2026 00:18:02.150 INFO [main] org.apache.catalina.startup.HostConfig.deployDirectory Desplegando el directorio [C:\Users\Josue\OneDrive\Documentos\GitHub\5to-2.0\Requisitos\Parcial3\Deberes\Deber4\apache-tomcat-9.0.119\webapps\host-manager] de la aplicación web
05-Jul-2026 00:18:02.256 INFO [main] org.apache.catalina.startup.HostConfig.deployDirectory Deployment of web application directory [C:\Users\Josue\OneDrive\Documentos\GitHub\5to-2.0\Requisitos\Parcial3\Deberes\Deber4\apache-tomcat-9.0.119\webapps\host-manager] has finished in [106] ms
05-Jul-2026 00:18:02.257 INFO [main] org.apache.catalina.startup.HostConfig.deployDirectory Desplegando el directorio [C:\Users\Josue\OneDrive\Documentos\GitHub\5to-2.0\Requisitos\Parcial3\Deberes\Deber4\apache-tomcat-9.0.119\webapps\manager] de la aplicación web
05-Jul-2026 00:18:02.360 INFO [main] org.apache.catalina.startup.HostConfig.deployDirectory Deployment of web application directory [C:\Users\Josue\OneDrive\Documentos\GitHub\5to-2.0\Requisitos\Parcial3\Deberes\Deber4\apache-tomcat-9.0.119\webapps\manager] has finished in [103] ms
05-Jul-2026 00:18:02.360 INFO [main] org.apache.catalina.startup.HostConfig.deployDirectory Desplegando el directorio [C:\Users\Josue\OneDrive\Documentos\GitHub\5to-2.0\Requisitos\Parcial3\Deberes\Deber4\apache-tomcat-9.0.119\webapps\ROOT] de la aplicación web
05-Jul-2026 00:18:02.430 INFO [main] org.apache.catalina.startup.HostConfig.deployDirectory Deployment of web application directory [C:\Users\Josue\OneDrive\Documentos\GitHub\5to-2.0\Requisitos\Parcial3\Deberes\Deber4\apache-tomcat-9.0.119\webapps\ROOT] has finished in [70] ms
05-Jul-2026 00:18:02.437 INFO [main] org.apache.coyote.AbstractProtocol.start Starting ProtocolHandler ["http-nio-8082"]
05-Jul-2026 00:18:02.477 INFO [main] org.apache.catalina.startup.Catalina.start Server startup in [2470] milliseconds
05-Jul-2026 00:26:34.416 INFO [main] org.apache.catalina.startup.VersionLoggerListener.log Nombre de la versión del servidor: Apache Tomcat/9.0.119
05-Jul-2026 00:26:34.423 INFO [main] org.apache.catalina.startup.VersionLoggerListener.log Server built:                      Jun 18 2026 07:06:31 UTC
05-Jul-2026 00:26:34.423 INFO [main] org.apache.catalina.startup.VersionLoggerListener.log Número de versión de servidor:     9.0.119.0
05-Jul-2026 00:26:34.424 INFO [main] org.apache.catalina.startup.VersionLoggerListener.log OS Name:                           Windows 11
05-Jul-2026 00:26:34.424 INFO [main] org.apache.catalina.startup.VersionLoggerListener.log Versión de Systema Operativo:      10.0
05-Jul-2026 00:26:34.424 INFO [main] org.apache.catalina.startup.VersionLoggerListener.log Arquitectura:                      amd64
05-Jul-2026 00:26:34.424 INFO [main] org.apache.catalina.startup.VersionLoggerListener.log Java Home:                         C:\Program Files\Java\jdk-21
05-Jul-2026 00:26:34.425 INFO [main] org.apache.catalina.startup.VersionLoggerListener.log JVM Version:                       21.0.9+7-LTS-338
05-Jul-2026 00:26:34.425 INFO [main] org.apache.catalina.startup.VersionLoggerListener.log Vededor JVM:                       Oracle Corporation
05-Jul-2026 00:26:34.425 INFO [main] org.apache.catalina.startup.VersionLoggerListener.log CATALINA_BASE:                     C:\Users\Josue\OneDrive\Documentos\GitHub\5to-2.0\Requisitos\Parcial3\Deberes\Deber4\apache-tomcat-9.0.119
05-Jul-2026 00:26:34.426 INFO [main] org.apache.catalina.startup.VersionLoggerListener.log CATALINA_HOME:                     C:\Users\Josue\OneDrive\Documentos\GitHub\5to-2.0\Requisitos\Parcial3\Deberes\Deber4\apache-tomcat-9.0.119
05-Jul-2026 00:26:34.438 INFO [main] org.apache.catalina.startup.VersionLoggerListener.log Command line argument:             --add-opens=java.base/java.lang=ALL-UNNAMED
05-Jul-2026 00:26:34.438 INFO [main] org.apache.catalina.startup.VersionLoggerListener.log Command line argument:             --add-opens=java.base/java.lang.invoke=ALL-UNNAMED
05-Jul-2026 00:26:34.439 INFO [main] org.apache.catalina.startup.VersionLoggerListener.log Command line argument:             --add-opens=java.base/java.lang.reflect=ALL-UNNAMED
05-Jul-2026 00:26:34.439 INFO [main] org.apache.catalina.startup.VersionLoggerListener.log Command line argument:             --add-opens=java.base/java.io=ALL-UNNAMED
05-Jul-2026 00:26:34.439 INFO [main] org.apache.catalina.startup.VersionLoggerListener.log Command line argument:             --add-opens=java.base/java.util=ALL-UNNAMED
05-Jul-2026 00:26:34.439 INFO [main] org.apache.catalina.startup.VersionLoggerListener.log Command line argument:             --add-opens=java.base/java.util.concurrent=ALL-UNNAMED
05-Jul-2026 00:26:34.439 INFO [main] org.apache.catalina.startup.VersionLoggerListener.log Command line argument:             --add-opens=java.rmi/sun.rmi.transport=ALL-UNNAMED
05-Jul-2026 00:26:34.439 INFO [main] org.apache.catalina.startup.VersionLoggerListener.log Command line argument:             -Djava.util.logging.config.file=C:\Users\Josue\OneDrive\Documentos\GitHub\5to-2.0\Requisitos\Parcial3\Deberes\Deber4\apache-tomcat-9.0.119\conf\logging.properties
05-Jul-2026 00:26:34.440 INFO [main] org.apache.catalina.startup.VersionLoggerListener.log Command line argument:             -Djava.util.logging.manager=org.apache.juli.ClassLoaderLogManager
05-Jul-2026 00:26:34.440 INFO [main] org.apache.catalina.startup.VersionLoggerListener.log Command line argument:             -Djdk.tls.ephemeralDHKeySize=2048
05-Jul-2026 00:26:34.440 INFO [main] org.apache.catalina.startup.VersionLoggerListener.log Command line argument:             -Djava.protocol.handler.pkgs=org.apache.catalina.webresources
05-Jul-2026 00:26:34.440 INFO [main] org.apache.catalina.startup.VersionLoggerListener.log Command line argument:             -Dsun.io.useCanonCaches=false
05-Jul-2026 00:26:34.440 INFO [main] org.apache.catalina.startup.VersionLoggerListener.log Command line argument:             -Dignore.endorsed.dirs=
05-Jul-2026 00:26:34.440 INFO [main] org.apache.catalina.startup.VersionLoggerListener.log Command line argument:             -Dcatalina.base=C:\Users\Josue\OneDrive\Documentos\GitHub\5to-2.0\Requisitos\Parcial3\Deberes\Deber4\apache-tomcat-9.0.119
05-Jul-2026 00:26:34.441 INFO [main] org.apache.catalina.startup.VersionLoggerListener.log Command line argument:             -Dcatalina.home=C:\Users\Josue\OneDrive\Documentos\GitHub\5to-2.0\Requisitos\Parcial3\Deberes\Deber4\apache-tomcat-9.0.119
05-Jul-2026 00:26:34.441 INFO [main] org.apache.catalina.startup.VersionLoggerListener.log Command line argument:             -Djava.io.tmpdir=C:\Users\Josue\OneDrive\Documentos\GitHub\5to-2.0\Requisitos\Parcial3\Deberes\Deber4\apache-tomcat-9.0.119\temp
05-Jul-2026 00:26:34.449 INFO [main] org.apache.catalina.core.AprLifecycleListener.lifecycleEvent Cargada la biblioteca nativa APR de Apache Tomcat [1.3.8] con la versión APR [1.7.6].
05-Jul-2026 00:26:34.450 INFO [main] org.apache.catalina.core.AprLifecycleListener.lifecycleEvent Capacidades APR: IPv6 [true], enviar fichero [true], aceptar filtros [false], aleatorio [true], UDS [true].
05-Jul-2026 00:26:34.450 INFO [main] org.apache.catalina.core.AprLifecycleListener.lifecycleEvent APR/OpenSSL configuration: useAprConnector [false], useOpenSSL [true]
05-Jul-2026 00:26:34.459 INFO [main] org.apache.catalina.core.AprLifecycleListener.initializeSSL OpenSSL inicializado correctamente [OpenSSL 3.0.21 9 Jun 2026]
05-Jul-2026 00:26:34.901 INFO [main] org.apache.coyote.AbstractProtocol.init Inicializando el manejador de protocolo ["http-nio-8082"]

05-Jul-2026 00:26:34.941 INFO [main] org.apache.catalina.startup.Catalina.load Server initialization in [816] milliseconds
05-Jul-2026 00:26:35.013 INFO [main] org.apache.catalina.core.StandardService.startInternal Arrancando servicio [Catalina]
05-Jul-2026 00:26:35.013 INFO [main] org.apache.catalina.core.StandardEngine.startInternal Starting Servlet engine: [Apache Tomcat/9.0.119]
05-Jul-2026 00:26:35.029 INFO [main] org.apache.catalina.startup.HostConfig.deployDescriptor Desplieque del descriptor de configuración [C:\Users\Josue\OneDrive\Documentos\GitHub\5to-2.0\Requisitos\Parcial3\Deberes\Deber4\apache-tomcat-9.0.119\conf\Catalina\localhost\HotelWebApp.xml]
05-Jul-2026 00:26:35.049 WARNING [main] org.apache.catalina.startup.HostConfig.deployDescriptor The path attribute with value [/HotelWebApp] in deployment descriptor [C:\Users\Josue\OneDrive\Documentos\GitHub\5to-2.0\Requisitos\Parcial3\Deberes\Deber4\apache-tomcat-9.0.119\conf\Catalina\localhost\HotelWebApp.xml] has been ignored
05-Jul-2026 00:26:35.059 WARNING [main] org.apache.catalina.startup.HostConfig.deployDescriptor Deployment of deployment descriptor [C:\Users\Josue\OneDrive\Documentos\GitHub\5to-2.0\Requisitos\Parcial3\Deberes\Deber4\apache-tomcat-9.0.119\conf\Catalina\localhost\HotelWebApp.xml] with an external docBase means the WAR [C:\Users\Josue\OneDrive\Documentos\GitHub\5to-2.0\Requisitos\Parcial3\Deberes\Deber4\apache-tomcat-9.0.119\webapps\HotelWebApp.war] in the appBase will be ignored
05-Jul-2026 00:26:35.967 INFO [main] org.apache.catalina.startup.HostConfig.deployDescriptor Deployment of deployment descriptor [C:\Users\Josue\OneDrive\Documentos\GitHub\5to-2.0\Requisitos\Parcial3\Deberes\Deber4\apache-tomcat-9.0.119\conf\Catalina\localhost\HotelWebApp.xml] has finished in [935] ms
05-Jul-2026 00:26:35.969 INFO [main] org.apache.catalina.startup.HostConfig.deployDirectory Desplegando el directorio [C:\Users\Josue\OneDrive\Documentos\GitHub\5to-2.0\Requisitos\Parcial3\Deberes\Deber4\apache-tomcat-9.0.119\webapps\docs] de la aplicación web
05-Jul-2026 00:26:36.060 INFO [main] org.apache.catalina.startup.HostConfig.deployDirectory Deployment of web application directory [C:\Users\Josue\OneDrive\Documentos\GitHub\5to-2.0\Requisitos\Parcial3\Deberes\Deber4\apache-tomcat-9.0.119\webapps\docs] has finished in [92] ms
05-Jul-2026 00:26:36.060 INFO [main] org.apache.catalina.startup.HostConfig.deployDirectory Desplegando el directorio [C:\Users\Josue\OneDrive\Documentos\GitHub\5to-2.0\Requisitos\Parcial3\Deberes\Deber4\apache-tomcat-9.0.119\webapps\examples] de la aplicación web
05-Jul-2026 00:26:37.085 INFO [main] org.apache.catalina.startup.HostConfig.deployDirectory Deployment of web application directory [C:\Users\Josue\OneDrive\Documentos\GitHub\5to-2.0\Requisitos\Parcial3\Deberes\Deber4\apache-tomcat-9.0.119\webapps\examples] has finished in [1.024] ms
05-Jul-2026 00:26:37.085 INFO [main] org.apache.catalina.startup.HostConfig.deployDirectory Desplegando el directorio [C:\Users\Josue\OneDrive\Documentos\GitHub\5to-2.0\Requisitos\Parcial3\Deberes\Deber4\apache-tomcat-9.0.119\webapps\host-manager] de la aplicación web
05-Jul-2026 00:26:37.190 INFO [main] org.apache.catalina.startup.HostConfig.deployDirectory Deployment of web application directory [C:\Users\Josue\OneDrive\Documentos\GitHub\5to-2.0\Requisitos\Parcial3\Deberes\Deber4\apache-tomcat-9.0.119\webapps\host-manager] has finished in [105] ms
05-Jul-2026 00:26:37.191 INFO [main] org.apache.catalina.startup.HostConfig.deployDirectory Desplegando el directorio [C:\Users\Josue\OneDrive\Documentos\GitHub\5to-2.0\Requisitos\Parcial3\Deberes\Deber4\apache-tomcat-9.0.119\webapps\manager] de la aplicación web
05-Jul-2026 00:26:37.290 INFO [main] org.apache.catalina.startup.HostConfig.deployDirectory Deployment of web application directory [C:\Users\Josue\OneDrive\Documentos\GitHub\5to-2.0\Requisitos\Parcial3\Deberes\Deber4\apache-tomcat-9.0.119\webapps\manager] has finished in [100] ms
05-Jul-2026 00:26:37.291 INFO [main] org.apache.catalina.startup.HostConfig.deployDirectory Desplegando el directorio [C:\Users\Josue\OneDrive\Documentos\GitHub\5to-2.0\Requisitos\Parcial3\Deberes\Deber4\apache-tomcat-9.0.119\webapps\ROOT] de la aplicación web
05-Jul-2026 00:26:37.369 INFO [main] org.apache.catalina.startup.HostConfig.deployDirectory Deployment of web application directory [C:\Users\Josue\OneDrive\Documentos\GitHub\5to-2.0\Requisitos\Parcial3\Deberes\Deber4\apache-tomcat-9.0.119\webapps\ROOT] has finished in [77] ms
05-Jul-2026 00:26:37.376 INFO [main] org.apache.coyote.AbstractProtocol.start Starting ProtocolHandler ["http-nio-8082"]
05-Jul-2026 00:26:37.414 INFO [main] org.apache.catalina.startup.Catalina.start Server startup in [2471] milliseconds
05-Jul-2026 00:33:07.902 INFO [main] org.apache.catalina.startup.VersionLoggerListener.log Nombre de la versión del servidor: Apache Tomcat/9.0.119
05-Jul-2026 00:33:07.908 INFO [main] org.apache.catalina.startup.VersionLoggerListener.log Server built:                      Jun 18 2026 07:06:31 UTC
05-Jul-2026 00:33:07.908 INFO [main] org.apache.catalina.startup.VersionLoggerListener.log Número de versión de servidor:     9.0.119.0
05-Jul-2026 00:33:07.909 INFO [main] org.apache.catalina.startup.VersionLoggerListener.log OS Name:                           Windows 11
05-Jul-2026 00:33:07.909 INFO [main] org.apache.catalina.startup.VersionLoggerListener.log Versión de Systema Operativo:      10.0
05-Jul-2026 00:33:07.909 INFO [main] org.apache.catalina.startup.VersionLoggerListener.log Arquitectura:                      amd64
05-Jul-2026 00:33:07.909 INFO [main] org.apache.catalina.startup.VersionLoggerListener.log Java Home:                         C:\Program Files\Java\jdk-21
05-Jul-2026 00:33:07.910 INFO [main] org.apache.catalina.startup.VersionLoggerListener.log JVM Version:                       21.0.9+7-LTS-338
05-Jul-2026 00:33:07.910 INFO [main] org.apache.catalina.startup.VersionLoggerListener.log Vededor JVM:                       Oracle Corporation
05-Jul-2026 00:33:07.911 INFO [main] org.apache.catalina.startup.VersionLoggerListener.log CATALINA_BASE:                     C:\Users\Josue\OneDrive\Documentos\GitHub\5to-2.0\Requisitos\Parcial3\Deberes\Deber4\apache-tomcat-9.0.119
05-Jul-2026 00:33:07.911 INFO [main] org.apache.catalina.startup.VersionLoggerListener.log CATALINA_HOME:                     C:\Users\Josue\OneDrive\Documentos\GitHub\5to-2.0\Requisitos\Parcial3\Deberes\Deber4\apache-tomcat-9.0.119
05-Jul-2026 00:33:07.924 INFO [main] org.apache.catalina.startup.VersionLoggerListener.log Command line argument:             --add-opens=java.base/java.lang=ALL-UNNAMED
05-Jul-2026 00:33:07.925 INFO [main] org.apache.catalina.startup.VersionLoggerListener.log Command line argument:             --add-opens=java.base/java.lang.invoke=ALL-UNNAMED
05-Jul-2026 00:33:07.925 INFO [main] org.apache.catalina.startup.VersionLoggerListener.log Command line argument:             --add-opens=java.base/java.lang.reflect=ALL-UNNAMED
05-Jul-2026 00:33:07.925 INFO [main] org.apache.catalina.startup.VersionLoggerListener.log Command line argument:             --add-opens=java.base/java.io=ALL-UNNAMED
05-Jul-2026 00:33:07.925 INFO [main] org.apache.catalina.startup.VersionLoggerListener.log Command line argument:             --add-opens=java.base/java.util=ALL-UNNAMED
05-Jul-2026 00:33:07.926 INFO [main] org.apache.catalina.startup.VersionLoggerListener.log Command line argument:             --add-opens=java.base/java.util.concurrent=ALL-UNNAMED
05-Jul-2026 00:33:07.926 INFO [main] org.apache.catalina.startup.VersionLoggerListener.log Command line argument:             --add-opens=java.rmi/sun.rmi.transport=ALL-UNNAMED
05-Jul-2026 00:33:07.926 INFO [main] org.apache.catalina.startup.VersionLoggerListener.log Command line argument:             -Djava.util.logging.config.file=C:\Users\Josue\OneDrive\Documentos\GitHub\5to-2.0\Requisitos\Parcial3\Deberes\Deber4\apache-tomcat-9.0.119\conf\logging.properties
05-Jul-2026 00:33:07.926 INFO [main] org.apache.catalina.startup.VersionLoggerListener.log Command line argument:             -Djava.util.logging.manager=org.apache.juli.ClassLoaderLogManager
05-Jul-2026 00:33:07.927 INFO [main] org.apache.catalina.startup.VersionLoggerListener.log Command line argument:             -Djdk.tls.ephemeralDHKeySize=2048
05-Jul-2026 00:33:07.927 INFO [main] org.apache.catalina.startup.VersionLoggerListener.log Command line argument:             -Djava.protocol.handler.pkgs=org.apache.catalina.webresources
05-Jul-2026 00:33:07.927 INFO [main] org.apache.catalina.startup.VersionLoggerListener.log Command line argument:             -Dsun.io.useCanonCaches=false
05-Jul-2026 00:33:07.927 INFO [main] org.apache.catalina.startup.VersionLoggerListener.log Command line argument:             -Dignore.endorsed.dirs=
05-Jul-2026 00:33:07.928 INFO [main] org.apache.catalina.startup.VersionLoggerListener.log Command line argument:             -Dcatalina.base=C:\Users\Josue\OneDrive\Documentos\GitHub\5to-2.0\Requisitos\Parcial3\Deberes\Deber4\apache-tomcat-9.0.119
05-Jul-2026 00:33:07.928 INFO [main] org.apache.catalina.startup.VersionLoggerListener.log Command line argument:             -Dcatalina.home=C:\Users\Josue\OneDrive\Documentos\GitHub\5to-2.0\Requisitos\Parcial3\Deberes\Deber4\apache-tomcat-9.0.119
05-Jul-2026 00:33:07.928 INFO [main] org.apache.catalina.startup.VersionLoggerListener.log Command line argument:             -Djava.io.tmpdir=C:\Users\Josue\OneDrive\Documentos\GitHub\5to-2.0\Requisitos\Parcial3\Deberes\Deber4\apache-tomcat-9.0.119\temp
05-Jul-2026 00:33:07.938 INFO [main] org.apache.catalina.core.AprLifecycleListener.lifecycleEvent Cargada la biblioteca nativa APR de Apache Tomcat [1.3.8] con la versión APR [1.7.6].
05-Jul-2026 00:33:07.938 INFO [main] org.apache.catalina.core.AprLifecycleListener.lifecycleEvent Capacidades APR: IPv6 [true], enviar fichero [true], aceptar filtros [false], aleatorio [true], UDS [true].
05-Jul-2026 00:33:07.938 INFO [main] org.apache.catalina.core.AprLifecycleListener.lifecycleEvent APR/OpenSSL configuration: useAprConnector [false], useOpenSSL [true]
05-Jul-2026 00:33:07.947 INFO [main] org.apache.catalina.core.AprLifecycleListener.initializeSSL OpenSSL inicializado correctamente [OpenSSL 3.0.21 9 Jun 2026]
05-Jul-2026 00:33:08.393 INFO [main] org.apache.coyote.AbstractProtocol.init Inicializando el manejador de protocolo ["http-nio-8082"]

05-Jul-2026 00:33:08.435 INFO [main] org.apache.catalina.startup.Catalina.load Server initialization in [839] milliseconds
05-Jul-2026 00:33:08.511 INFO [main] org.apache.catalina.core.StandardService.startInternal Arrancando servicio [Catalina]
05-Jul-2026 00:33:08.511 INFO [main] org.apache.catalina.core.StandardEngine.startInternal Starting Servlet engine: [Apache Tomcat/9.0.119]
05-Jul-2026 00:33:08.529 INFO [main] org.apache.catalina.startup.HostConfig.deployDescriptor Desplieque del descriptor de configuración [C:\Users\Josue\OneDrive\Documentos\GitHub\5to-2.0\Requisitos\Parcial3\Deberes\Deber4\apache-tomcat-9.0.119\conf\Catalina\localhost\HotelWebApp.xml]
05-Jul-2026 00:33:08.553 WARNING [main] org.apache.catalina.startup.HostConfig.deployDescriptor The path attribute with value [/HotelWebApp] in deployment descriptor [C:\Users\Josue\OneDrive\Documentos\GitHub\5to-2.0\Requisitos\Parcial3\Deberes\Deber4\apache-tomcat-9.0.119\conf\Catalina\localhost\HotelWebApp.xml] has been ignored
05-Jul-2026 00:33:08.563 WARNING [main] org.apache.catalina.startup.HostConfig.deployDescriptor Deployment of deployment descriptor [C:\Users\Josue\OneDrive\Documentos\GitHub\5to-2.0\Requisitos\Parcial3\Deberes\Deber4\apache-tomcat-9.0.119\conf\Catalina\localhost\HotelWebApp.xml] with an external docBase means the WAR [C:\Users\Josue\OneDrive\Documentos\GitHub\5to-2.0\Requisitos\Parcial3\Deberes\Deber4\apache-tomcat-9.0.119\webapps\HotelWebApp.war] in the appBase will be ignored
05-Jul-2026 00:33:09.466 INFO [main] org.apache.catalina.startup.HostConfig.deployDescriptor Deployment of deployment descriptor [C:\Users\Josue\OneDrive\Documentos\GitHub\5to-2.0\Requisitos\Parcial3\Deberes\Deber4\apache-tomcat-9.0.119\conf\Catalina\localhost\HotelWebApp.xml] has finished in [935] ms
05-Jul-2026 00:33:09.468 INFO [main] org.apache.catalina.startup.HostConfig.deployDirectory Desplegando el directorio [C:\Users\Josue\OneDrive\Documentos\GitHub\5to-2.0\Requisitos\Parcial3\Deberes\Deber4\apache-tomcat-9.0.119\webapps\docs] de la aplicación web
05-Jul-2026 00:33:09.552 INFO [main] org.apache.catalina.startup.HostConfig.deployDirectory Deployment of web application directory [C:\Users\Josue\OneDrive\Documentos\GitHub\5to-2.0\Requisitos\Parcial3\Deberes\Deber4\apache-tomcat-9.0.119\webapps\docs] has finished in [84] ms
05-Jul-2026 00:33:09.553 INFO [main] org.apache.catalina.startup.HostConfig.deployDirectory Desplegando el directorio [C:\Users\Josue\OneDrive\Documentos\GitHub\5to-2.0\Requisitos\Parcial3\Deberes\Deber4\apache-tomcat-9.0.119\webapps\examples] de la aplicación web
05-Jul-2026 00:33:10.531 INFO [main] org.apache.catalina.startup.HostConfig.deployDirectory Deployment of web application directory [C:\Users\Josue\OneDrive\Documentos\GitHub\5to-2.0\Requisitos\Parcial3\Deberes\Deber4\apache-tomcat-9.0.119\webapps\examples] has finished in [978] ms
05-Jul-2026 00:33:10.532 INFO [main] org.apache.catalina.startup.HostConfig.deployDirectory Desplegando el directorio [C:\Users\Josue\OneDrive\Documentos\GitHub\5to-2.0\Requisitos\Parcial3\Deberes\Deber4\apache-tomcat-9.0.119\webapps\host-manager] de la aplicación web
05-Jul-2026 00:33:10.633 INFO [main] org.apache.catalina.startup.HostConfig.deployDirectory Deployment of web application directory [C:\Users\Josue\OneDrive\Documentos\GitHub\5to-2.0\Requisitos\Parcial3\Deberes\Deber4\apache-tomcat-9.0.119\webapps\host-manager] has finished in [101] ms
05-Jul-2026 00:33:10.634 INFO [main] org.apache.catalina.startup.HostConfig.deployDirectory Desplegando el directorio [C:\Users\Josue\OneDrive\Documentos\GitHub\5to-2.0\Requisitos\Parcial3\Deberes\Deber4\apache-tomcat-9.0.119\webapps\manager] de la aplicación web
05-Jul-2026 00:33:10.727 INFO [main] org.apache.catalina.startup.HostConfig.deployDirectory Deployment of web application directory [C:\Users\Josue\OneDrive\Documentos\GitHub\5to-2.0\Requisitos\Parcial3\Deberes\Deber4\apache-tomcat-9.0.119\webapps\manager] has finished in [92] ms
05-Jul-2026 00:33:10.727 INFO [main] org.apache.catalina.startup.HostConfig.deployDirectory Desplegando el directorio [C:\Users\Josue\OneDrive\Documentos\GitHub\5to-2.0\Requisitos\Parcial3\Deberes\Deber4\apache-tomcat-9.0.119\webapps\ROOT] de la aplicación web
05-Jul-2026 00:33:10.792 INFO [main] org.apache.catalina.startup.HostConfig.deployDirectory Deployment of web application directory [C:\Users\Josue\OneDrive\Documentos\GitHub\5to-2.0\Requisitos\Parcial3\Deberes\Deber4\apache-tomcat-9.0.119\webapps\ROOT] has finished in [65] ms
05-Jul-2026 00:33:10.803 INFO [main] org.apache.coyote.AbstractProtocol.start Starting ProtocolHandler ["http-nio-8082"]
05-Jul-2026 00:33:10.839 INFO [main] org.apache.catalina.startup.Catalina.start Server startup in [2401] milliseconds
05-Jul-2026 00:37:00.298 INFO [main] org.apache.catalina.startup.VersionLoggerListener.log Nombre de la versión del servidor: Apache Tomcat/9.0.119
05-Jul-2026 00:37:00.304 INFO [main] org.apache.catalina.startup.VersionLoggerListener.log Server built:                      Jun 18 2026 07:06:31 UTC
05-Jul-2026 00:37:00.305 INFO [main] org.apache.catalina.startup.VersionLoggerListener.log Número de versión de servidor:     9.0.119.0
05-Jul-2026 00:37:00.305 INFO [main] org.apache.catalina.startup.VersionLoggerListener.log OS Name:                           Windows 11
05-Jul-2026 00:37:00.305 INFO [main] org.apache.catalina.startup.VersionLoggerListener.log Versión de Systema Operativo:      10.0
05-Jul-2026 00:37:00.306 INFO [main] org.apache.catalina.startup.VersionLoggerListener.log Arquitectura:                      amd64
05-Jul-2026 00:37:00.306 INFO [main] org.apache.catalina.startup.VersionLoggerListener.log Java Home:                         C:\Program Files\Java\jdk-21
05-Jul-2026 00:37:00.307 INFO [main] org.apache.catalina.startup.VersionLoggerListener.log JVM Version:                       21.0.9+7-LTS-338
05-Jul-2026 00:37:00.307 INFO [main] org.apache.catalina.startup.VersionLoggerListener.log Vededor JVM:                       Oracle Corporation
05-Jul-2026 00:37:00.307 INFO [main] org.apache.catalina.startup.VersionLoggerListener.log CATALINA_BASE:                     C:\Users\Josue\OneDrive\Documentos\GitHub\5to-2.0\Requisitos\Parcial3\Deberes\Deber4\apache-tomcat-9.0.119
05-Jul-2026 00:37:00.308 INFO [main] org.apache.catalina.startup.VersionLoggerListener.log CATALINA_HOME:                     C:\Users\Josue\OneDrive\Documentos\GitHub\5to-2.0\Requisitos\Parcial3\Deberes\Deber4\apache-tomcat-9.0.119
05-Jul-2026 00:37:00.319 INFO [main] org.apache.catalina.startup.VersionLoggerListener.log Command line argument:             --add-opens=java.base/java.lang=ALL-UNNAMED
05-Jul-2026 00:37:00.319 INFO [main] org.apache.catalina.startup.VersionLoggerListener.log Command line argument:             --add-opens=java.base/java.lang.invoke=ALL-UNNAMED
05-Jul-2026 00:37:00.320 INFO [main] org.apache.catalina.startup.VersionLoggerListener.log Command line argument:             --add-opens=java.base/java.lang.reflect=ALL-UNNAMED
05-Jul-2026 00:37:00.320 INFO [main] org.apache.catalina.startup.VersionLoggerListener.log Command line argument:             --add-opens=java.base/java.io=ALL-UNNAMED
05-Jul-2026 00:37:00.320 INFO [main] org.apache.catalina.startup.VersionLoggerListener.log Command line argument:             --add-opens=java.base/java.util=ALL-UNNAMED
05-Jul-2026 00:37:00.321 INFO [main] org.apache.catalina.startup.VersionLoggerListener.log Command line argument:             --add-opens=java.base/java.util.concurrent=ALL-UNNAMED
05-Jul-2026 00:37:00.321 INFO [main] org.apache.catalina.startup.VersionLoggerListener.log Command line argument:             --add-opens=java.rmi/sun.rmi.transport=ALL-UNNAMED
05-Jul-2026 00:37:00.322 INFO [main] org.apache.catalina.startup.VersionLoggerListener.log Command line argument:             -Djava.util.logging.config.file=C:\Users\Josue\OneDrive\Documentos\GitHub\5to-2.0\Requisitos\Parcial3\Deberes\Deber4\apache-tomcat-9.0.119\conf\logging.properties
05-Jul-2026 00:37:00.322 INFO [main] org.apache.catalina.startup.VersionLoggerListener.log Command line argument:             -Djava.util.logging.manager=org.apache.juli.ClassLoaderLogManager
05-Jul-2026 00:37:00.322 INFO [main] org.apache.catalina.startup.VersionLoggerListener.log Command line argument:             -Djdk.tls.ephemeralDHKeySize=2048
05-Jul-2026 00:37:00.323 INFO [main] org.apache.catalina.startup.VersionLoggerListener.log Command line argument:             -Djava.protocol.handler.pkgs=org.apache.catalina.webresources
05-Jul-2026 00:37:00.323 INFO [main] org.apache.catalina.startup.VersionLoggerListener.log Command line argument:             -Dsun.io.useCanonCaches=false
05-Jul-2026 00:37:00.323 INFO [main] org.apache.catalina.startup.VersionLoggerListener.log Command line argument:             -Dignore.endorsed.dirs=
05-Jul-2026 00:37:00.324 INFO [main] org.apache.catalina.startup.VersionLoggerListener.log Command line argument:             -Dcatalina.base=C:\Users\Josue\OneDrive\Documentos\GitHub\5to-2.0\Requisitos\Parcial3\Deberes\Deber4\apache-tomcat-9.0.119
05-Jul-2026 00:37:00.324 INFO [main] org.apache.catalina.startup.VersionLoggerListener.log Command line argument:             -Dcatalina.home=C:\Users\Josue\OneDrive\Documentos\GitHub\5to-2.0\Requisitos\Parcial3\Deberes\Deber4\apache-tomcat-9.0.119
05-Jul-2026 00:37:00.324 INFO [main] org.apache.catalina.startup.VersionLoggerListener.log Command line argument:             -Djava.io.tmpdir=C:\Users\Josue\OneDrive\Documentos\GitHub\5to-2.0\Requisitos\Parcial3\Deberes\Deber4\apache-tomcat-9.0.119\temp
05-Jul-2026 00:37:00.333 INFO [main] org.apache.catalina.core.AprLifecycleListener.lifecycleEvent Cargada la biblioteca nativa APR de Apache Tomcat [1.3.8] con la versión APR [1.7.6].
05-Jul-2026 00:37:00.333 INFO [main] org.apache.catalina.core.AprLifecycleListener.lifecycleEvent Capacidades APR: IPv6 [true], enviar fichero [true], aceptar filtros [false], aleatorio [true], UDS [true].
05-Jul-2026 00:37:00.334 INFO [main] org.apache.catalina.core.AprLifecycleListener.lifecycleEvent APR/OpenSSL configuration: useAprConnector [false], useOpenSSL [true]
05-Jul-2026 00:37:00.343 INFO [main] org.apache.catalina.core.AprLifecycleListener.initializeSSL OpenSSL inicializado correctamente [OpenSSL 3.0.21 9 Jun 2026]
05-Jul-2026 00:37:00.790 INFO [main] org.apache.coyote.AbstractProtocol.init Inicializando el manejador de protocolo ["http-nio-8082"]

05-Jul-2026 00:37:00.828 INFO [main] org.apache.catalina.startup.Catalina.load Server initialization in [827] milliseconds
05-Jul-2026 00:37:00.906 INFO [main] org.apache.catalina.core.StandardService.startInternal Arrancando servicio [Catalina]
05-Jul-2026 00:37:00.907 INFO [main] org.apache.catalina.core.StandardEngine.startInternal Starting Servlet engine: [Apache Tomcat/9.0.119]
05-Jul-2026 00:37:00.926 INFO [main] org.apache.catalina.startup.HostConfig.deployDescriptor Desplieque del descriptor de configuración [C:\Users\Josue\OneDrive\Documentos\GitHub\5to-2.0\Requisitos\Parcial3\Deberes\Deber4\apache-tomcat-9.0.119\conf\Catalina\localhost\HotelWebApp.xml]
05-Jul-2026 00:37:00.950 WARNING [main] org.apache.catalina.startup.HostConfig.deployDescriptor The path attribute with value [/HotelWebApp] in deployment descriptor [C:\Users\Josue\OneDrive\Documentos\GitHub\5to-2.0\Requisitos\Parcial3\Deberes\Deber4\apache-tomcat-9.0.119\conf\Catalina\localhost\HotelWebApp.xml] has been ignored
05-Jul-2026 00:37:00.959 WARNING [main] org.apache.catalina.startup.HostConfig.deployDescriptor Deployment of deployment descriptor [C:\Users\Josue\OneDrive\Documentos\GitHub\5to-2.0\Requisitos\Parcial3\Deberes\Deber4\apache-tomcat-9.0.119\conf\Catalina\localhost\HotelWebApp.xml] with an external docBase means the WAR [C:\Users\Josue\OneDrive\Documentos\GitHub\5to-2.0\Requisitos\Parcial3\Deberes\Deber4\apache-tomcat-9.0.119\webapps\HotelWebApp.war] in the appBase will be ignored
05-Jul-2026 00:37:01.840 INFO [main] org.apache.catalina.startup.HostConfig.deployDescriptor Deployment of deployment descriptor [C:\Users\Josue\OneDrive\Documentos\GitHub\5to-2.0\Requisitos\Parcial3\Deberes\Deber4\apache-tomcat-9.0.119\conf\Catalina\localhost\HotelWebApp.xml] has finished in [909] ms
05-Jul-2026 00:37:01.842 INFO [main] org.apache.catalina.startup.HostConfig.deployDirectory Desplegando el directorio [C:\Users\Josue\OneDrive\Documentos\GitHub\5to-2.0\Requisitos\Parcial3\Deberes\Deber4\apache-tomcat-9.0.119\webapps\docs] de la aplicación web
05-Jul-2026 00:37:01.932 INFO [main] org.apache.catalina.startup.HostConfig.deployDirectory Deployment of web application directory [C:\Users\Josue\OneDrive\Documentos\GitHub\5to-2.0\Requisitos\Parcial3\Deberes\Deber4\apache-tomcat-9.0.119\webapps\docs] has finished in [90] ms
05-Jul-2026 00:37:01.933 INFO [main] org.apache.catalina.startup.HostConfig.deployDirectory Desplegando el directorio [C:\Users\Josue\OneDrive\Documentos\GitHub\5to-2.0\Requisitos\Parcial3\Deberes\Deber4\apache-tomcat-9.0.119\webapps\examples] de la aplicación web
05-Jul-2026 00:37:02.898 INFO [main] org.apache.catalina.startup.HostConfig.deployDirectory Deployment of web application directory [C:\Users\Josue\OneDrive\Documentos\GitHub\5to-2.0\Requisitos\Parcial3\Deberes\Deber4\apache-tomcat-9.0.119\webapps\examples] has finished in [965] ms
05-Jul-2026 00:37:02.899 INFO [main] org.apache.catalina.startup.HostConfig.deployDirectory Desplegando el directorio [C:\Users\Josue\OneDrive\Documentos\GitHub\5to-2.0\Requisitos\Parcial3\Deberes\Deber4\apache-tomcat-9.0.119\webapps\host-manager] de la aplicación web
05-Jul-2026 00:37:02.988 INFO [main] org.apache.catalina.startup.HostConfig.deployDirectory Deployment of web application directory [C:\Users\Josue\OneDrive\Documentos\GitHub\5to-2.0\Requisitos\Parcial3\Deberes\Deber4\apache-tomcat-9.0.119\webapps\host-manager] has finished in [89] ms
05-Jul-2026 00:37:02.989 INFO [main] org.apache.catalina.startup.HostConfig.deployDirectory Desplegando el directorio [C:\Users\Josue\OneDrive\Documentos\GitHub\5to-2.0\Requisitos\Parcial3\Deberes\Deber4\apache-tomcat-9.0.119\webapps\manager] de la aplicación web
05-Jul-2026 00:37:03.078 INFO [main] org.apache.catalina.startup.HostConfig.deployDirectory Deployment of web application directory [C:\Users\Josue\OneDrive\Documentos\GitHub\5to-2.0\Requisitos\Parcial3\Deberes\Deber4\apache-tomcat-9.0.119\webapps\manager] has finished in [88] ms
05-Jul-2026 00:37:03.078 INFO [main] org.apache.catalina.startup.HostConfig.deployDirectory Desplegando el directorio [C:\Users\Josue\OneDrive\Documentos\GitHub\5to-2.0\Requisitos\Parcial3\Deberes\Deber4\apache-tomcat-9.0.119\webapps\ROOT] de la aplicación web
05-Jul-2026 00:37:03.147 INFO [main] org.apache.catalina.startup.HostConfig.deployDirectory Deployment of web application directory [C:\Users\Josue\OneDrive\Documentos\GitHub\5to-2.0\Requisitos\Parcial3\Deberes\Deber4\apache-tomcat-9.0.119\webapps\ROOT] has finished in [69] ms
05-Jul-2026 00:37:03.157 INFO [main] org.apache.coyote.AbstractProtocol.start Starting ProtocolHandler ["http-nio-8082"]
05-Jul-2026 00:37:03.192 INFO [main] org.apache.catalina.startup.Catalina.start Server startup in [2361] milliseconds
05-Jul-2026 00:59:34.950 INFORMACIÓN [main] org.apache.catalina.startup.VersionLoggerListener.log Nombre de la versión del servidor: Apache Tomcat/9.0.119
05-Jul-2026 00:59:34.955 INFORMACIÓN [main] org.apache.catalina.startup.VersionLoggerListener.log Server built:                      Jun 18 2026 07:06:31 UTC
05-Jul-2026 00:59:34.955 INFORMACIÓN [main] org.apache.catalina.startup.VersionLoggerListener.log Número de versión de servidor:     9.0.119.0
05-Jul-2026 00:59:34.955 INFORMACIÓN [main] org.apache.catalina.startup.VersionLoggerListener.log OS Name:                           Windows 11
05-Jul-2026 00:59:34.955 INFORMACIÓN [main] org.apache.catalina.startup.VersionLoggerListener.log Versión de Systema Operativo:      10.0
05-Jul-2026 00:59:34.955 INFORMACIÓN [main] org.apache.catalina.startup.VersionLoggerListener.log Arquitectura:                      amd64
05-Jul-2026 00:59:34.956 INFORMACIÓN [main] org.apache.catalina.startup.VersionLoggerListener.log Java Home:                         C:\Program Files\Apache NetBeans\jdk
05-Jul-2026 00:59:34.956 INFORMACIÓN [main] org.apache.catalina.startup.VersionLoggerListener.log JVM Version:                       25.0.2+10-LTS
05-Jul-2026 00:59:34.956 INFORMACIÓN [main] org.apache.catalina.startup.VersionLoggerListener.log Vededor JVM:                       Azul Systems, Inc.
05-Jul-2026 00:59:34.956 INFORMACIÓN [main] org.apache.catalina.startup.VersionLoggerListener.log CATALINA_BASE:                     C:\Users\Josue\OneDrive\Documentos\GitHub\5to-2.0\Requisitos\Parcial3\Deberes\Deber4\apache-tomcat-9.0.119
05-Jul-2026 00:59:34.956 INFORMACIÓN [main] org.apache.catalina.startup.VersionLoggerListener.log CATALINA_HOME:                     C:\Users\Josue\OneDrive\Documentos\GitHub\5to-2.0\Requisitos\Parcial3\Deberes\Deber4\apache-tomcat-9.0.119
05-Jul-2026 00:59:35.062 INFORMACIÓN [main] org.apache.catalina.startup.VersionLoggerListener.log Command line argument:             --add-opens=java.base/java.lang=ALL-UNNAMED
05-Jul-2026 00:59:35.063 INFORMACIÓN [main] org.apache.catalina.startup.VersionLoggerListener.log Command line argument:             --add-opens=java.base/java.lang.invoke=ALL-UNNAMED
05-Jul-2026 00:59:35.063 INFORMACIÓN [main] org.apache.catalina.startup.VersionLoggerListener.log Command line argument:             --add-opens=java.base/java.lang.reflect=ALL-UNNAMED
05-Jul-2026 00:59:35.063 INFORMACIÓN [main] org.apache.catalina.startup.VersionLoggerListener.log Command line argument:             --add-opens=java.base/java.io=ALL-UNNAMED
05-Jul-2026 00:59:35.063 INFORMACIÓN [main] org.apache.catalina.startup.VersionLoggerListener.log Command line argument:             --add-opens=java.base/java.util=ALL-UNNAMED
05-Jul-2026 00:59:35.063 INFORMACIÓN [main] org.apache.catalina.startup.VersionLoggerListener.log Command line argument:             --add-opens=java.base/java.util.concurrent=ALL-UNNAMED
05-Jul-2026 00:59:35.063 INFORMACIÓN [main] org.apache.catalina.startup.VersionLoggerListener.log Command line argument:             --add-opens=java.rmi/sun.rmi.transport=ALL-UNNAMED
05-Jul-2026 00:59:35.063 INFORMACIÓN [main] org.apache.catalina.startup.VersionLoggerListener.log Command line argument:             -Djava.util.logging.config.file=C:\Users\Josue\OneDrive\Documentos\GitHub\5to-2.0\Requisitos\Parcial3\Deberes\Deber4\apache-tomcat-9.0.119\conf\logging.properties
05-Jul-2026 00:59:35.063 INFORMACIÓN [main] org.apache.catalina.startup.VersionLoggerListener.log Command line argument:             -Djava.util.logging.manager=org.apache.juli.ClassLoaderLogManager
05-Jul-2026 00:59:35.064 INFORMACIÓN [main] org.apache.catalina.startup.VersionLoggerListener.log Command line argument:             -Djdk.tls.ephemeralDHKeySize=2048
05-Jul-2026 00:59:35.064 INFORMACIÓN [main] org.apache.catalina.startup.VersionLoggerListener.log Command line argument:             -Djava.protocol.handler.pkgs=org.apache.catalina.webresources
05-Jul-2026 00:59:35.064 INFORMACIÓN [main] org.apache.catalina.startup.VersionLoggerListener.log Command line argument:             -Dsun.io.useCanonCaches=false
05-Jul-2026 00:59:35.064 INFORMACIÓN [main] org.apache.catalina.startup.VersionLoggerListener.log Command line argument:             -Dignore.endorsed.dirs=
05-Jul-2026 00:59:35.064 INFORMACIÓN [main] org.apache.catalina.startup.VersionLoggerListener.log Command line argument:             -Dcatalina.base=C:\Users\Josue\OneDrive\Documentos\GitHub\5to-2.0\Requisitos\Parcial3\Deberes\Deber4\apache-tomcat-9.0.119
05-Jul-2026 00:59:35.064 INFORMACIÓN [main] org.apache.catalina.startup.VersionLoggerListener.log Command line argument:             -Dcatalina.home=C:\Users\Josue\OneDrive\Documentos\GitHub\5to-2.0\Requisitos\Parcial3\Deberes\Deber4\apache-tomcat-9.0.119
05-Jul-2026 00:59:35.064 INFORMACIÓN [main] org.apache.catalina.startup.VersionLoggerListener.log Command line argument:             -Djava.io.tmpdir=C:\Users\Josue\OneDrive\Documentos\GitHub\5to-2.0\Requisitos\Parcial3\Deberes\Deber4\apache-tomcat-9.0.119\temp
05-Jul-2026 00:59:35.073 INFORMACIÓN [main] org.apache.catalina.core.AprLifecycleListener.lifecycleEvent Cargada la biblioteca nativa APR de Apache Tomcat [1.3.8] con la versión APR [1.7.6].
05-Jul-2026 00:59:35.074 INFORMACIÓN [main] org.apache.catalina.core.AprLifecycleListener.lifecycleEvent Capacidades APR: IPv6 [true], enviar fichero [true], aceptar filtros [false], aleatorio [true], UDS [true].
05-Jul-2026 00:59:35.074 INFORMACIÓN [main] org.apache.catalina.core.AprLifecycleListener.lifecycleEvent APR/OpenSSL configuration: useAprConnector [false], useOpenSSL [true]
05-Jul-2026 00:59:35.086 INFORMACIÓN [main] org.apache.catalina.core.AprLifecycleListener.initializeSSL OpenSSL inicializado correctamente [OpenSSL 3.0.21 9 Jun 2026]
05-Jul-2026 00:59:35.529 INFORMACIÓN [main] org.apache.coyote.AbstractProtocol.init Inicializando el manejador de protocolo ["http-nio-8082"]

05-Jul-2026 00:59:35.582 INFORMACIÓN [main] org.apache.catalina.startup.Catalina.load Server initialization in [936] milliseconds
05-Jul-2026 00:59:35.648 INFORMACIÓN [main] org.apache.catalina.core.StandardService.startInternal Arrancando servicio [Catalina]
05-Jul-2026 00:59:35.648 INFORMACIÓN [main] org.apache.catalina.core.StandardEngine.startInternal Starting Servlet engine: [Apache Tomcat/9.0.119]
05-Jul-2026 00:59:35.664 INFORMACIÓN [main] org.apache.catalina.startup.HostConfig.deployDescriptor Desplieque del descriptor de configuración [C:\Users\Josue\OneDrive\Documentos\GitHub\5to-2.0\Requisitos\Parcial3\Deberes\Deber4\apache-tomcat-9.0.119\conf\Catalina\localhost\HotelWebApp.xml]
05-Jul-2026 00:59:35.687 ADVERTENCIA [main] org.apache.catalina.startup.HostConfig.deployDescriptor The path attribute with value [/HotelWebApp] in deployment descriptor [C:\Users\Josue\OneDrive\Documentos\GitHub\5to-2.0\Requisitos\Parcial3\Deberes\Deber4\apache-tomcat-9.0.119\conf\Catalina\localhost\HotelWebApp.xml] has been ignored
05-Jul-2026 00:59:35.698 ADVERTENCIA [main] org.apache.catalina.startup.HostConfig.deployDescriptor Deployment of deployment descriptor [C:\Users\Josue\OneDrive\Documentos\GitHub\5to-2.0\Requisitos\Parcial3\Deberes\Deber4\apache-tomcat-9.0.119\conf\Catalina\localhost\HotelWebApp.xml] with an external docBase means the WAR [C:\Users\Josue\OneDrive\Documentos\GitHub\5to-2.0\Requisitos\Parcial3\Deberes\Deber4\apache-tomcat-9.0.119\webapps\HotelWebApp.war] in the appBase will be ignored
05-Jul-2026 00:59:36.630 INFORMACIÓN [main] org.apache.catalina.startup.HostConfig.deployDescriptor Deployment of deployment descriptor [C:\Users\Josue\OneDrive\Documentos\GitHub\5to-2.0\Requisitos\Parcial3\Deberes\Deber4\apache-tomcat-9.0.119\conf\Catalina\localhost\HotelWebApp.xml] has finished in [960] ms
05-Jul-2026 00:59:36.631 INFORMACIÓN [main] org.apache.catalina.startup.HostConfig.deployDirectory Desplegando el directorio [C:\Users\Josue\OneDrive\Documentos\GitHub\5to-2.0\Requisitos\Parcial3\Deberes\Deber4\apache-tomcat-9.0.119\webapps\docs] de la aplicación web
05-Jul-2026 00:59:36.723 INFORMACIÓN [main] org.apache.catalina.startup.HostConfig.deployDirectory Deployment of web application directory [C:\Users\Josue\OneDrive\Documentos\GitHub\5to-2.0\Requisitos\Parcial3\Deberes\Deber4\apache-tomcat-9.0.119\webapps\docs] has finished in [91] ms
05-Jul-2026 00:59:36.723 INFORMACIÓN [main] org.apache.catalina.startup.HostConfig.deployDirectory Desplegando el directorio [C:\Users\Josue\OneDrive\Documentos\GitHub\5to-2.0\Requisitos\Parcial3\Deberes\Deber4\apache-tomcat-9.0.119\webapps\examples] de la aplicación web
05-Jul-2026 00:59:37.893 INFORMACIÓN [main] org.apache.catalina.startup.HostConfig.deployDirectory Deployment of web application directory [C:\Users\Josue\OneDrive\Documentos\GitHub\5to-2.0\Requisitos\Parcial3\Deberes\Deber4\apache-tomcat-9.0.119\webapps\examples] has finished in [1.170] ms
05-Jul-2026 00:59:37.894 INFORMACIÓN [main] org.apache.catalina.startup.HostConfig.deployDirectory Desplegando el directorio [C:\Users\Josue\OneDrive\Documentos\GitHub\5to-2.0\Requisitos\Parcial3\Deberes\Deber4\apache-tomcat-9.0.119\webapps\host-manager] de la aplicación web
05-Jul-2026 00:59:38.009 INFORMACIÓN [main] org.apache.catalina.startup.HostConfig.deployDirectory Deployment of web application directory [C:\Users\Josue\OneDrive\Documentos\GitHub\5to-2.0\Requisitos\Parcial3\Deberes\Deber4\apache-tomcat-9.0.119\webapps\host-manager] has finished in [115] ms
05-Jul-2026 00:59:38.010 INFORMACIÓN [main] org.apache.catalina.startup.HostConfig.deployDirectory Desplegando el directorio [C:\Users\Josue\OneDrive\Documentos\GitHub\5to-2.0\Requisitos\Parcial3\Deberes\Deber4\apache-tomcat-9.0.119\webapps\manager] de la aplicación web
05-Jul-2026 00:59:38.119 INFORMACIÓN [main] org.apache.catalina.startup.HostConfig.deployDirectory Deployment of web application directory [C:\Users\Josue\OneDrive\Documentos\GitHub\5to-2.0\Requisitos\Parcial3\Deberes\Deber4\apache-tomcat-9.0.119\webapps\manager] has finished in [110] ms
05-Jul-2026 00:59:38.120 INFORMACIÓN [main] org.apache.catalina.startup.HostConfig.deployDirectory Desplegando el directorio [C:\Users\Josue\OneDrive\Documentos\GitHub\5to-2.0\Requisitos\Parcial3\Deberes\Deber4\apache-tomcat-9.0.119\webapps\ROOT] de la aplicación web
05-Jul-2026 00:59:38.199 INFORMACIÓN [main] org.apache.catalina.startup.HostConfig.deployDirectory Deployment of web application directory [C:\Users\Josue\OneDrive\Documentos\GitHub\5to-2.0\Requisitos\Parcial3\Deberes\Deber4\apache-tomcat-9.0.119\webapps\ROOT] has finished in [80] ms
05-Jul-2026 00:59:38.206 INFORMACIÓN [main] org.apache.coyote.AbstractProtocol.start Starting ProtocolHandler ["http-nio-8082"]
05-Jul-2026 00:59:38.268 INFORMACIÓN [main] org.apache.catalina.startup.Catalina.start Server startup in [2684] milliseconds
05-Jul-2026 00:59:38.922 INFORMACIÓN [http-nio-8082-exec-9] org.apache.catalina.core.StandardWrapper.unload Esperando por [1] instancia(s) para recuperar su espacio reservado
05-Jul-2026 00:59:39.928 INFORMACIÓN [http-nio-8082-exec-9] org.apache.catalina.core.StandardWrapper.unload Esperando por [1] instancia(s) para recuperar su espacio reservado
05-Jul-2026 00:59:40.937 ADVERTENCIA [http-nio-8082-exec-9] org.apache.catalina.loader.WebappClassLoaderBase.clearReferencesJdbc La aplicación web [HotelWebApp] registró el conductor JDBC [org.h2.Driver] pero falló al anular el registro mientras la aplicación web estaba parada. Para prevenir un fallo de memoria, se ha anulado el registro del conductor JDBC por la fuerza.
05-Jul-2026 00:59:41.455 INFORMACIÓN [http-nio-8082-exec-9] org.apache.catalina.startup.HostConfig.undeploy Repliegue (undeploy) de la aplicación web que tiene como trayectoria de contexto [/HotelWebApp]
05-Jul-2026 00:59:41.570 INFORMACIÓN [http-nio-8082-exec-2] org.apache.catalina.startup.HostConfig.deployDescriptor Desplieque del descriptor de configuración [C:\Users\Josue\OneDrive\Documentos\GitHub\5to-2.0\Requisitos\Parcial3\Deberes\Deber4\apache-tomcat-9.0.119\conf\Catalina\localhost\HotelWebApp.xml]
05-Jul-2026 00:59:41.572 ADVERTENCIA [http-nio-8082-exec-2] org.apache.catalina.startup.HostConfig.deployDescriptor The path attribute with value [/HotelWebApp] in deployment descriptor [C:\Users\Josue\OneDrive\Documentos\GitHub\5to-2.0\Requisitos\Parcial3\Deberes\Deber4\apache-tomcat-9.0.119\conf\Catalina\localhost\HotelWebApp.xml] has been ignored
05-Jul-2026 00:59:42.045 INFORMACIÓN [http-nio-8082-exec-2] org.apache.catalina.startup.HostConfig.deployDescriptor Deployment of deployment descriptor [C:\Users\Josue\OneDrive\Documentos\GitHub\5to-2.0\Requisitos\Parcial3\Deberes\Deber4\apache-tomcat-9.0.119\conf\Catalina\localhost\HotelWebApp.xml] has finished in [475] ms
05-Jul-2026 00:59:42.049 INFORMACIÓN [http-nio-8082-exec-7] org.apache.catalina.util.LifecycleBase.start The start() method was called on component [StandardEngine[Catalina].StandardHost[localhost].StandardContext[/HotelWebApp]] after start() had already been called. The second call will be ignored.
05-Jul-2026 09:19:12.912 INFORMACIÓN [main] org.apache.catalina.core.StandardServer.await Se ha recibido un comando de apagado a través del puerto de apagado. Parando la instancia del Servidor.
05-Jul-2026 09:19:12.915 INFORMACIÓN [main] org.apache.coyote.AbstractProtocol.pause Pausing ProtocolHandler ["http-nio-8082"]
05-Jul-2026 09:19:12.930 INFORMACIÓN [main] org.apache.catalina.core.StandardService.stopInternal Parando servicio [Catalina]
05-Jul-2026 09:19:12.968 ADVERTENCIA [main] org.apache.catalina.loader.WebappClassLoaderBase.clearReferencesJdbc La aplicación web [HotelWebApp] registró el conductor JDBC [org.h2.Driver] pero falló al anular el registro mientras la aplicación web estaba parada. Para prevenir un fallo de memoria, se ha anulado el registro del conductor JDBC por la fuerza.
05-Jul-2026 09:19:12.976 INFORMACIÓN [main] org.apache.coyote.AbstractProtocol.stop Stopping ProtocolHandler ["http-nio-8082"]
05-Jul-2026 09:19:12.992 INFORMACIÓN [main] org.apache.coyote.AbstractProtocol.destroy Destroying ProtocolHandler ["http-nio-8082"]
05-Jul-2026 09:19:28.346 INFORMACIÓN [main] org.apache.catalina.startup.VersionLoggerListener.log Nombre de la versión del servidor: Apache Tomcat/9.0.119
05-Jul-2026 09:19:28.351 INFORMACIÓN [main] org.apache.catalina.startup.VersionLoggerListener.log Server built:                      Jun 18 2026 07:06:31 UTC
05-Jul-2026 09:19:28.351 INFORMACIÓN [main] org.apache.catalina.startup.VersionLoggerListener.log Número de versión de servidor:     9.0.119.0
05-Jul-2026 09:19:28.351 INFORMACIÓN [main] org.apache.catalina.startup.VersionLoggerListener.log OS Name:                           Windows 11
05-Jul-2026 09:19:28.351 INFORMACIÓN [main] org.apache.catalina.startup.VersionLoggerListener.log Versión de Systema Operativo:      10.0
05-Jul-2026 09:19:28.352 INFORMACIÓN [main] org.apache.catalina.startup.VersionLoggerListener.log Arquitectura:                      amd64
05-Jul-2026 09:19:28.352 INFORMACIÓN [main] org.apache.catalina.startup.VersionLoggerListener.log Java Home:                         C:\Program Files\Apache NetBeans\jdk
05-Jul-2026 09:19:28.352 INFORMACIÓN [main] org.apache.catalina.startup.VersionLoggerListener.log JVM Version:                       25.0.2+10-LTS
05-Jul-2026 09:19:28.352 INFORMACIÓN [main] org.apache.catalina.startup.VersionLoggerListener.log Vededor JVM:                       Azul Systems, Inc.
05-Jul-2026 09:19:28.352 INFORMACIÓN [main] org.apache.catalina.startup.VersionLoggerListener.log CATALINA_BASE:                     C:\Users\Josue\OneDrive\Documentos\GitHub\5to-2.0\Requisitos\Parcial3\Deberes\Deber4\apache-tomcat-9.0.119
05-Jul-2026 09:19:28.352 INFORMACIÓN [main] org.apache.catalina.startup.VersionLoggerListener.log CATALINA_HOME:                     C:\Users\Josue\OneDrive\Documentos\GitHub\5to-2.0\Requisitos\Parcial3\Deberes\Deber4\apache-tomcat-9.0.119
05-Jul-2026 09:19:28.374 INFORMACIÓN [main] org.apache.catalina.startup.VersionLoggerListener.log Command line argument:             --add-opens=java.base/java.lang=ALL-UNNAMED
05-Jul-2026 09:19:28.374 INFORMACIÓN [main] org.apache.catalina.startup.VersionLoggerListener.log Command line argument:             --add-opens=java.base/java.lang.invoke=ALL-UNNAMED
05-Jul-2026 09:19:28.374 INFORMACIÓN [main] org.apache.catalina.startup.VersionLoggerListener.log Command line argument:             --add-opens=java.base/java.lang.reflect=ALL-UNNAMED
05-Jul-2026 09:19:28.375 INFORMACIÓN [main] org.apache.catalina.startup.VersionLoggerListener.log Command line argument:             --add-opens=java.base/java.io=ALL-UNNAMED
05-Jul-2026 09:19:28.375 INFORMACIÓN [main] org.apache.catalina.startup.VersionLoggerListener.log Command line argument:             --add-opens=java.base/java.util=ALL-UNNAMED
05-Jul-2026 09:19:28.375 INFORMACIÓN [main] org.apache.catalina.startup.VersionLoggerListener.log Command line argument:             --add-opens=java.base/java.util.concurrent=ALL-UNNAMED
05-Jul-2026 09:19:28.375 INFORMACIÓN [main] org.apache.catalina.startup.VersionLoggerListener.log Command line argument:             --add-opens=java.rmi/sun.rmi.transport=ALL-UNNAMED
05-Jul-2026 09:19:28.375 INFORMACIÓN [main] org.apache.catalina.startup.VersionLoggerListener.log Command line argument:             -Djava.util.logging.config.file=C:\Users\Josue\OneDrive\Documentos\GitHub\5to-2.0\Requisitos\Parcial3\Deberes\Deber4\apache-tomcat-9.0.119\conf\logging.properties
05-Jul-2026 09:19:28.376 INFORMACIÓN [main] org.apache.catalina.startup.VersionLoggerListener.log Command line argument:             -Djava.util.logging.manager=org.apache.juli.ClassLoaderLogManager
05-Jul-2026 09:19:28.376 INFORMACIÓN [main] org.apache.catalina.startup.VersionLoggerListener.log Command line argument:             -Djdk.tls.ephemeralDHKeySize=2048
05-Jul-2026 09:19:28.376 INFORMACIÓN [main] org.apache.catalina.startup.VersionLoggerListener.log Command line argument:             -Djava.protocol.handler.pkgs=org.apache.catalina.webresources
05-Jul-2026 09:19:28.376 INFORMACIÓN [main] org.apache.catalina.startup.VersionLoggerListener.log Command line argument:             -Dsun.io.useCanonCaches=false
05-Jul-2026 09:19:28.446 INFORMACIÓN [main] org.apache.catalina.startup.VersionLoggerListener.log Command line argument:             -Dignore.endorsed.dirs=
05-Jul-2026 09:19:28.446 INFORMACIÓN [main] org.apache.catalina.startup.VersionLoggerListener.log Command line argument:             -Dcatalina.base=C:\Users\Josue\OneDrive\Documentos\GitHub\5to-2.0\Requisitos\Parcial3\Deberes\Deber4\apache-tomcat-9.0.119
05-Jul-2026 09:19:28.446 INFORMACIÓN [main] org.apache.catalina.startup.VersionLoggerListener.log Command line argument:             -Dcatalina.home=C:\Users\Josue\OneDrive\Documentos\GitHub\5to-2.0\Requisitos\Parcial3\Deberes\Deber4\apache-tomcat-9.0.119
05-Jul-2026 09:19:28.446 INFORMACIÓN [main] org.apache.catalina.startup.VersionLoggerListener.log Command line argument:             -Djava.io.tmpdir=C:\Users\Josue\OneDrive\Documentos\GitHub\5to-2.0\Requisitos\Parcial3\Deberes\Deber4\apache-tomcat-9.0.119\temp
05-Jul-2026 09:19:28.470 INFORMACIÓN [main] org.apache.catalina.core.AprLifecycleListener.lifecycleEvent Cargada la biblioteca nativa APR de Apache Tomcat [1.3.8] con la versión APR [1.7.6].
05-Jul-2026 09:19:28.470 INFORMACIÓN [main] org.apache.catalina.core.AprLifecycleListener.lifecycleEvent Capacidades APR: IPv6 [true], enviar fichero [true], aceptar filtros [false], aleatorio [true], UDS [true].
05-Jul-2026 09:19:28.470 INFORMACIÓN [main] org.apache.catalina.core.AprLifecycleListener.lifecycleEvent APR/OpenSSL configuration: useAprConnector [false], useOpenSSL [true]
05-Jul-2026 09:19:28.488 INFORMACIÓN [main] org.apache.catalina.core.AprLifecycleListener.initializeSSL OpenSSL inicializado correctamente [OpenSSL 3.0.21 9 Jun 2026]
05-Jul-2026 09:19:28.924 INFORMACIÓN [main] org.apache.coyote.AbstractProtocol.init Inicializando el manejador de protocolo ["http-nio-8082"]

05-Jul-2026 09:19:28.953 INFORMACIÓN [main] org.apache.catalina.startup.Catalina.load Server initialization in [923] milliseconds
05-Jul-2026 09:19:29.015 INFORMACIÓN [main] org.apache.catalina.core.StandardService.startInternal Arrancando servicio [Catalina]
05-Jul-2026 09:19:29.015 INFORMACIÓN [main] org.apache.catalina.core.StandardEngine.startInternal Starting Servlet engine: [Apache Tomcat/9.0.119]
05-Jul-2026 09:19:29.029 INFORMACIÓN [main] org.apache.catalina.startup.HostConfig.deployDescriptor Desplieque del descriptor de configuración [C:\Users\Josue\OneDrive\Documentos\GitHub\5to-2.0\Requisitos\Parcial3\Deberes\Deber4\apache-tomcat-9.0.119\conf\Catalina\localhost\HotelWebApp.xml]
05-Jul-2026 09:19:29.048 ADVERTENCIA [main] org.apache.catalina.startup.HostConfig.deployDescriptor The path attribute with value [/HotelWebApp] in deployment descriptor [C:\Users\Josue\OneDrive\Documentos\GitHub\5to-2.0\Requisitos\Parcial3\Deberes\Deber4\apache-tomcat-9.0.119\conf\Catalina\localhost\HotelWebApp.xml] has been ignored
05-Jul-2026 09:19:29.959 INFORMACIÓN [main] org.apache.catalina.startup.HostConfig.deployDescriptor Deployment of deployment descriptor [C:\Users\Josue\OneDrive\Documentos\GitHub\5to-2.0\Requisitos\Parcial3\Deberes\Deber4\apache-tomcat-9.0.119\conf\Catalina\localhost\HotelWebApp.xml] has finished in [924] ms
05-Jul-2026 09:19:29.959 INFORMACIÓN [main] org.apache.catalina.startup.HostConfig.deployDirectory Desplegando el directorio [C:\Users\Josue\OneDrive\Documentos\GitHub\5to-2.0\Requisitos\Parcial3\Deberes\Deber4\apache-tomcat-9.0.119\webapps\docs] de la aplicación web
05-Jul-2026 09:19:30.051 INFORMACIÓN [main] org.apache.catalina.startup.HostConfig.deployDirectory Deployment of web application directory [C:\Users\Josue\OneDrive\Documentos\GitHub\5to-2.0\Requisitos\Parcial3\Deberes\Deber4\apache-tomcat-9.0.119\webapps\docs] has finished in [92] ms
05-Jul-2026 09:19:30.052 INFORMACIÓN [main] org.apache.catalina.startup.HostConfig.deployDirectory Desplegando el directorio [C:\Users\Josue\OneDrive\Documentos\GitHub\5to-2.0\Requisitos\Parcial3\Deberes\Deber4\apache-tomcat-9.0.119\webapps\examples] de la aplicación web
05-Jul-2026 09:19:31.254 INFORMACIÓN [main] org.apache.catalina.startup.HostConfig.deployDirectory Deployment of web application directory [C:\Users\Josue\OneDrive\Documentos\GitHub\5to-2.0\Requisitos\Parcial3\Deberes\Deber4\apache-tomcat-9.0.119\webapps\examples] has finished in [1.202] ms
05-Jul-2026 09:19:31.254 INFORMACIÓN [main] org.apache.catalina.startup.HostConfig.deployDirectory Desplegando el directorio [C:\Users\Josue\OneDrive\Documentos\GitHub\5to-2.0\Requisitos\Parcial3\Deberes\Deber4\apache-tomcat-9.0.119\webapps\host-manager] de la aplicación web
05-Jul-2026 09:19:31.376 INFORMACIÓN [main] org.apache.catalina.startup.HostConfig.deployDirectory Deployment of web application directory [C:\Users\Josue\OneDrive\Documentos\GitHub\5to-2.0\Requisitos\Parcial3\Deberes\Deber4\apache-tomcat-9.0.119\webapps\host-manager] has finished in [122] ms
05-Jul-2026 09:19:31.377 INFORMACIÓN [main] org.apache.catalina.startup.HostConfig.deployDirectory Desplegando el directorio [C:\Users\Josue\OneDrive\Documentos\GitHub\5to-2.0\Requisitos\Parcial3\Deberes\Deber4\apache-tomcat-9.0.119\webapps\manager] de la aplicación web
05-Jul-2026 09:19:31.515 INFORMACIÓN [main] org.apache.catalina.startup.HostConfig.deployDirectory Deployment of web application directory [C:\Users\Josue\OneDrive\Documentos\GitHub\5to-2.0\Requisitos\Parcial3\Deberes\Deber4\apache-tomcat-9.0.119\webapps\manager] has finished in [139] ms
05-Jul-2026 09:19:31.515 INFORMACIÓN [main] org.apache.catalina.startup.HostConfig.deployDirectory Desplegando el directorio [C:\Users\Josue\OneDrive\Documentos\GitHub\5to-2.0\Requisitos\Parcial3\Deberes\Deber4\apache-tomcat-9.0.119\webapps\ROOT] de la aplicación web
05-Jul-2026 09:19:31.598 INFORMACIÓN [main] org.apache.catalina.startup.HostConfig.deployDirectory Deployment of web application directory [C:\Users\Josue\OneDrive\Documentos\GitHub\5to-2.0\Requisitos\Parcial3\Deberes\Deber4\apache-tomcat-9.0.119\webapps\ROOT] has finished in [82] ms
05-Jul-2026 09:19:31.626 INFORMACIÓN [main] org.apache.coyote.AbstractProtocol.start Starting ProtocolHandler ["http-nio-8082"]
05-Jul-2026 09:19:31.667 INFORMACIÓN [main] org.apache.catalina.startup.Catalina.start Server startup in [2712] milliseconds
05-Jul-2026 09:19:32.408 INFORMACIÓN [http-nio-8082-exec-9] org.apache.catalina.core.StandardWrapper.unload Esperando por [1] instancia(s) para recuperar su espacio reservado
05-Jul-2026 09:19:33.415 INFORMACIÓN [http-nio-8082-exec-9] org.apache.catalina.core.StandardWrapper.unload Esperando por [1] instancia(s) para recuperar su espacio reservado
05-Jul-2026 09:19:34.418 INFORMACIÓN [http-nio-8082-exec-9] org.apache.catalina.core.StandardWrapper.unload Esperando por [1] instancia(s) para recuperar su espacio reservado
05-Jul-2026 09:19:34.529 ADVERTENCIA [http-nio-8082-exec-9] org.apache.catalina.loader.WebappClassLoaderBase.clearReferencesJdbc La aplicación web [HotelWebApp] registró el conductor JDBC [org.h2.Driver] pero falló al anular el registro mientras la aplicación web estaba parada. Para prevenir un fallo de memoria, se ha anulado el registro del conductor JDBC por la fuerza.
05-Jul-2026 09:19:34.530 ADVERTENCIA [http-nio-8082-exec-9] org.apache.catalina.loader.WebappClassLoaderBase.clearReferencesThreads The thread [http-nio-8082-exec-1] of web application [HotelWebApp] is still processing a request that has yet to finish. This is very likely to create a memory leak. You can control the time allowed for requests to finish by using the unloadDelay attribute of the standard Context implementation. Stack trace of request processing thread:[
 java.base/sun.nio.ch.FileDispatcherImpl.force0(Native Method)
 java.base/sun.nio.ch.FileDispatcherImpl.force(FileDispatcherImpl.java:92)
 java.base/sun.nio.ch.FileChannelImpl.implForce(FileChannelImpl.java:620)
 java.base/sun.nio.ch.FileChannelImpl.force(FileChannelImpl.java:635)
 org.h2.mvstore.SingleFileStore.sync(SingleFileStore.java:179)
 org.h2.mvstore.RandomAccessStore.compactMoveChunks(RandomAccessStore.java:534)
 org.h2.mvstore.RandomAccessStore.compactMoveChunks(RandomAccessStore.java:481)
 org.h2.mvstore.RandomAccessStore.lambda$compactMoveChunks$1(RandomAccessStore.java:468)
 org.h2.mvstore.FileStore.executeFileStoreOperation(FileStore.java:1888)
 org.h2.mvstore.MVStore.executeFilestoreOperation(MVStore.java:922)
 org.h2.mvstore.RandomAccessStore.compactMoveChunks(RandomAccessStore.java:463)
 org.h2.mvstore.RandomAccessStore.compactStore(RandomAccessStore.java:443)
 org.h2.mvstore.FileStore.compactStore(FileStore.java:888)
 org.h2.mvstore.FileStore.stop(FileStore.java:275)
 org.h2.mvstore.MVStore.closeStore(MVStore.java:693)
 org.h2.mvstore.MVStore.close(MVStore.java:643)
 org.h2.mvstore.db.Store.close(Store.java:364)
 org.h2.engine.Database.closeOpenFilesAndUnlock(Database.java:1293)
 org.h2.engine.Database.closeImpl(Database.java:1255)
 org.h2.engine.Database.close(Database.java:1174)
 org.h2.engine.Database.close(Database.java:1151)
 org.h2.engine.Database.removeSession(Database.java:1078)
 org.h2.engine.SessionLocal.close(SessionLocal.java:910)
 org.h2.jdbc.JdbcConnection.close(JdbcConnection.java:391)
 com.hotel.dao.HabitacionDAO.listar(HabitacionDAO.java:26)
 com.hotel.servlet.ReservaServlet.doGet(ReservaServlet.java:33)
 javax.servlet.http.HttpServlet.service(HttpServlet.java:529)
 javax.servlet.http.HttpServlet.service(HttpServlet.java:623)
 org.apache.catalina.core.ApplicationFilterChain.internalDoFilter(ApplicationFilterChain.java:201)
 org.apache.catalina.core.ApplicationFilterChain.doFilter(ApplicationFilterChain.java:146)
 org.apache.tomcat.websocket.server.WsFilter.doFilter(WsFilter.java:57)
 org.apache.catalina.core.ApplicationFilterChain.internalDoFilter(ApplicationFilterChain.java:170)
 org.apache.catalina.core.ApplicationFilterChain.doFilter(ApplicationFilterChain.java:146)
 org.apache.catalina.core.StandardWrapperValve.invoke(StandardWrapperValve.java:166)
 org.apache.catalina.core.StandardContextValve.invoke(StandardContextValve.java:88)
 org.apache.catalina.authenticator.AuthenticatorBase.invoke(AuthenticatorBase.java:533)
 org.apache.catalina.core.StandardHostValve.invoke(StandardHostValve.java:129)
 org.apache.catalina.valves.ErrorReportValve.invoke(ErrorReportValve.java:86)
 org.apache.catalina.valves.AbstractAccessLogValve.invoke(AbstractAccessLogValve.java:764)
 org.apache.catalina.core.StandardEngineValve.invoke(StandardEngineValve.java:72)
 org.apache.catalina.connector.CoyoteAdapter.service(CoyoteAdapter.java:350)
 org.apache.coyote.http11.Http11Processor.service(Http11Processor.java:407)
 org.apache.coyote.AbstractProcessorLight.process(AbstractProcessorLight.java:71)
 org.apache.coyote.AbstractProtocol$ConnectionHandler.process(AbstractProtocol.java:1344)
 org.apache.tomcat.util.net.NioEndpoint$SocketProcessor.doRun(NioEndpoint.java:2089)
 org.apache.tomcat.util.net.SocketProcessorBase.run(SocketProcessorBase.java:74)
 org.apache.tomcat.util.threads.ThreadPoolExecutor.runWorker(ThreadPoolExecutor.java:976)
 org.apache.tomcat.util.threads.ThreadPoolExecutor$Worker.run(ThreadPoolExecutor.java:494)
 org.apache.tomcat.util.threads.TaskThread$WrappingRunnable.run(TaskThread.java:80)
 java.base/java.lang.Thread.run(Thread.java:1474)]
05-Jul-2026 09:19:34.563 ADVERTENCIA [http-nio-8082-exec-9] org.apache.catalina.loader.WebappClassLoaderBase.clearReferencesThreads The web application [HotelWebApp] appears to have started a thread named [H2 File Lock Watchdog C:/Users/Josue/HotelWebApp.lock.db] but has failed to stop it. This is very likely to create a memory leak. Stack trace of thread:
 java.base/java.lang.Thread.sleepNanos0(Native Method)
 java.base/java.lang.Thread.sleepNanos(Thread.java:509)
 java.base/java.lang.Thread.sleep(Thread.java:540)
 org.h2.store.FileLock.run(FileLock.java:486)
 java.base/java.lang.Thread.run(Thread.java:1474)
05-Jul-2026 09:19:34.603 INFORMACIÓN [http-nio-8082-exec-1] org.apache.catalina.loader.WebappClassLoaderBase.checkStateForResourceLoading Acceso ilegal: esta instancia de aplicación web ya ha sido parada.  Could not load [javax.servlet.RequestDispatcher].  La eventual traza de pila que sigue ha sido motivada por un error lanzado con motivos de depuración así como para intentar terminar el hilo que motivó el acceso ilegal y no tiene impacto funcional.
	java.lang.IllegalStateException: Acceso ilegal: esta instancia de aplicación web ya ha sido parada.  Could not load [javax.servlet.RequestDispatcher].  La eventual traza de pila que sigue ha sido motivada por un error lanzado con motivos de depuración así como para intentar terminar el hilo que motivó el acceso ilegal y no tiene impacto funcional.
		at org.apache.catalina.loader.WebappClassLoaderBase.checkStateForResourceLoading(WebappClassLoaderBase.java:1470)
		at org.apache.catalina.loader.WebappClassLoaderBase.checkStateForClassLoading(WebappClassLoaderBase.java:1452)
		at org.apache.catalina.loader.WebappClassLoaderBase.loadClass(WebappClassLoaderBase.java:1279)
		at org.apache.catalina.loader.WebappClassLoaderBase.loadClass(WebappClassLoaderBase.java:1246)
		at com.hotel.servlet.ReservaServlet.doGet(ReservaServlet.java:34)
		at javax.servlet.http.HttpServlet.service(HttpServlet.java:529)
		at javax.servlet.http.HttpServlet.service(HttpServlet.java:623)
		at org.apache.catalina.core.ApplicationFilterChain.internalDoFilter(ApplicationFilterChain.java:201)
		at org.apache.catalina.core.ApplicationFilterChain.doFilter(ApplicationFilterChain.java:146)
		at org.apache.tomcat.websocket.server.WsFilter.doFilter(WsFilter.java:57)
		at org.apache.catalina.core.ApplicationFilterChain.internalDoFilter(ApplicationFilterChain.java:170)
		at org.apache.catalina.core.ApplicationFilterChain.doFilter(ApplicationFilterChain.java:146)
		at org.apache.catalina.core.StandardWrapperValve.invoke(StandardWrapperValve.java:166)
		at org.apache.catalina.core.StandardContextValve.invoke(StandardContextValve.java:88)
		at org.apache.catalina.authenticator.AuthenticatorBase.invoke(AuthenticatorBase.java:533)
		at org.apache.catalina.core.StandardHostValve.invoke(StandardHostValve.java:129)
		at org.apache.catalina.valves.ErrorReportValve.invoke(ErrorReportValve.java:86)
		at org.apache.catalina.valves.AbstractAccessLogValve.invoke(AbstractAccessLogValve.java:764)
		at org.apache.catalina.core.StandardEngineValve.invoke(StandardEngineValve.java:72)
		at org.apache.catalina.connector.CoyoteAdapter.service(CoyoteAdapter.java:350)
		at org.apache.coyote.http11.Http11Processor.service(Http11Processor.java:407)
		at org.apache.coyote.AbstractProcessorLight.process(AbstractProcessorLight.java:71)
		at org.apache.coyote.AbstractProtocol$ConnectionHandler.process(AbstractProtocol.java:1344)
		at org.apache.tomcat.util.net.NioEndpoint$SocketProcessor.doRun(NioEndpoint.java:2089)
		at org.apache.tomcat.util.net.SocketProcessorBase.run(SocketProcessorBase.java:74)
		at org.apache.tomcat.util.threads.ThreadPoolExecutor.runWorker(ThreadPoolExecutor.java:976)
		at org.apache.tomcat.util.threads.ThreadPoolExecutor$Worker.run(ThreadPoolExecutor.java:494)
		at org.apache.tomcat.util.threads.TaskThread$WrappingRunnable.run(TaskThread.java:80)
		at java.base/java.lang.Thread.run(Thread.java:1474)
05-Jul-2026 09:19:35.076 INFORMACIÓN [http-nio-8082-exec-9] org.apache.catalina.startup.HostConfig.undeploy Repliegue (undeploy) de la aplicación web que tiene como trayectoria de contexto [/HotelWebApp]
05-Jul-2026 09:19:35.167 INFORMACIÓN [http-nio-8082-exec-7] org.apache.catalina.startup.HostConfig.deployDescriptor Desplieque del descriptor de configuración [C:\Users\Josue\OneDrive\Documentos\GitHub\5to-2.0\Requisitos\Parcial3\Deberes\Deber4\apache-tomcat-9.0.119\conf\Catalina\localhost\HotelWebApp.xml]
05-Jul-2026 09:19:35.168 ADVERTENCIA [http-nio-8082-exec-7] org.apache.catalina.startup.HostConfig.deployDescriptor The path attribute with value [/HotelWebApp] in deployment descriptor [C:\Users\Josue\OneDrive\Documentos\GitHub\5to-2.0\Requisitos\Parcial3\Deberes\Deber4\apache-tomcat-9.0.119\conf\Catalina\localhost\HotelWebApp.xml] has been ignored
05-Jul-2026 09:19:35.610 INFORMACIÓN [http-nio-8082-exec-7] org.apache.catalina.startup.HostConfig.deployDescriptor Deployment of deployment descriptor [C:\Users\Josue\OneDrive\Documentos\GitHub\5to-2.0\Requisitos\Parcial3\Deberes\Deber4\apache-tomcat-9.0.119\conf\Catalina\localhost\HotelWebApp.xml] has finished in [443] ms
05-Jul-2026 09:19:35.612 INFORMACIÓN [http-nio-8082-exec-8] org.apache.catalina.util.LifecycleBase.start The start() method was called on component [StandardEngine[Catalina].StandardHost[localhost].StandardContext[/HotelWebApp]] after start() had already been called. The second call will be ignored.
