04-Jul-2026 21:55:39.515 INFORMACIÓN [main] org.apache.catalina.startup.VersionLoggerListener.log Nombre de la versión del servidor: Apache Tomcat/9.0.119
04-Jul-2026 21:55:39.519 INFORMACIÓN [main] org.apache.catalina.startup.VersionLoggerListener.log Server built:                      Jun 18 2026 07:06:31 UTC
04-Jul-2026 21:55:39.519 INFORMACIÓN [main] org.apache.catalina.startup.VersionLoggerListener.log Número de versión de servidor:     9.0.119.0
04-Jul-2026 21:55:39.519 INFORMACIÓN [main] org.apache.catalina.startup.VersionLoggerListener.log OS Name:                           Windows 11
04-Jul-2026 21:55:39.520 INFORMACIÓN [main] org.apache.catalina.startup.VersionLoggerListener.log Versión de Systema Operativo:      10.0
04-Jul-2026 21:55:39.520 INFORMACIÓN [main] org.apache.catalina.startup.VersionLoggerListener.log Arquitectura:                      amd64
04-Jul-2026 21:55:39.520 INFORMACIÓN [main] org.apache.catalina.startup.VersionLoggerListener.log Java Home:                         C:\Program Files\Apache NetBeans\jdk
04-Jul-2026 21:55:39.520 INFORMACIÓN [main] org.apache.catalina.startup.VersionLoggerListener.log JVM Version:                       25.0.2+10-LTS
04-Jul-2026 21:55:39.520 INFORMACIÓN [main] org.apache.catalina.startup.VersionLoggerListener.log Vededor JVM:                       Azul Systems, Inc.
04-Jul-2026 21:55:39.520 INFORMACIÓN [main] org.apache.catalina.startup.VersionLoggerListener.log CATALINA_BASE:                     C:\Users\Josue\OneDrive\Documentos\GitHub\5to-2.0\Requisitos\Parcial3\Deberes\Deber4\apache-tomcat-9.0.119
04-Jul-2026 21:55:39.521 INFORMACIÓN [main] org.apache.catalina.startup.VersionLoggerListener.log CATALINA_HOME:                     C:\Users\Josue\OneDrive\Documentos\GitHub\5to-2.0\Requisitos\Parcial3\Deberes\Deber4\apache-tomcat-9.0.119
04-Jul-2026 21:55:39.534 INFORMACIÓN [main] org.apache.catalina.startup.VersionLoggerListener.log Command line argument:             --add-opens=java.base/java.lang=ALL-UNNAMED
04-Jul-2026 21:55:39.535 INFORMACIÓN [main] org.apache.catalina.startup.VersionLoggerListener.log Command line argument:             --add-opens=java.base/java.lang.invoke=ALL-UNNAMED
04-Jul-2026 21:55:39.535 INFORMACIÓN [main] org.apache.catalina.startup.VersionLoggerListener.log Command line argument:             --add-opens=java.base/java.lang.reflect=ALL-UNNAMED
04-Jul-2026 21:55:39.535 INFORMACIÓN [main] org.apache.catalina.startup.VersionLoggerListener.log Command line argument:             --add-opens=java.base/java.io=ALL-UNNAMED
04-Jul-2026 21:55:39.535 INFORMACIÓN [main] org.apache.catalina.startup.VersionLoggerListener.log Command line argument:             --add-opens=java.base/java.util=ALL-UNNAMED
04-Jul-2026 21:55:39.535 INFORMACIÓN [main] org.apache.catalina.startup.VersionLoggerListener.log Command line argument:             --add-opens=java.base/java.util.concurrent=ALL-UNNAMED
04-Jul-2026 21:55:39.535 INFORMACIÓN [main] org.apache.catalina.startup.VersionLoggerListener.log Command line argument:             --add-opens=java.rmi/sun.rmi.transport=ALL-UNNAMED
04-Jul-2026 21:55:39.535 INFORMACIÓN [main] org.apache.catalina.startup.VersionLoggerListener.log Command line argument:             -Djava.util.logging.config.file=C:\Users\Josue\OneDrive\Documentos\GitHub\5to-2.0\Requisitos\Parcial3\Deberes\Deber4\apache-tomcat-9.0.119\conf\logging.properties
04-Jul-2026 21:55:39.536 INFORMACIÓN [main] org.apache.catalina.startup.VersionLoggerListener.log Command line argument:             -Djava.util.logging.manager=org.apache.juli.ClassLoaderLogManager
04-Jul-2026 21:55:39.536 INFORMACIÓN [main] org.apache.catalina.startup.VersionLoggerListener.log Command line argument:             -Djdk.tls.ephemeralDHKeySize=2048
04-Jul-2026 21:55:39.536 INFORMACIÓN [main] org.apache.catalina.startup.VersionLoggerListener.log Command line argument:             -Djava.protocol.handler.pkgs=org.apache.catalina.webresources
04-Jul-2026 21:55:39.536 INFORMACIÓN [main] org.apache.catalina.startup.VersionLoggerListener.log Command line argument:             -Dsun.io.useCanonCaches=false
04-Jul-2026 21:55:39.536 INFORMACIÓN [main] org.apache.catalina.startup.VersionLoggerListener.log Command line argument:             -Dignore.endorsed.dirs=
04-Jul-2026 21:55:39.536 INFORMACIÓN [main] org.apache.catalina.startup.VersionLoggerListener.log Command line argument:             -Dcatalina.base=C:\Users\Josue\OneDrive\Documentos\GitHub\5to-2.0\Requisitos\Parcial3\Deberes\Deber4\apache-tomcat-9.0.119
04-Jul-2026 21:55:39.536 INFORMACIÓN [main] org.apache.catalina.startup.VersionLoggerListener.log Command line argument:             -Dcatalina.home=C:\Users\Josue\OneDrive\Documentos\GitHub\5to-2.0\Requisitos\Parcial3\Deberes\Deber4\apache-tomcat-9.0.119
04-Jul-2026 21:55:39.536 INFORMACIÓN [main] org.apache.catalina.startup.VersionLoggerListener.log Command line argument:             -Djava.io.tmpdir=C:\Users\Josue\OneDrive\Documentos\GitHub\5to-2.0\Requisitos\Parcial3\Deberes\Deber4\apache-tomcat-9.0.119\temp
04-Jul-2026 21:55:39.545 INFORMACIÓN [main] org.apache.catalina.core.AprLifecycleListener.lifecycleEvent Cargada la biblioteca nativa APR de Apache Tomcat [1.3.8] con la versión APR [1.7.6].
04-Jul-2026 21:55:39.545 INFORMACIÓN [main] org.apache.catalina.core.AprLifecycleListener.lifecycleEvent Capacidades APR: IPv6 [true], enviar fichero [true], aceptar filtros [false], aleatorio [true], UDS [true].
04-Jul-2026 21:55:39.574 INFORMACIÓN [main] org.apache.catalina.core.AprLifecycleListener.lifecycleEvent APR/OpenSSL configuration: useAprConnector [false], useOpenSSL [true]
04-Jul-2026 21:55:39.588 INFORMACIÓN [main] org.apache.catalina.core.AprLifecycleListener.initializeSSL OpenSSL inicializado correctamente [OpenSSL 3.0.21 9 Jun 2026]
04-Jul-2026 21:55:40.052 INFORMACIÓN [main] org.apache.coyote.AbstractProtocol.init Inicializando el manejador de protocolo ["http-nio-8082"]

04-Jul-2026 21:55:40.087 INFORMACIÓN [main] org.apache.catalina.startup.Catalina.load Server initialization in [865] milliseconds
04-Jul-2026 21:55:40.157 INFORMACIÓN [main] org.apache.catalina.core.StandardService.startInternal Arrancando servicio [Catalina]
04-Jul-2026 21:55:40.157 INFORMACIÓN [main] org.apache.catalina.core.StandardEngine.startInternal Starting Servlet engine: [Apache Tomcat/9.0.119]
04-Jul-2026 21:55:40.176 INFORMACIÓN [main] org.apache.catalina.startup.HostConfig.deployDirectory Desplegando el directorio [C:\Users\Josue\OneDrive\Documentos\GitHub\5to-2.0\Requisitos\Parcial3\Deberes\Deber4\apache-tomcat-9.0.119\webapps\docs] de la aplicación web
04-Jul-2026 21:55:40.659 INFORMACIÓN [main] org.apache.catalina.startup.HostConfig.deployDirectory Deployment of web application directory [C:\Users\Josue\OneDrive\Documentos\GitHub\5to-2.0\Requisitos\Parcial3\Deberes\Deber4\apache-tomcat-9.0.119\webapps\docs] has finished in [475] ms
04-Jul-2026 21:55:40.659 INFORMACIÓN [main] org.apache.catalina.startup.HostConfig.deployDirectory Desplegando el directorio [C:\Users\Josue\OneDrive\Documentos\GitHub\5to-2.0\Requisitos\Parcial3\Deberes\Deber4\apache-tomcat-9.0.119\webapps\examples] de la aplicación web
04-Jul-2026 21:55:41.816 INFORMACIÓN [main] org.apache.catalina.startup.HostConfig.deployDirectory Deployment of web application directory [C:\Users\Josue\OneDrive\Documentos\GitHub\5to-2.0\Requisitos\Parcial3\Deberes\Deber4\apache-tomcat-9.0.119\webapps\examples] has finished in [1.157] ms
04-Jul-2026 21:55:41.817 INFORMACIÓN [main] org.apache.catalina.startup.HostConfig.deployDirectory Desplegando el directorio [C:\Users\Josue\OneDrive\Documentos\GitHub\5to-2.0\Requisitos\Parcial3\Deberes\Deber4\apache-tomcat-9.0.119\webapps\host-manager] de la aplicación web
04-Jul-2026 21:55:41.923 INFORMACIÓN [main] org.apache.catalina.startup.HostConfig.deployDirectory Deployment of web application directory [C:\Users\Josue\OneDrive\Documentos\GitHub\5to-2.0\Requisitos\Parcial3\Deberes\Deber4\apache-tomcat-9.0.119\webapps\host-manager] has finished in [106] ms
04-Jul-2026 21:55:41.923 INFORMACIÓN [main] org.apache.catalina.startup.HostConfig.deployDirectory Desplegando el directorio [C:\Users\Josue\OneDrive\Documentos\GitHub\5to-2.0\Requisitos\Parcial3\Deberes\Deber4\apache-tomcat-9.0.119\webapps\manager] de la aplicación web
04-Jul-2026 21:55:42.051 INFORMACIÓN [main] org.apache.catalina.startup.HostConfig.deployDirectory Deployment of web application directory [C:\Users\Josue\OneDrive\Documentos\GitHub\5to-2.0\Requisitos\Parcial3\Deberes\Deber4\apache-tomcat-9.0.119\webapps\manager] has finished in [128] ms
04-Jul-2026 21:55:42.052 INFORMACIÓN [main] org.apache.catalina.startup.HostConfig.deployDirectory Desplegando el directorio [C:\Users\Josue\OneDrive\Documentos\GitHub\5to-2.0\Requisitos\Parcial3\Deberes\Deber4\apache-tomcat-9.0.119\webapps\ROOT] de la aplicación web
04-Jul-2026 21:55:42.138 INFORMACIÓN [main] org.apache.catalina.startup.HostConfig.deployDirectory Deployment of web application directory [C:\Users\Josue\OneDrive\Documentos\GitHub\5to-2.0\Requisitos\Parcial3\Deberes\Deber4\apache-tomcat-9.0.119\webapps\ROOT] has finished in [86] ms
04-Jul-2026 21:55:42.143 INFORMACIÓN [main] org.apache.coyote.AbstractProtocol.start Starting ProtocolHandler ["http-nio-8082"]
04-Jul-2026 21:55:42.185 INFORMACIÓN [main] org.apache.catalina.startup.Catalina.start Server startup in [2096] milliseconds
04-Jul-2026 21:55:42.420 INFORMACIÓN [http-nio-8082-exec-7] org.apache.catalina.startup.HostConfig.deployDescriptor Desplieque del descriptor de configuración [C:\Users\Josue\OneDrive\Documentos\GitHub\5to-2.0\Requisitos\Parcial3\Deberes\Deber4\apache-tomcat-9.0.119\conf\Catalina\localhost\HotelWebApp.xml]
04-Jul-2026 21:55:42.422 ADVERTENCIA [http-nio-8082-exec-7] org.apache.catalina.startup.HostConfig.deployDescriptor The path attribute with value [/HotelWebApp] in deployment descriptor [C:\Users\Josue\OneDrive\Documentos\GitHub\5to-2.0\Requisitos\Parcial3\Deberes\Deber4\apache-tomcat-9.0.119\conf\Catalina\localhost\HotelWebApp.xml] has been ignored
04-Jul-2026 21:55:43.017 INFORMACIÓN [http-nio-8082-exec-7] org.apache.catalina.startup.HostConfig.deployDescriptor Deployment of deployment descriptor [C:\Users\Josue\OneDrive\Documentos\GitHub\5to-2.0\Requisitos\Parcial3\Deberes\Deber4\apache-tomcat-9.0.119\conf\Catalina\localhost\HotelWebApp.xml] has finished in [596] ms
04-Jul-2026 21:55:43.021 INFORMACIÓN [http-nio-8082-exec-5] org.apache.catalina.util.LifecycleBase.start The start() method was called on component [StandardEngine[Catalina].StandardHost[localhost].StandardContext[/HotelWebApp]] after start() had already been called. The second call will be ignored.
04-Jul-2026 23:00:34.476 INFO [main] org.apache.catalina.startup.VersionLoggerListener.log Nombre de la versión del servidor: Apache Tomcat/9.0.119
04-Jul-2026 23:00:34.481 INFO [main] org.apache.catalina.startup.VersionLoggerListener.log Server built:                      Jun 18 2026 07:06:31 UTC
04-Jul-2026 23:00:34.481 INFO [main] org.apache.catalina.startup.VersionLoggerListener.log Número de versión de servidor:     9.0.119.0
04-Jul-2026 23:00:34.482 INFO [main] org.apache.catalina.startup.VersionLoggerListener.log OS Name:                           Windows 11
04-Jul-2026 23:00:34.482 INFO [main] org.apache.catalina.startup.VersionLoggerListener.log Versión de Systema Operativo:      10.0
04-Jul-2026 23:00:34.483 INFO [main] org.apache.catalina.startup.VersionLoggerListener.log Arquitectura:                      amd64
04-Jul-2026 23:00:34.483 INFO [main] org.apache.catalina.startup.VersionLoggerListener.log Java Home:                         C:\Program Files\Java\jdk-21
04-Jul-2026 23:00:34.483 INFO [main] org.apache.catalina.startup.VersionLoggerListener.log JVM Version:                       21.0.9+7-LTS-338
04-Jul-2026 23:00:34.483 INFO [main] org.apache.catalina.startup.VersionLoggerListener.log Vededor JVM:                       Oracle Corporation
04-Jul-2026 23:00:34.484 INFO [main] org.apache.catalina.startup.VersionLoggerListener.log CATALINA_BASE:                     C:\Users\Josue\OneDrive\Documentos\GitHub\5to-2.0\Requisitos\Parcial3\Deberes\Deber4\apache-tomcat-9.0.119
04-Jul-2026 23:00:34.484 INFO [main] org.apache.catalina.startup.VersionLoggerListener.log CATALINA_HOME:                     C:\Users\Josue\OneDrive\Documentos\GitHub\5to-2.0\Requisitos\Parcial3\Deberes\Deber4\apache-tomcat-9.0.119
04-Jul-2026 23:00:34.503 INFO [main] org.apache.catalina.startup.VersionLoggerListener.log Command line argument:             --add-opens=java.base/java.lang=ALL-UNNAMED
04-Jul-2026 23:00:34.504 INFO [main] org.apache.catalina.startup.VersionLoggerListener.log Command line argument:             --add-opens=java.base/java.lang.invoke=ALL-UNNAMED
04-Jul-2026 23:00:34.504 INFO [main] org.apache.catalina.startup.VersionLoggerListener.log Command line argument:             --add-opens=java.base/java.lang.reflect=ALL-UNNAMED
04-Jul-2026 23:00:34.504 INFO [main] org.apache.catalina.startup.VersionLoggerListener.log Command line argument:             --add-opens=java.base/java.io=ALL-UNNAMED
04-Jul-2026 23:00:34.504 INFO [main] org.apache.catalina.startup.VersionLoggerListener.log Command line argument:             --add-opens=java.base/java.util=ALL-UNNAMED
04-Jul-2026 23:00:34.504 INFO [main] org.apache.catalina.startup.VersionLoggerListener.log Command line argument:             --add-opens=java.base/java.util.concurrent=ALL-UNNAMED
04-Jul-2026 23:00:34.505 INFO [main] org.apache.catalina.startup.VersionLoggerListener.log Command line argument:             --add-opens=java.rmi/sun.rmi.transport=ALL-UNNAMED
04-Jul-2026 23:00:34.505 INFO [main] org.apache.catalina.startup.VersionLoggerListener.log Command line argument:             -Djava.util.logging.config.file=C:\Users\Josue\OneDrive\Documentos\GitHub\5to-2.0\Requisitos\Parcial3\Deberes\Deber4\apache-tomcat-9.0.119\conf\logging.properties
04-Jul-2026 23:00:34.505 INFO [main] org.apache.catalina.startup.VersionLoggerListener.log Command line argument:             -Djava.util.logging.manager=org.apache.juli.ClassLoaderLogManager
04-Jul-2026 23:00:34.505 INFO [main] org.apache.catalina.startup.VersionLoggerListener.log Command line argument:             -Djdk.tls.ephemeralDHKeySize=2048
04-Jul-2026 23:00:34.506 INFO [main] org.apache.catalina.startup.VersionLoggerListener.log Command line argument:             -Djava.protocol.handler.pkgs=org.apache.catalina.webresources
04-Jul-2026 23:00:34.506 INFO [main] org.apache.catalina.startup.VersionLoggerListener.log Command line argument:             -Dsun.io.useCanonCaches=false
04-Jul-2026 23:00:34.506 INFO [main] org.apache.catalina.startup.VersionLoggerListener.log Command line argument:             -Dignore.endorsed.dirs=
04-Jul-2026 23:00:34.506 INFO [main] org.apache.catalina.startup.VersionLoggerListener.log Command line argument:             -Dcatalina.base=C:\Users\Josue\OneDrive\Documentos\GitHub\5to-2.0\Requisitos\Parcial3\Deberes\Deber4\apache-tomcat-9.0.119
04-Jul-2026 23:00:34.507 INFO [main] org.apache.catalina.startup.VersionLoggerListener.log Command line argument:             -Dcatalina.home=C:\Users\Josue\OneDrive\Documentos\GitHub\5to-2.0\Requisitos\Parcial3\Deberes\Deber4\apache-tomcat-9.0.119
04-Jul-2026 23:00:34.507 INFO [main] org.apache.catalina.startup.VersionLoggerListener.log Command line argument:             -Djava.io.tmpdir=C:\Users\Josue\OneDrive\Documentos\GitHub\5to-2.0\Requisitos\Parcial3\Deberes\Deber4\apache-tomcat-9.0.119\temp
04-Jul-2026 23:00:34.515 INFO [main] org.apache.catalina.core.AprLifecycleListener.lifecycleEvent Cargada la biblioteca nativa APR de Apache Tomcat [1.3.8] con la versión APR [1.7.6].
04-Jul-2026 23:00:34.515 INFO [main] org.apache.catalina.core.AprLifecycleListener.lifecycleEvent Capacidades APR: IPv6 [true], enviar fichero [true], aceptar filtros [false], aleatorio [true], UDS [true].
04-Jul-2026 23:00:34.516 INFO [main] org.apache.catalina.core.AprLifecycleListener.lifecycleEvent APR/OpenSSL configuration: useAprConnector [false], useOpenSSL [true]
04-Jul-2026 23:00:34.524 INFO [main] org.apache.catalina.core.AprLifecycleListener.initializeSSL OpenSSL inicializado correctamente [OpenSSL 3.0.21 9 Jun 2026]
04-Jul-2026 23:00:35.072 INFO [main] org.apache.coyote.AbstractProtocol.init Inicializando el manejador de protocolo ["http-nio-8082"]

04-Jul-2026 23:00:35.110 INFO [main] org.apache.catalina.startup.Catalina.load Server initialization in [950] milliseconds
04-Jul-2026 23:00:35.185 INFO [main] org.apache.catalina.core.StandardService.startInternal Arrancando servicio [Catalina]
04-Jul-2026 23:00:35.185 INFO [main] org.apache.catalina.core.StandardEngine.startInternal Starting Servlet engine: [Apache Tomcat/9.0.119]
04-Jul-2026 23:00:35.199 INFO [main] org.apache.catalina.startup.HostConfig.deployDescriptor Desplieque del descriptor de configuración [C:\Users\Josue\OneDrive\Documentos\GitHub\5to-2.0\Requisitos\Parcial3\Deberes\Deber4\apache-tomcat-9.0.119\conf\Catalina\localhost\HotelWebApp.xml]
04-Jul-2026 23:00:35.217 WARNING [main] org.apache.catalina.startup.HostConfig.deployDescriptor The path attribute with value [/HotelWebApp] in deployment descriptor [C:\Users\Josue\OneDrive\Documentos\GitHub\5to-2.0\Requisitos\Parcial3\Deberes\Deber4\apache-tomcat-9.0.119\conf\Catalina\localhost\HotelWebApp.xml] has been ignored
04-Jul-2026 23:00:35.226 WARNING [main] org.apache.catalina.startup.HostConfig.deployDescriptor Deployment of deployment descriptor [C:\Users\Josue\OneDrive\Documentos\GitHub\5to-2.0\Requisitos\Parcial3\Deberes\Deber4\apache-tomcat-9.0.119\conf\Catalina\localhost\HotelWebApp.xml] with an external docBase means the WAR [C:\Users\Josue\OneDrive\Documentos\GitHub\5to-2.0\Requisitos\Parcial3\Deberes\Deber4\apache-tomcat-9.0.119\webapps\HotelWebApp.war] in the appBase will be ignored
04-Jul-2026 23:00:36.430 INFO [main] org.apache.catalina.startup.HostConfig.deployDescriptor Deployment of deployment descriptor [C:\Users\Josue\OneDrive\Documentos\GitHub\5to-2.0\Requisitos\Parcial3\Deberes\Deber4\apache-tomcat-9.0.119\conf\Catalina\localhost\HotelWebApp.xml] has finished in [1.227] ms
04-Jul-2026 23:00:36.431 INFO [main] org.apache.catalina.startup.HostConfig.deployDirectory Desplegando el directorio [C:\Users\Josue\OneDrive\Documentos\GitHub\5to-2.0\Requisitos\Parcial3\Deberes\Deber4\apache-tomcat-9.0.119\webapps\docs] de la aplicación web
04-Jul-2026 23:00:36.516 INFO [main] org.apache.catalina.startup.HostConfig.deployDirectory Deployment of web application directory [C:\Users\Josue\OneDrive\Documentos\GitHub\5to-2.0\Requisitos\Parcial3\Deberes\Deber4\apache-tomcat-9.0.119\webapps\docs] has finished in [85] ms
04-Jul-2026 23:00:36.517 INFO [main] org.apache.catalina.startup.HostConfig.deployDirectory Desplegando el directorio [C:\Users\Josue\OneDrive\Documentos\GitHub\5to-2.0\Requisitos\Parcial3\Deberes\Deber4\apache-tomcat-9.0.119\webapps\examples] de la aplicación web
04-Jul-2026 23:00:37.552 INFO [main] org.apache.catalina.startup.HostConfig.deployDirectory Deployment of web application directory [C:\Users\Josue\OneDrive\Documentos\GitHub\5to-2.0\Requisitos\Parcial3\Deberes\Deber4\apache-tomcat-9.0.119\webapps\examples] has finished in [1.035] ms
04-Jul-2026 23:00:37.552 INFO [main] org.apache.catalina.startup.HostConfig.deployDirectory Desplegando el directorio [C:\Users\Josue\OneDrive\Documentos\GitHub\5to-2.0\Requisitos\Parcial3\Deberes\Deber4\apache-tomcat-9.0.119\webapps\host-manager] de la aplicación web
04-Jul-2026 23:00:37.658 INFO [main] org.apache.catalina.startup.HostConfig.deployDirectory Deployment of web application directory [C:\Users\Josue\OneDrive\Documentos\GitHub\5to-2.0\Requisitos\Parcial3\Deberes\Deber4\apache-tomcat-9.0.119\webapps\host-manager] has finished in [105] ms
04-Jul-2026 23:00:37.658 INFO [main] org.apache.catalina.startup.HostConfig.deployDirectory Desplegando el directorio [C:\Users\Josue\OneDrive\Documentos\GitHub\5to-2.0\Requisitos\Parcial3\Deberes\Deber4\apache-tomcat-9.0.119\webapps\manager] de la aplicación web
04-Jul-2026 23:00:37.807 INFO [main] org.apache.catalina.startup.HostConfig.deployDirectory Deployment of web application directory [C:\Users\Josue\OneDrive\Documentos\GitHub\5to-2.0\Requisitos\Parcial3\Deberes\Deber4\apache-tomcat-9.0.119\webapps\manager] has finished in [149] ms
04-Jul-2026 23:00:37.808 INFO [main] org.apache.catalina.startup.HostConfig.deployDirectory Desplegando el directorio [C:\Users\Josue\OneDrive\Documentos\GitHub\5to-2.0\Requisitos\Parcial3\Deberes\Deber4\apache-tomcat-9.0.119\webapps\ROOT] de la aplicación web
04-Jul-2026 23:00:37.923 INFO [main] org.apache.catalina.startup.HostConfig.deployDirectory Deployment of web application directory [C:\Users\Josue\OneDrive\Documentos\GitHub\5to-2.0\Requisitos\Parcial3\Deberes\Deber4\apache-tomcat-9.0.119\webapps\ROOT] has finished in [114] ms
04-Jul-2026 23:00:37.929 INFO [main] org.apache.coyote.AbstractProtocol.start Starting ProtocolHandler ["http-nio-8082"]
04-Jul-2026 23:00:37.973 INFO [main] org.apache.catalina.startup.Catalina.start Server startup in [2859] milliseconds
04-Jul-2026 23:25:08.222 INFO [main] org.apache.catalina.core.StandardServer.await Se ha recibido un comando de apagado a través del puerto de apagado. Parando la instancia del Servidor.
04-Jul-2026 23:25:08.224 INFO [main] org.apache.coyote.AbstractProtocol.pause Pausing ProtocolHandler ["http-nio-8082"]
04-Jul-2026 23:25:08.239 INFO [main] org.apache.catalina.core.StandardService.stopInternal Parando servicio [Catalina]
04-Jul-2026 23:25:08.327 INFO [main] org.apache.coyote.AbstractProtocol.stop Stopping ProtocolHandler ["http-nio-8082"]
04-Jul-2026 23:25:08.332 INFO [main] org.apache.coyote.AbstractProtocol.destroy Destroying ProtocolHandler ["http-nio-8082"]
04-Jul-2026 23:25:53.325 INFO [main] org.apache.catalina.startup.VersionLoggerListener.log Nombre de la versión del servidor: Apache Tomcat/9.0.119
04-Jul-2026 23:25:53.331 INFO [main] org.apache.catalina.startup.VersionLoggerListener.log Server built:                      Jun 18 2026 07:06:31 UTC
04-Jul-2026 23:25:53.332 INFO [main] org.apache.catalina.startup.VersionLoggerListener.log Número de versión de servidor:     9.0.119.0
04-Jul-2026 23:25:53.333 INFO [main] org.apache.catalina.startup.VersionLoggerListener.log OS Name:                           Windows 11
04-Jul-2026 23:25:53.333 INFO [main] org.apache.catalina.startup.VersionLoggerListener.log Versión de Systema Operativo:      10.0
04-Jul-2026 23:25:53.334 INFO [main] org.apache.catalina.startup.VersionLoggerListener.log Arquitectura:                      amd64
04-Jul-2026 23:25:53.335 INFO [main] org.apache.catalina.startup.VersionLoggerListener.log Java Home:                         C:\Program Files\Java\jdk-21
04-Jul-2026 23:25:53.335 INFO [main] org.apache.catalina.startup.VersionLoggerListener.log JVM Version:                       21.0.9+7-LTS-338
04-Jul-2026 23:25:53.335 INFO [main] org.apache.catalina.startup.VersionLoggerListener.log Vededor JVM:                       Oracle Corporation
04-Jul-2026 23:25:53.335 INFO [main] org.apache.catalina.startup.VersionLoggerListener.log CATALINA_BASE:                     C:\Users\Josue\OneDrive\Documentos\GitHub\5to-2.0\Requisitos\Parcial3\Deberes\Deber4\apache-tomcat-9.0.119
04-Jul-2026 23:25:53.336 INFO [main] org.apache.catalina.startup.VersionLoggerListener.log CATALINA_HOME:                     C:\Users\Josue\OneDrive\Documentos\GitHub\5to-2.0\Requisitos\Parcial3\Deberes\Deber4\apache-tomcat-9.0.119
04-Jul-2026 23:25:53.346 INFO [main] org.apache.catalina.startup.VersionLoggerListener.log Command line argument:             --add-opens=java.base/java.lang=ALL-UNNAMED
04-Jul-2026 23:25:53.346 INFO [main] org.apache.catalina.startup.VersionLoggerListener.log Command line argument:             --add-opens=java.base/java.lang.invoke=ALL-UNNAMED
04-Jul-2026 23:25:53.346 INFO [main] org.apache.catalina.startup.VersionLoggerListener.log Command line argument:             --add-opens=java.base/java.lang.reflect=ALL-UNNAMED
04-Jul-2026 23:25:53.346 INFO [main] org.apache.catalina.startup.VersionLoggerListener.log Command line argument:             --add-opens=java.base/java.io=ALL-UNNAMED
04-Jul-2026 23:25:53.347 INFO [main] org.apache.catalina.startup.VersionLoggerListener.log Command line argument:             --add-opens=java.base/java.util=ALL-UNNAMED
04-Jul-2026 23:25:53.347 INFO [main] org.apache.catalina.startup.VersionLoggerListener.log Command line argument:             --add-opens=java.base/java.util.concurrent=ALL-UNNAMED
04-Jul-2026 23:25:53.347 INFO [main] org.apache.catalina.startup.VersionLoggerListener.log Command line argument:             --add-opens=java.rmi/sun.rmi.transport=ALL-UNNAMED
04-Jul-2026 23:25:53.347 INFO [main] org.apache.catalina.startup.VersionLoggerListener.log Command line argument:             -Djava.util.logging.config.file=C:\Users\Josue\OneDrive\Documentos\GitHub\5to-2.0\Requisitos\Parcial3\Deberes\Deber4\apache-tomcat-9.0.119\conf\logging.properties
04-Jul-2026 23:25:53.348 INFO [main] org.apache.catalina.startup.VersionLoggerListener.log Command line argument:             -Djava.util.logging.manager=org.apache.juli.ClassLoaderLogManager
04-Jul-2026 23:25:53.348 INFO [main] org.apache.catalina.startup.VersionLoggerListener.log Command line argument:             -Djdk.tls.ephemeralDHKeySize=2048
04-Jul-2026 23:25:53.348 INFO [main] org.apache.catalina.startup.VersionLoggerListener.log Command line argument:             -Djava.protocol.handler.pkgs=org.apache.catalina.webresources
04-Jul-2026 23:25:53.349 INFO [main] org.apache.catalina.startup.VersionLoggerListener.log Command line argument:             -Dsun.io.useCanonCaches=false
04-Jul-2026 23:25:53.349 INFO [main] org.apache.catalina.startup.VersionLoggerListener.log Command line argument:             -Dignore.endorsed.dirs=
04-Jul-2026 23:25:53.349 INFO [main] org.apache.catalina.startup.VersionLoggerListener.log Command line argument:             -Dcatalina.base=C:\Users\Josue\OneDrive\Documentos\GitHub\5to-2.0\Requisitos\Parcial3\Deberes\Deber4\apache-tomcat-9.0.119
04-Jul-2026 23:25:53.350 INFO [main] org.apache.catalina.startup.VersionLoggerListener.log Command line argument:             -Dcatalina.home=C:\Users\Josue\OneDrive\Documentos\GitHub\5to-2.0\Requisitos\Parcial3\Deberes\Deber4\apache-tomcat-9.0.119
04-Jul-2026 23:25:53.350 INFO [main] org.apache.catalina.startup.VersionLoggerListener.log Command line argument:             -Djava.io.tmpdir=C:\Users\Josue\OneDrive\Documentos\GitHub\5to-2.0\Requisitos\Parcial3\Deberes\Deber4\apache-tomcat-9.0.119\temp
04-Jul-2026 23:25:53.358 INFO [main] org.apache.catalina.core.AprLifecycleListener.lifecycleEvent Cargada la biblioteca nativa APR de Apache Tomcat [1.3.8] con la versión APR [1.7.6].
04-Jul-2026 23:25:53.359 INFO [main] org.apache.catalina.core.AprLifecycleListener.lifecycleEvent Capacidades APR: IPv6 [true], enviar fichero [true], aceptar filtros [false], aleatorio [true], UDS [true].
04-Jul-2026 23:25:53.359 INFO [main] org.apache.catalina.core.AprLifecycleListener.lifecycleEvent APR/OpenSSL configuration: useAprConnector [false], useOpenSSL [true]
04-Jul-2026 23:25:53.368 INFO [main] org.apache.catalina.core.AprLifecycleListener.initializeSSL OpenSSL inicializado correctamente [OpenSSL 3.0.21 9 Jun 2026]
04-Jul-2026 23:25:53.820 INFO [main] org.apache.coyote.AbstractProtocol.init Inicializando el manejador de protocolo ["http-nio-8082"]

04-Jul-2026 23:25:53.866 INFO [main] org.apache.catalina.startup.Catalina.load Server initialization in [846] milliseconds
04-Jul-2026 23:25:53.959 INFO [main] org.apache.catalina.core.StandardService.startInternal Arrancando servicio [Catalina]
04-Jul-2026 23:25:53.967 INFO [main] org.apache.catalina.core.StandardEngine.startInternal Starting Servlet engine: [Apache Tomcat/9.0.119]
04-Jul-2026 23:25:54.003 INFO [main] org.apache.catalina.startup.HostConfig.deployDescriptor Desplieque del descriptor de configuración [C:\Users\Josue\OneDrive\Documentos\GitHub\5to-2.0\Requisitos\Parcial3\Deberes\Deber4\apache-tomcat-9.0.119\conf\Catalina\localhost\HotelWebApp.xml]
04-Jul-2026 23:25:54.034 WARNING [main] org.apache.catalina.startup.HostConfig.deployDescriptor The path attribute with value [/HotelWebApp] in deployment descriptor [C:\Users\Josue\OneDrive\Documentos\GitHub\5to-2.0\Requisitos\Parcial3\Deberes\Deber4\apache-tomcat-9.0.119\conf\Catalina\localhost\HotelWebApp.xml] has been ignored
04-Jul-2026 23:25:54.050 WARNING [main] org.apache.catalina.startup.HostConfig.deployDescriptor Deployment of deployment descriptor [C:\Users\Josue\OneDrive\Documentos\GitHub\5to-2.0\Requisitos\Parcial3\Deberes\Deber4\apache-tomcat-9.0.119\conf\Catalina\localhost\HotelWebApp.xml] with an external docBase means the WAR [C:\Users\Josue\OneDrive\Documentos\GitHub\5to-2.0\Requisitos\Parcial3\Deberes\Deber4\apache-tomcat-9.0.119\webapps\HotelWebApp.war] in the appBase will be ignored
04-Jul-2026 23:25:55.014 INFO [main] org.apache.catalina.startup.HostConfig.deployDescriptor Deployment of deployment descriptor [C:\Users\Josue\OneDrive\Documentos\GitHub\5to-2.0\Requisitos\Parcial3\Deberes\Deber4\apache-tomcat-9.0.119\conf\Catalina\localhost\HotelWebApp.xml] has finished in [1.009] ms
04-Jul-2026 23:25:55.018 INFO [main] org.apache.catalina.startup.HostConfig.deployDirectory Desplegando el directorio [C:\Users\Josue\OneDrive\Documentos\GitHub\5to-2.0\Requisitos\Parcial3\Deberes\Deber4\apache-tomcat-9.0.119\webapps\docs] de la aplicación web
04-Jul-2026 23:25:55.107 INFO [main] org.apache.catalina.startup.HostConfig.deployDirectory Deployment of web application directory [C:\Users\Josue\OneDrive\Documentos\GitHub\5to-2.0\Requisitos\Parcial3\Deberes\Deber4\apache-tomcat-9.0.119\webapps\docs] has finished in [89] ms
04-Jul-2026 23:25:55.108 INFO [main] org.apache.catalina.startup.HostConfig.deployDirectory Desplegando el directorio [C:\Users\Josue\OneDrive\Documentos\GitHub\5to-2.0\Requisitos\Parcial3\Deberes\Deber4\apache-tomcat-9.0.119\webapps\examples] de la aplicación web
04-Jul-2026 23:25:56.101 INFO [main] org.apache.catalina.startup.HostConfig.deployDirectory Deployment of web application directory [C:\Users\Josue\OneDrive\Documentos\GitHub\5to-2.0\Requisitos\Parcial3\Deberes\Deber4\apache-tomcat-9.0.119\webapps\examples] has finished in [993] ms
04-Jul-2026 23:25:56.102 INFO [main] org.apache.catalina.startup.HostConfig.deployDirectory Desplegando el directorio [C:\Users\Josue\OneDrive\Documentos\GitHub\5to-2.0\Requisitos\Parcial3\Deberes\Deber4\apache-tomcat-9.0.119\webapps\host-manager] de la aplicación web
04-Jul-2026 23:25:56.203 INFO [main] org.apache.catalina.startup.HostConfig.deployDirectory Deployment of web application directory [C:\Users\Josue\OneDrive\Documentos\GitHub\5to-2.0\Requisitos\Parcial3\Deberes\Deber4\apache-tomcat-9.0.119\webapps\host-manager] has finished in [100] ms
04-Jul-2026 23:25:56.203 INFO [main] org.apache.catalina.startup.HostConfig.deployDirectory Desplegando el directorio [C:\Users\Josue\OneDrive\Documentos\GitHub\5to-2.0\Requisitos\Parcial3\Deberes\Deber4\apache-tomcat-9.0.119\webapps\manager] de la aplicación web
04-Jul-2026 23:25:56.302 INFO [main] org.apache.catalina.startup.HostConfig.deployDirectory Deployment of web application directory [C:\Users\Josue\OneDrive\Documentos\GitHub\5to-2.0\Requisitos\Parcial3\Deberes\Deber4\apache-tomcat-9.0.119\webapps\manager] has finished in [98] ms
04-Jul-2026 23:25:56.302 INFO [main] org.apache.catalina.startup.HostConfig.deployDirectory Desplegando el directorio [C:\Users\Josue\OneDrive\Documentos\GitHub\5to-2.0\Requisitos\Parcial3\Deberes\Deber4\apache-tomcat-9.0.119\webapps\ROOT] de la aplicación web
04-Jul-2026 23:25:56.374 INFO [main] org.apache.catalina.startup.HostConfig.deployDirectory Deployment of web application directory [C:\Users\Josue\OneDrive\Documentos\GitHub\5to-2.0\Requisitos\Parcial3\Deberes\Deber4\apache-tomcat-9.0.119\webapps\ROOT] has finished in [72] ms
04-Jul-2026 23:25:56.382 INFO [main] org.apache.coyote.AbstractProtocol.start Starting ProtocolHandler ["http-nio-8082"]
04-Jul-2026 23:25:56.422 INFO [main] org.apache.catalina.startup.Catalina.start Server startup in [2552] milliseconds
04-Jul-2026 23:32:14.499 INFO [main] org.apache.catalina.core.StandardServer.await Se ha recibido un comando de apagado a través del puerto de apagado. Parando la instancia del Servidor.
04-Jul-2026 23:32:14.500 INFO [main] org.apache.coyote.AbstractProtocol.pause Pausing ProtocolHandler ["http-nio-8082"]
04-Jul-2026 23:32:14.517 INFO [main] org.apache.catalina.core.StandardService.stopInternal Parando servicio [Catalina]
04-Jul-2026 23:32:14.558 SEVERE [main] org.apache.catalina.session.StandardManager.stopInternal Excepción descargando sesiones a almacenamiento persistente
	java.io.FileNotFoundException: C:\Users\Josue\OneDrive\Documentos\GitHub\5to-2.0\Requisitos\Parcial3\Deberes\Deber4\apache-tomcat-9.0.119\work\Catalina\localhost\HotelWebApp\SESSIONS.ser (El sistema no puede encontrar la ruta especificada)
		at java.base/java.io.FileOutputStream.open0(Native Method)
		at java.base/java.io.FileOutputStream.open(FileOutputStream.java:289)
		at java.base/java.io.FileOutputStream.<init>(FileOutputStream.java:230)
		at java.base/java.io.FileOutputStream.<init>(FileOutputStream.java:118)
		at org.apache.catalina.session.StandardManager.doUnload(StandardManager.java:299)
		at org.apache.catalina.session.StandardManager.unload(StandardManager.java:265)
		at org.apache.catalina.session.StandardManager.stopInternal(StandardManager.java:380)
		at org.apache.catalina.util.LifecycleBase.stop(LifecycleBase.java:241)
		at org.apache.catalina.core.StandardContext.stopInternal(StandardContext.java:4868)
		at org.apache.catalina.util.LifecycleBase.stop(LifecycleBase.java:241)
		at org.apache.catalina.core.ContainerBase$StopChild.call(ContainerBase.java:1259)
		at org.apache.catalina.core.ContainerBase$StopChild.call(ContainerBase.java:1248)
		at java.base/java.util.concurrent.FutureTask.run(FutureTask.java:317)
		at org.apache.tomcat.util.threads.InlineExecutorService.execute(InlineExecutorService.java:93)
		at java.base/java.util.concurrent.AbstractExecutorService.submit(AbstractExecutorService.java:145)
		at org.apache.catalina.core.ContainerBase.stopInternal(ContainerBase.java:830)
		at org.apache.catalina.util.LifecycleBase.stop(LifecycleBase.java:241)
		at org.apache.catalina.core.ContainerBase$StopChild.call(ContainerBase.java:1259)
		at org.apache.catalina.core.ContainerBase$StopChild.call(ContainerBase.java:1248)
		at java.base/java.util.concurrent.FutureTask.run(FutureTask.java:317)
		at org.apache.tomcat.util.threads.InlineExecutorService.execute(InlineExecutorService.java:93)
		at java.base/java.util.concurrent.AbstractExecutorService.submit(AbstractExecutorService.java:145)
		at org.apache.catalina.core.ContainerBase.stopInternal(ContainerBase.java:830)
		at org.apache.catalina.util.LifecycleBase.stop(LifecycleBase.java:241)
		at org.apache.catalina.core.StandardService.stopInternal(StandardService.java:489)
		at org.apache.catalina.util.LifecycleBase.stop(LifecycleBase.java:241)
		at org.apache.catalina.core.StandardServer.stopInternal(StandardServer.java:924)
		at org.apache.catalina.util.LifecycleBase.stop(LifecycleBase.java:241)
		at org.apache.catalina.startup.Catalina.stop(Catalina.java:935)
		at org.apache.catalina.startup.Catalina.start(Catalina.java:899)
		at java.base/jdk.internal.reflect.DirectMethodHandleAccessor.invoke(DirectMethodHandleAccessor.java:103)
		at java.base/java.lang.reflect.Method.invoke(Method.java:580)
		at org.apache.catalina.startup.Bootstrap.start(Bootstrap.java:348)
		at org.apache.catalina.startup.Bootstrap.main(Bootstrap.java:485)
04-Jul-2026 23:32:14.575 INFO [main] org.apache.coyote.AbstractProtocol.stop Stopping ProtocolHandler ["http-nio-8082"]
04-Jul-2026 23:32:14.585 INFO [main] org.apache.coyote.AbstractProtocol.destroy Destroying ProtocolHandler ["http-nio-8082"]
04-Jul-2026 23:36:03.354 INFO [main] org.apache.catalina.startup.VersionLoggerListener.log Nombre de la versión del servidor: Apache Tomcat/9.0.119
04-Jul-2026 23:36:03.361 INFO [main] org.apache.catalina.startup.VersionLoggerListener.log Server built:                      Jun 18 2026 07:06:31 UTC
04-Jul-2026 23:36:03.361 INFO [main] org.apache.catalina.startup.VersionLoggerListener.log Número de versión de servidor:     9.0.119.0
04-Jul-2026 23:36:03.361 INFO [main] org.apache.catalina.startup.VersionLoggerListener.log OS Name:                           Windows 11
04-Jul-2026 23:36:03.361 INFO [main] org.apache.catalina.startup.VersionLoggerListener.log Versión de Systema Operativo:      10.0
04-Jul-2026 23:36:03.361 INFO [main] org.apache.catalina.startup.VersionLoggerListener.log Arquitectura:                      amd64
04-Jul-2026 23:36:03.361 INFO [main] org.apache.catalina.startup.VersionLoggerListener.log Java Home:                         C:\Program Files\Java\jdk-21
04-Jul-2026 23:36:03.362 INFO [main] org.apache.catalina.startup.VersionLoggerListener.log JVM Version:                       21.0.9+7-LTS-338
04-Jul-2026 23:36:03.362 INFO [main] org.apache.catalina.startup.VersionLoggerListener.log Vededor JVM:                       Oracle Corporation
04-Jul-2026 23:36:03.362 INFO [main] org.apache.catalina.startup.VersionLoggerListener.log CATALINA_BASE:                     C:\Users\Josue\OneDrive\Documentos\GitHub\5to-2.0\Requisitos\Parcial3\Deberes\Deber4\apache-tomcat-9.0.119
04-Jul-2026 23:36:03.362 INFO [main] org.apache.catalina.startup.VersionLoggerListener.log CATALINA_HOME:                     C:\Users\Josue\OneDrive\Documentos\GitHub\5to-2.0\Requisitos\Parcial3\Deberes\Deber4\apache-tomcat-9.0.119
04-Jul-2026 23:36:03.374 INFO [main] org.apache.catalina.startup.VersionLoggerListener.log Command line argument:             --add-opens=java.base/java.lang=ALL-UNNAMED
04-Jul-2026 23:36:03.374 INFO [main] org.apache.catalina.startup.VersionLoggerListener.log Command line argument:             --add-opens=java.base/java.lang.invoke=ALL-UNNAMED
04-Jul-2026 23:36:03.376 INFO [main] org.apache.catalina.startup.VersionLoggerListener.log Command line argument:             --add-opens=java.base/java.lang.reflect=ALL-UNNAMED
04-Jul-2026 23:36:03.376 INFO [main] org.apache.catalina.startup.VersionLoggerListener.log Command line argument:             --add-opens=java.base/java.io=ALL-UNNAMED
04-Jul-2026 23:36:03.376 INFO [main] org.apache.catalina.startup.VersionLoggerListener.log Command line argument:             --add-opens=java.base/java.util=ALL-UNNAMED
04-Jul-2026 23:36:03.376 INFO [main] org.apache.catalina.startup.VersionLoggerListener.log Command line argument:             --add-opens=java.base/java.util.concurrent=ALL-UNNAMED
04-Jul-2026 23:36:03.376 INFO [main] org.apache.catalina.startup.VersionLoggerListener.log Command line argument:             --add-opens=java.rmi/sun.rmi.transport=ALL-UNNAMED
04-Jul-2026 23:36:03.376 INFO [main] org.apache.catalina.startup.VersionLoggerListener.log Command line argument:             -Djava.util.logging.config.file=C:\Users\Josue\OneDrive\Documentos\GitHub\5to-2.0\Requisitos\Parcial3\Deberes\Deber4\apache-tomcat-9.0.119\conf\logging.properties
04-Jul-2026 23:36:03.376 INFO [main] org.apache.catalina.startup.VersionLoggerListener.log Command line argument:             -Djava.util.logging.manager=org.apache.juli.ClassLoaderLogManager
04-Jul-2026 23:36:03.376 INFO [main] org.apache.catalina.startup.VersionLoggerListener.log Command line argument:             -Djdk.tls.ephemeralDHKeySize=2048
04-Jul-2026 23:36:03.376 INFO [main] org.apache.catalina.startup.VersionLoggerListener.log Command line argument:             -Djava.protocol.handler.pkgs=org.apache.catalina.webresources
04-Jul-2026 23:36:03.377 INFO [main] org.apache.catalina.startup.VersionLoggerListener.log Command line argument:             -Dsun.io.useCanonCaches=false
04-Jul-2026 23:36:03.377 INFO [main] org.apache.catalina.startup.VersionLoggerListener.log Command line argument:             -Dignore.endorsed.dirs=
04-Jul-2026 23:36:03.377 INFO [main] org.apache.catalina.startup.VersionLoggerListener.log Command line argument:             -Dcatalina.base=C:\Users\Josue\OneDrive\Documentos\GitHub\5to-2.0\Requisitos\Parcial3\Deberes\Deber4\apache-tomcat-9.0.119
04-Jul-2026 23:36:03.377 INFO [main] org.apache.catalina.startup.VersionLoggerListener.log Command line argument:             -Dcatalina.home=C:\Users\Josue\OneDrive\Documentos\GitHub\5to-2.0\Requisitos\Parcial3\Deberes\Deber4\apache-tomcat-9.0.119
04-Jul-2026 23:36:03.377 INFO [main] org.apache.catalina.startup.VersionLoggerListener.log Command line argument:             -Djava.io.tmpdir=C:\Users\Josue\OneDrive\Documentos\GitHub\5to-2.0\Requisitos\Parcial3\Deberes\Deber4\apache-tomcat-9.0.119\temp
04-Jul-2026 23:36:03.385 INFO [main] org.apache.catalina.core.AprLifecycleListener.lifecycleEvent Cargada la biblioteca nativa APR de Apache Tomcat [1.3.8] con la versión APR [1.7.6].
04-Jul-2026 23:36:03.385 INFO [main] org.apache.catalina.core.AprLifecycleListener.lifecycleEvent Capacidades APR: IPv6 [true], enviar fichero [true], aceptar filtros [false], aleatorio [true], UDS [true].
04-Jul-2026 23:36:03.385 INFO [main] org.apache.catalina.core.AprLifecycleListener.lifecycleEvent APR/OpenSSL configuration: useAprConnector [false], useOpenSSL [true]
04-Jul-2026 23:36:03.397 INFO [main] org.apache.catalina.core.AprLifecycleListener.initializeSSL OpenSSL inicializado correctamente [OpenSSL 3.0.21 9 Jun 2026]
04-Jul-2026 23:36:03.865 INFO [main] org.apache.coyote.AbstractProtocol.init Inicializando el manejador de protocolo ["http-nio-8082"]

04-Jul-2026 23:36:03.903 INFO [main] org.apache.catalina.startup.Catalina.load Server initialization in [858] milliseconds
04-Jul-2026 23:36:03.976 INFO [main] org.apache.catalina.core.StandardService.startInternal Arrancando servicio [Catalina]
04-Jul-2026 23:36:03.977 INFO [main] org.apache.catalina.core.StandardEngine.startInternal Starting Servlet engine: [Apache Tomcat/9.0.119]
04-Jul-2026 23:36:03.998 INFO [main] org.apache.catalina.startup.HostConfig.deployDescriptor Desplieque del descriptor de configuración [C:\Users\Josue\OneDrive\Documentos\GitHub\5to-2.0\Requisitos\Parcial3\Deberes\Deber4\apache-tomcat-9.0.119\conf\Catalina\localhost\HotelWebApp.xml]
04-Jul-2026 23:36:04.020 WARNING [main] org.apache.catalina.startup.HostConfig.deployDescriptor The path attribute with value [/HotelWebApp] in deployment descriptor [C:\Users\Josue\OneDrive\Documentos\GitHub\5to-2.0\Requisitos\Parcial3\Deberes\Deber4\apache-tomcat-9.0.119\conf\Catalina\localhost\HotelWebApp.xml] has been ignored
04-Jul-2026 23:36:04.031 WARNING [main] org.apache.catalina.startup.HostConfig.deployDescriptor Deployment of deployment descriptor [C:\Users\Josue\OneDrive\Documentos\GitHub\5to-2.0\Requisitos\Parcial3\Deberes\Deber4\apache-tomcat-9.0.119\conf\Catalina\localhost\HotelWebApp.xml] with an external docBase means the WAR [C:\Users\Josue\OneDrive\Documentos\GitHub\5to-2.0\Requisitos\Parcial3\Deberes\Deber4\apache-tomcat-9.0.119\webapps\HotelWebApp.war] in the appBase will be ignored
04-Jul-2026 23:36:04.984 INFO [main] org.apache.catalina.startup.HostConfig.deployDescriptor Deployment of deployment descriptor [C:\Users\Josue\OneDrive\Documentos\GitHub\5to-2.0\Requisitos\Parcial3\Deberes\Deber4\apache-tomcat-9.0.119\conf\Catalina\localhost\HotelWebApp.xml] has finished in [982] ms
04-Jul-2026 23:36:04.985 INFO [main] org.apache.catalina.startup.HostConfig.deployDirectory Desplegando el directorio [C:\Users\Josue\OneDrive\Documentos\GitHub\5to-2.0\Requisitos\Parcial3\Deberes\Deber4\apache-tomcat-9.0.119\webapps\docs] de la aplicación web
04-Jul-2026 23:36:05.086 INFO [main] org.apache.catalina.startup.HostConfig.deployDirectory Deployment of web application directory [C:\Users\Josue\OneDrive\Documentos\GitHub\5to-2.0\Requisitos\Parcial3\Deberes\Deber4\apache-tomcat-9.0.119\webapps\docs] has finished in [101] ms
04-Jul-2026 23:36:05.087 INFO [main] org.apache.catalina.startup.HostConfig.deployDirectory Desplegando el directorio [C:\Users\Josue\OneDrive\Documentos\GitHub\5to-2.0\Requisitos\Parcial3\Deberes\Deber4\apache-tomcat-9.0.119\webapps\examples] de la aplicación web
04-Jul-2026 23:36:06.226 INFO [main] org.apache.catalina.startup.HostConfig.deployDirectory Deployment of web application directory [C:\Users\Josue\OneDrive\Documentos\GitHub\5to-2.0\Requisitos\Parcial3\Deberes\Deber4\apache-tomcat-9.0.119\webapps\examples] has finished in [1.139] ms
04-Jul-2026 23:36:06.227 INFO [main] org.apache.catalina.startup.HostConfig.deployDirectory Desplegando el directorio [C:\Users\Josue\OneDrive\Documentos\GitHub\5to-2.0\Requisitos\Parcial3\Deberes\Deber4\apache-tomcat-9.0.119\webapps\host-manager] de la aplicación web
04-Jul-2026 23:36:06.336 INFO [main] org.apache.catalina.startup.HostConfig.deployDirectory Deployment of web application directory [C:\Users\Josue\OneDrive\Documentos\GitHub\5to-2.0\Requisitos\Parcial3\Deberes\Deber4\apache-tomcat-9.0.119\webapps\host-manager] has finished in [108] ms
04-Jul-2026 23:36:06.336 INFO [main] org.apache.catalina.startup.HostConfig.deployDirectory Desplegando el directorio [C:\Users\Josue\OneDrive\Documentos\GitHub\5to-2.0\Requisitos\Parcial3\Deberes\Deber4\apache-tomcat-9.0.119\webapps\manager] de la aplicación web
04-Jul-2026 23:36:06.443 INFO [main] org.apache.catalina.startup.HostConfig.deployDirectory Deployment of web application directory [C:\Users\Josue\OneDrive\Documentos\GitHub\5to-2.0\Requisitos\Parcial3\Deberes\Deber4\apache-tomcat-9.0.119\webapps\manager] has finished in [107] ms
04-Jul-2026 23:36:06.444 INFO [main] org.apache.catalina.startup.HostConfig.deployDirectory Desplegando el directorio [C:\Users\Josue\OneDrive\Documentos\GitHub\5to-2.0\Requisitos\Parcial3\Deberes\Deber4\apache-tomcat-9.0.119\webapps\ROOT] de la aplicación web
04-Jul-2026 23:36:06.524 INFO [main] org.apache.catalina.startup.HostConfig.deployDirectory Deployment of web application directory [C:\Users\Josue\OneDrive\Documentos\GitHub\5to-2.0\Requisitos\Parcial3\Deberes\Deber4\apache-tomcat-9.0.119\webapps\ROOT] has finished in [79] ms
04-Jul-2026 23:36:06.532 INFO [main] org.apache.coyote.AbstractProtocol.start Starting ProtocolHandler ["http-nio-8082"]
04-Jul-2026 23:36:06.573 INFO [main] org.apache.catalina.startup.Catalina.start Server startup in [2667] milliseconds
04-Jul-2026 23:38:42.876 INFO [main] org.apache.catalina.startup.VersionLoggerListener.log Nombre de la versión del servidor: Apache Tomcat/9.0.119
04-Jul-2026 23:38:42.882 INFO [main] org.apache.catalina.startup.VersionLoggerListener.log Server built:                      Jun 18 2026 07:06:31 UTC
04-Jul-2026 23:38:42.882 INFO [main] org.apache.catalina.startup.VersionLoggerListener.log Número de versión de servidor:     9.0.119.0
04-Jul-2026 23:38:42.883 INFO [main] org.apache.catalina.startup.VersionLoggerListener.log OS Name:                           Windows 11
04-Jul-2026 23:38:42.883 INFO [main] org.apache.catalina.startup.VersionLoggerListener.log Versión de Systema Operativo:      10.0
04-Jul-2026 23:38:42.883 INFO [main] org.apache.catalina.startup.VersionLoggerListener.log Arquitectura:                      amd64
04-Jul-2026 23:38:42.883 INFO [main] org.apache.catalina.startup.VersionLoggerListener.log Java Home:                         C:\Program Files\Java\jdk-21
04-Jul-2026 23:38:42.884 INFO [main] org.apache.catalina.startup.VersionLoggerListener.log JVM Version:                       21.0.9+7-LTS-338
04-Jul-2026 23:38:42.884 INFO [main] org.apache.catalina.startup.VersionLoggerListener.log Vededor JVM:                       Oracle Corporation
04-Jul-2026 23:38:42.884 INFO [main] org.apache.catalina.startup.VersionLoggerListener.log CATALINA_BASE:                     C:\Users\Josue\OneDrive\Documentos\GitHub\5to-2.0\Requisitos\Parcial3\Deberes\Deber4\apache-tomcat-9.0.119
04-Jul-2026 23:38:42.884 INFO [main] org.apache.catalina.startup.VersionLoggerListener.log CATALINA_HOME:                     C:\Users\Josue\OneDrive\Documentos\GitHub\5to-2.0\Requisitos\Parcial3\Deberes\Deber4\apache-tomcat-9.0.119
04-Jul-2026 23:38:42.896 INFO [main] org.apache.catalina.startup.VersionLoggerListener.log Command line argument:             --add-opens=java.base/java.lang=ALL-UNNAMED
04-Jul-2026 23:38:42.896 INFO [main] org.apache.catalina.startup.VersionLoggerListener.log Command line argument:             --add-opens=java.base/java.lang.invoke=ALL-UNNAMED
04-Jul-2026 23:38:42.898 INFO [main] org.apache.catalina.startup.VersionLoggerListener.log Command line argument:             --add-opens=java.base/java.lang.reflect=ALL-UNNAMED
04-Jul-2026 23:38:42.898 INFO [main] org.apache.catalina.startup.VersionLoggerListener.log Command line argument:             --add-opens=java.base/java.io=ALL-UNNAMED
04-Jul-2026 23:38:42.898 INFO [main] org.apache.catalina.startup.VersionLoggerListener.log Command line argument:             --add-opens=java.base/java.util=ALL-UNNAMED
04-Jul-2026 23:38:42.898 INFO [main] org.apache.catalina.startup.VersionLoggerListener.log Command line argument:             --add-opens=java.base/java.util.concurrent=ALL-UNNAMED
04-Jul-2026 23:38:42.898 INFO [main] org.apache.catalina.startup.VersionLoggerListener.log Command line argument:             --add-opens=java.rmi/sun.rmi.transport=ALL-UNNAMED
04-Jul-2026 23:38:42.898 INFO [main] org.apache.catalina.startup.VersionLoggerListener.log Command line argument:             -Djava.util.logging.config.file=C:\Users\Josue\OneDrive\Documentos\GitHub\5to-2.0\Requisitos\Parcial3\Deberes\Deber4\apache-tomcat-9.0.119\conf\logging.properties
04-Jul-2026 23:38:42.899 INFO [main] org.apache.catalina.startup.VersionLoggerListener.log Command line argument:             -Djava.util.logging.manager=org.apache.juli.ClassLoaderLogManager
04-Jul-2026 23:38:42.899 INFO [main] org.apache.catalina.startup.VersionLoggerListener.log Command line argument:             -Djdk.tls.ephemeralDHKeySize=2048
04-Jul-2026 23:38:42.899 INFO [main] org.apache.catalina.startup.VersionLoggerListener.log Command line argument:             -Djava.protocol.handler.pkgs=org.apache.catalina.webresources
04-Jul-2026 23:38:42.899 INFO [main] org.apache.catalina.startup.VersionLoggerListener.log Command line argument:             -Dsun.io.useCanonCaches=false
04-Jul-2026 23:38:42.899 INFO [main] org.apache.catalina.startup.VersionLoggerListener.log Command line argument:             -Dignore.endorsed.dirs=
04-Jul-2026 23:38:42.899 INFO [main] org.apache.catalina.startup.VersionLoggerListener.log Command line argument:             -Dcatalina.base=C:\Users\Josue\OneDrive\Documentos\GitHub\5to-2.0\Requisitos\Parcial3\Deberes\Deber4\apache-tomcat-9.0.119
04-Jul-2026 23:38:42.901 INFO [main] org.apache.catalina.startup.VersionLoggerListener.log Command line argument:             -Dcatalina.home=C:\Users\Josue\OneDrive\Documentos\GitHub\5to-2.0\Requisitos\Parcial3\Deberes\Deber4\apache-tomcat-9.0.119
04-Jul-2026 23:38:42.901 INFO [main] org.apache.catalina.startup.VersionLoggerListener.log Command line argument:             -Djava.io.tmpdir=C:\Users\Josue\OneDrive\Documentos\GitHub\5to-2.0\Requisitos\Parcial3\Deberes\Deber4\apache-tomcat-9.0.119\temp
04-Jul-2026 23:38:42.910 INFO [main] org.apache.catalina.core.AprLifecycleListener.lifecycleEvent Cargada la biblioteca nativa APR de Apache Tomcat [1.3.8] con la versión APR [1.7.6].
04-Jul-2026 23:38:42.910 INFO [main] org.apache.catalina.core.AprLifecycleListener.lifecycleEvent Capacidades APR: IPv6 [true], enviar fichero [true], aceptar filtros [false], aleatorio [true], UDS [true].
04-Jul-2026 23:38:42.910 INFO [main] org.apache.catalina.core.AprLifecycleListener.lifecycleEvent APR/OpenSSL configuration: useAprConnector [false], useOpenSSL [true]
04-Jul-2026 23:38:42.923 INFO [main] org.apache.catalina.core.AprLifecycleListener.initializeSSL OpenSSL inicializado correctamente [OpenSSL 3.0.21 9 Jun 2026]
04-Jul-2026 23:38:43.382 INFO [main] org.apache.coyote.AbstractProtocol.init Inicializando el manejador de protocolo ["http-nio-8082"]

04-Jul-2026 23:38:43.422 INFO [main] org.apache.catalina.startup.Catalina.load Server initialization in [843] milliseconds
04-Jul-2026 23:38:43.499 INFO [main] org.apache.catalina.core.StandardService.startInternal Arrancando servicio [Catalina]
04-Jul-2026 23:38:43.501 INFO [main] org.apache.catalina.core.StandardEngine.startInternal Starting Servlet engine: [Apache Tomcat/9.0.119]
04-Jul-2026 23:38:43.528 INFO [main] org.apache.catalina.startup.HostConfig.deployDescriptor Desplieque del descriptor de configuración [C:\Users\Josue\OneDrive\Documentos\GitHub\5to-2.0\Requisitos\Parcial3\Deberes\Deber4\apache-tomcat-9.0.119\conf\Catalina\localhost\HotelWebApp.xml]
04-Jul-2026 23:38:43.552 WARNING [main] org.apache.catalina.startup.HostConfig.deployDescriptor The path attribute with value [/HotelWebApp] in deployment descriptor [C:\Users\Josue\OneDrive\Documentos\GitHub\5to-2.0\Requisitos\Parcial3\Deberes\Deber4\apache-tomcat-9.0.119\conf\Catalina\localhost\HotelWebApp.xml] has been ignored
04-Jul-2026 23:38:43.564 WARNING [main] org.apache.catalina.startup.HostConfig.deployDescriptor Deployment of deployment descriptor [C:\Users\Josue\OneDrive\Documentos\GitHub\5to-2.0\Requisitos\Parcial3\Deberes\Deber4\apache-tomcat-9.0.119\conf\Catalina\localhost\HotelWebApp.xml] with an external docBase means the WAR [C:\Users\Josue\OneDrive\Documentos\GitHub\5to-2.0\Requisitos\Parcial3\Deberes\Deber4\apache-tomcat-9.0.119\webapps\HotelWebApp.war] in the appBase will be ignored
04-Jul-2026 23:38:44.464 INFO [main] org.apache.catalina.startup.HostConfig.deployDescriptor Deployment of deployment descriptor [C:\Users\Josue\OneDrive\Documentos\GitHub\5to-2.0\Requisitos\Parcial3\Deberes\Deber4\apache-tomcat-9.0.119\conf\Catalina\localhost\HotelWebApp.xml] has finished in [932] ms
04-Jul-2026 23:38:44.465 INFO [main] org.apache.catalina.startup.HostConfig.deployDirectory Desplegando el directorio [C:\Users\Josue\OneDrive\Documentos\GitHub\5to-2.0\Requisitos\Parcial3\Deberes\Deber4\apache-tomcat-9.0.119\webapps\docs] de la aplicación web
04-Jul-2026 23:38:44.555 INFO [main] org.apache.catalina.startup.HostConfig.deployDirectory Deployment of web application directory [C:\Users\Josue\OneDrive\Documentos\GitHub\5to-2.0\Requisitos\Parcial3\Deberes\Deber4\apache-tomcat-9.0.119\webapps\docs] has finished in [89] ms
04-Jul-2026 23:38:44.555 INFO [main] org.apache.catalina.startup.HostConfig.deployDirectory Desplegando el directorio [C:\Users\Josue\OneDrive\Documentos\GitHub\5to-2.0\Requisitos\Parcial3\Deberes\Deber4\apache-tomcat-9.0.119\webapps\examples] de la aplicación web
04-Jul-2026 23:38:45.572 INFO [main] org.apache.catalina.startup.HostConfig.deployDirectory Deployment of web application directory [C:\Users\Josue\OneDrive\Documentos\GitHub\5to-2.0\Requisitos\Parcial3\Deberes\Deber4\apache-tomcat-9.0.119\webapps\examples] has finished in [1.016] ms
04-Jul-2026 23:38:45.572 INFO [main] org.apache.catalina.startup.HostConfig.deployDirectory Desplegando el directorio [C:\Users\Josue\OneDrive\Documentos\GitHub\5to-2.0\Requisitos\Parcial3\Deberes\Deber4\apache-tomcat-9.0.119\webapps\host-manager] de la aplicación web
04-Jul-2026 23:38:45.683 INFO [main] org.apache.catalina.startup.HostConfig.deployDirectory Deployment of web application directory [C:\Users\Josue\OneDrive\Documentos\GitHub\5to-2.0\Requisitos\Parcial3\Deberes\Deber4\apache-tomcat-9.0.119\webapps\host-manager] has finished in [111] ms
04-Jul-2026 23:38:45.684 INFO [main] org.apache.catalina.startup.HostConfig.deployDirectory Desplegando el directorio [C:\Users\Josue\OneDrive\Documentos\GitHub\5to-2.0\Requisitos\Parcial3\Deberes\Deber4\apache-tomcat-9.0.119\webapps\manager] de la aplicación web
04-Jul-2026 23:38:45.784 INFO [main] org.apache.catalina.startup.HostConfig.deployDirectory Deployment of web application directory [C:\Users\Josue\OneDrive\Documentos\GitHub\5to-2.0\Requisitos\Parcial3\Deberes\Deber4\apache-tomcat-9.0.119\webapps\manager] has finished in [100] ms
04-Jul-2026 23:38:45.784 INFO [main] org.apache.catalina.startup.HostConfig.deployDirectory Desplegando el directorio [C:\Users\Josue\OneDrive\Documentos\GitHub\5to-2.0\Requisitos\Parcial3\Deberes\Deber4\apache-tomcat-9.0.119\webapps\ROOT] de la aplicación web
04-Jul-2026 23:38:45.853 INFO [main] org.apache.catalina.startup.HostConfig.deployDirectory Deployment of web application directory [C:\Users\Josue\OneDrive\Documentos\GitHub\5to-2.0\Requisitos\Parcial3\Deberes\Deber4\apache-tomcat-9.0.119\webapps\ROOT] has finished in [69] ms
04-Jul-2026 23:38:45.862 INFO [main] org.apache.coyote.AbstractProtocol.start Starting ProtocolHandler ["http-nio-8082"]
04-Jul-2026 23:38:45.895 INFO [main] org.apache.catalina.startup.Catalina.start Server startup in [2467] milliseconds
