05-Jul-2026 00:13:34.545 INFO [main] org.apache.catalina.core.ApplicationContext.log SessionListener: contextDestroyed()
05-Jul-2026 00:13:34.545 INFO [main] org.apache.catalina.core.ApplicationContext.log ContextListener: contextDestroyed()
05-Jul-2026 00:14:31.223 INFO [main] org.apache.catalina.core.ApplicationContext.log ContextListener: contextInitialized()
05-Jul-2026 00:14:31.224 INFO [main] org.apache.catalina.core.ApplicationContext.log SessionListener: contextInitialized()
05-Jul-2026 00:14:31.229 INFO [main] org.apache.catalina.core.ApplicationContext.log ContextListener: attributeAdded('StockTicker', 'async.Stockticker@5cbf9e9f')
05-Jul-2026 00:18:02.117 INFO [main] org.apache.catalina.core.ApplicationContext.log ContextListener: contextInitialized()
05-Jul-2026 00:18:02.118 INFO [main] org.apache.catalina.core.ApplicationContext.log SessionListener: contextInitialized()
05-Jul-2026 00:18:02.123 INFO [main] org.apache.catalina.core.ApplicationContext.log ContextListener: attributeAdded('StockTicker', 'async.Stockticker@79f227a9')
05-Jul-2026 00:18:15.148 SEVERE [http-nio-8082-exec-2] org.apache.catalina.core.StandardWrapperValve.invoke El Servlet.service() para el servlet [com.hotel.servlet.TipoHabitacionServlet] en el contexto con ruta [/HotelWebApp] lanzó la excepción [La ejecución del Servlet lanzó una excepción] con causa raíz
	java.lang.ClassNotFoundException: org.h2.Driver
		at org.apache.catalina.loader.WebappClassLoaderBase.loadClass(WebappClassLoaderBase.java:1437)
		at org.apache.catalina.loader.WebappClassLoaderBase.loadClass(WebappClassLoaderBase.java:1246)
		at java.base/java.lang.Class.forName0(Native Method)
		at java.base/java.lang.Class.forName(Class.java:423)
		at java.base/java.lang.Class.forName(Class.java:414)
		at com.hotel.util.DatabaseUtil.<clinit>(DatabaseUtil.java:13)
		at com.hotel.dao.TipoHabitacionDAO.listar(TipoHabitacionDAO.java:14)
		at com.hotel.servlet.TipoHabitacionServlet.doGet(TipoHabitacionServlet.java:21)
		at javax.servlet.http.HttpServlet.service(HttpServlet.java:529)
		at javax.servlet.http.HttpServlet.service(HttpServlet.java:623)
		at org.apache.catalina.core.ApplicationFilterChain.internalDoFilter(ApplicationFilterChain.java:201)
		at org.apache.catalina.core.ApplicationFilterChain.doFilter(ApplicationFilterChain.java:146)
		at org.apache.tomcat.websocket.server.WsFilter.doFilter(WsFilter.java:57)
		at org.apache.catalina.core.ApplicationFilterChain.internalDoFilter(ApplicationFilterChain.java:170)
		at org.apache.catalina.core.ApplicationFilterChain.doFilter(ApplicationFilterChain.java:146)
		at org.apache.catalina.core.StandardWrapperValve.invoke(StandardWrapperValve.java:166)
		at org.apache.catalina.core.StandardContextValve.invoke(StandardContextValve.java:88)
		at org.apache.catalina.authenticator.AuthenticatorBase.invoke(AuthenticatorBase.java:533)
		at org.apache.catalina.core.StandardHostValve.invoke(StandardHostValve.java:129)
		at org.apache.catalina.valves.ErrorReportValve.invoke(ErrorReportValve.java:86)
		at org.apache.catalina.valves.AbstractAccessLogValve.invoke(AbstractAccessLogValve.java:764)
		at org.apache.catalina.core.StandardEngineValve.invoke(StandardEngineValve.java:72)
		at org.apache.catalina.connector.CoyoteAdapter.service(CoyoteAdapter.java:350)
		at org.apache.coyote.http11.Http11Processor.service(Http11Processor.java:407)
		at org.apache.coyote.AbstractProcessorLight.process(AbstractProcessorLight.java:71)
		at org.apache.coyote.AbstractProtocol$ConnectionHandler.process(AbstractProtocol.java:1344)
		at org.apache.tomcat.util.net.NioEndpoint$SocketProcessor.doRun(NioEndpoint.java:2089)
		at org.apache.tomcat.util.net.SocketProcessorBase.run(SocketProcessorBase.java:74)
		at org.apache.tomcat.util.threads.ThreadPoolExecutor.runWorker(ThreadPoolExecutor.java:976)
		at org.apache.tomcat.util.threads.ThreadPoolExecutor$Worker.run(ThreadPoolExecutor.java:494)
		at org.apache.tomcat.util.threads.TaskThread$WrappingRunnable.run(TaskThread.java:80)
		at java.base/java.lang.Thread.run(Thread.java:1583)
05-Jul-2026 00:26:37.055 INFO [main] org.apache.catalina.core.ApplicationContext.log ContextListener: contextInitialized()
05-Jul-2026 00:26:37.055 INFO [main] org.apache.catalina.core.ApplicationContext.log SessionListener: contextInitialized()
05-Jul-2026 00:26:37.060 INFO [main] org.apache.catalina.core.ApplicationContext.log ContextListener: attributeAdded('StockTicker', 'async.Stockticker@619bd14c')
05-Jul-2026 00:33:10.499 INFO [main] org.apache.catalina.core.ApplicationContext.log ContextListener: contextInitialized()
05-Jul-2026 00:33:10.499 INFO [main] org.apache.catalina.core.ApplicationContext.log SessionListener: contextInitialized()
05-Jul-2026 00:33:10.504 INFO [main] org.apache.catalina.core.ApplicationContext.log ContextListener: attributeAdded('StockTicker', 'async.Stockticker@4acf72b6')
05-Jul-2026 00:37:02.868 INFO [main] org.apache.catalina.core.ApplicationContext.log ContextListener: contextInitialized()
05-Jul-2026 00:37:02.868 INFO [main] org.apache.catalina.core.ApplicationContext.log SessionListener: contextInitialized()
05-Jul-2026 00:37:02.874 INFO [main] org.apache.catalina.core.ApplicationContext.log ContextListener: attributeAdded('StockTicker', 'async.Stockticker@619bd14c')
05-Jul-2026 00:41:45.346 SEVERE [http-nio-8082-exec-1] org.apache.catalina.core.StandardWrapperValve.invoke Servlet.service() para servlet [com.hotel.servlet.TipoHabitacionServlet] lanzó excepción
	java.lang.NumberFormatException: Cannot parse null string
		at java.base/java.lang.Integer.parseInt(Integer.java:624)
		at java.base/java.lang.Integer.parseInt(Integer.java:778)
		at com.hotel.servlet.TipoHabitacionServlet.doPost(TipoHabitacionServlet.java:42)
		at javax.servlet.http.HttpServlet.service(HttpServlet.java:555)
		at javax.servlet.http.HttpServlet.service(HttpServlet.java:623)
		at org.apache.catalina.core.ApplicationFilterChain.internalDoFilter(ApplicationFilterChain.java:201)
		at org.apache.catalina.core.ApplicationFilterChain.doFilter(ApplicationFilterChain.java:146)
		at org.apache.tomcat.websocket.server.WsFilter.doFilter(WsFilter.java:57)
		at org.apache.catalina.core.ApplicationFilterChain.internalDoFilter(ApplicationFilterChain.java:170)
		at org.apache.catalina.core.ApplicationFilterChain.doFilter(ApplicationFilterChain.java:146)
		at org.apache.catalina.core.StandardWrapperValve.invoke(StandardWrapperValve.java:166)
		at org.apache.catalina.core.StandardContextValve.invoke(StandardContextValve.java:88)
		at org.apache.catalina.authenticator.AuthenticatorBase.invoke(AuthenticatorBase.java:533)
		at org.apache.catalina.core.StandardHostValve.invoke(StandardHostValve.java:129)
		at org.apache.catalina.valves.ErrorReportValve.invoke(ErrorReportValve.java:86)
		at org.apache.catalina.valves.AbstractAccessLogValve.invoke(AbstractAccessLogValve.java:764)
		at org.apache.catalina.core.StandardEngineValve.invoke(StandardEngineValve.java:72)
		at org.apache.catalina.connector.CoyoteAdapter.service(CoyoteAdapter.java:350)
		at org.apache.coyote.http11.Http11Processor.service(Http11Processor.java:407)
		at org.apache.coyote.AbstractProcessorLight.process(AbstractProcessorLight.java:71)
		at org.apache.coyote.AbstractProtocol$ConnectionHandler.process(AbstractProtocol.java:1344)
		at org.apache.tomcat.util.net.NioEndpoint$SocketProcessor.doRun(NioEndpoint.java:2089)
		at org.apache.tomcat.util.net.SocketProcessorBase.run(SocketProcessorBase.java:74)
		at org.apache.tomcat.util.threads.ThreadPoolExecutor.runWorker(ThreadPoolExecutor.java:976)
		at org.apache.tomcat.util.threads.ThreadPoolExecutor$Worker.run(ThreadPoolExecutor.java:494)
		at org.apache.tomcat.util.threads.TaskThread$WrappingRunnable.run(TaskThread.java:80)
		at java.base/java.lang.Thread.run(Thread.java:1583)
05-Jul-2026 00:44:49.000 SEVERE [http-nio-8082-exec-2] org.apache.catalina.core.StandardWrapperValve.invoke Servlet.service() para servlet [com.hotel.servlet.TipoHabitacionServlet] lanzó excepción
	java.lang.NumberFormatException: Cannot parse null string
		at java.base/java.lang.Integer.parseInt(Integer.java:624)
		at java.base/java.lang.Integer.parseInt(Integer.java:778)
		at com.hotel.servlet.TipoHabitacionServlet.doPost(TipoHabitacionServlet.java:42)
		at javax.servlet.http.HttpServlet.service(HttpServlet.java:555)
		at javax.servlet.http.HttpServlet.service(HttpServlet.java:623)
		at org.apache.catalina.core.ApplicationFilterChain.internalDoFilter(ApplicationFilterChain.java:201)
		at org.apache.catalina.core.ApplicationFilterChain.doFilter(ApplicationFilterChain.java:146)
		at org.apache.tomcat.websocket.server.WsFilter.doFilter(WsFilter.java:57)
		at org.apache.catalina.core.ApplicationFilterChain.internalDoFilter(ApplicationFilterChain.java:170)
		at org.apache.catalina.core.ApplicationFilterChain.doFilter(ApplicationFilterChain.java:146)
		at org.apache.catalina.core.StandardWrapperValve.invoke(StandardWrapperValve.java:166)
		at org.apache.catalina.core.StandardContextValve.invoke(StandardContextValve.java:88)
		at org.apache.catalina.authenticator.AuthenticatorBase.invoke(AuthenticatorBase.java:533)
		at org.apache.catalina.core.StandardHostValve.invoke(StandardHostValve.java:129)
		at org.apache.catalina.valves.ErrorReportValve.invoke(ErrorReportValve.java:86)
		at org.apache.catalina.valves.AbstractAccessLogValve.invoke(AbstractAccessLogValve.java:764)
		at org.apache.catalina.core.StandardEngineValve.invoke(StandardEngineValve.java:72)
		at org.apache.catalina.connector.CoyoteAdapter.service(CoyoteAdapter.java:350)
		at org.apache.coyote.http11.Http11Processor.service(Http11Processor.java:407)
		at org.apache.coyote.AbstractProcessorLight.process(AbstractProcessorLight.java:71)
		at org.apache.coyote.AbstractProtocol$ConnectionHandler.process(AbstractProtocol.java:1344)
		at org.apache.tomcat.util.net.NioEndpoint$SocketProcessor.doRun(NioEndpoint.java:2089)
		at org.apache.tomcat.util.net.SocketProcessorBase.run(SocketProcessorBase.java:74)
		at org.apache.tomcat.util.threads.ThreadPoolExecutor.runWorker(ThreadPoolExecutor.java:976)
		at org.apache.tomcat.util.threads.ThreadPoolExecutor$Worker.run(ThreadPoolExecutor.java:494)
		at org.apache.tomcat.util.threads.TaskThread$WrappingRunnable.run(TaskThread.java:80)
		at java.base/java.lang.Thread.run(Thread.java:1583)
05-Jul-2026 00:59:37.865 INFORMACIÓN [main] org.apache.catalina.core.ApplicationContext.log ContextListener: contextInitialized()
05-Jul-2026 00:59:37.865 INFORMACIÓN [main] org.apache.catalina.core.ApplicationContext.log SessionListener: contextInitialized()
05-Jul-2026 00:59:37.869 INFORMACIÓN [main] org.apache.catalina.core.ApplicationContext.log ContextListener: attributeAdded('StockTicker', 'async.Stockticker@2555fff0')
05-Jul-2026 00:59:40.893 GRAVE [http-nio-8082-exec-2] org.apache.catalina.core.ApplicationContext.log Error durante mapeo
	java.lang.NullPointerException: Cannot read field "path" because "contextVersion" is null
		at org.apache.catalina.mapper.Mapper.internalMapWrapper(Mapper.java:851)
		at org.apache.catalina.mapper.Mapper.map(Mapper.java:707)
		at org.apache.catalina.core.ApplicationContext.getRequestDispatcher(ApplicationContext.java:447)
		at org.apache.catalina.core.ApplicationContextFacade.getRequestDispatcher(ApplicationContextFacade.java:213)
		at org.apache.catalina.connector.Request.getRequestDispatcher(Request.java:1413)
		at org.apache.catalina.connector.RequestFacade.getRequestDispatcher(RequestFacade.java:459)
		at com.hotel.servlet.TipoHabitacionServlet.doGet(TipoHabitacionServlet.java:22)
		at javax.servlet.http.HttpServlet.service(HttpServlet.java:529)
		at javax.servlet.http.HttpServlet.service(HttpServlet.java:623)
		at org.apache.catalina.core.ApplicationFilterChain.internalDoFilter(ApplicationFilterChain.java:201)
		at org.apache.catalina.core.ApplicationFilterChain.doFilter(ApplicationFilterChain.java:146)
		at org.apache.tomcat.websocket.server.WsFilter.doFilter(WsFilter.java:57)
		at org.apache.catalina.core.ApplicationFilterChain.internalDoFilter(ApplicationFilterChain.java:170)
		at org.apache.catalina.core.ApplicationFilterChain.doFilter(ApplicationFilterChain.java:146)
		at org.apache.catalina.core.StandardWrapperValve.invoke(StandardWrapperValve.java:166)
		at org.apache.catalina.core.StandardContextValve.invoke(StandardContextValve.java:88)
		at org.apache.catalina.authenticator.AuthenticatorBase.invoke(AuthenticatorBase.java:533)
		at org.apache.catalina.core.StandardHostValve.invoke(StandardHostValve.java:129)
		at org.apache.catalina.valves.ErrorReportValve.invoke(ErrorReportValve.java:86)
		at org.apache.catalina.valves.AbstractAccessLogValve.invoke(AbstractAccessLogValve.java:764)
		at org.apache.catalina.core.StandardEngineValve.invoke(StandardEngineValve.java:72)
		at org.apache.catalina.connector.CoyoteAdapter.service(CoyoteAdapter.java:350)
		at org.apache.coyote.http11.Http11Processor.service(Http11Processor.java:407)
		at org.apache.coyote.AbstractProcessorLight.process(AbstractProcessorLight.java:71)
		at org.apache.coyote.AbstractProtocol$ConnectionHandler.process(AbstractProtocol.java:1344)
		at org.apache.tomcat.util.net.NioEndpoint$SocketProcessor.doRun(NioEndpoint.java:2089)
		at org.apache.tomcat.util.net.SocketProcessorBase.run(SocketProcessorBase.java:74)
		at org.apache.tomcat.util.threads.ThreadPoolExecutor.runWorker(ThreadPoolExecutor.java:976)
		at org.apache.tomcat.util.threads.ThreadPoolExecutor$Worker.run(ThreadPoolExecutor.java:494)
		at org.apache.tomcat.util.threads.TaskThread$WrappingRunnable.run(TaskThread.java:80)
		at java.base/java.lang.Thread.run(Thread.java:1474)
05-Jul-2026 00:59:40.894 GRAVE [http-nio-8082-exec-2] org.apache.catalina.core.StandardWrapperValve.invoke Servlet.service() para servlet [com.hotel.servlet.TipoHabitacionServlet] lanzó excepción
	java.lang.NullPointerException: Cannot invoke "javax.servlet.RequestDispatcher.forward(javax.servlet.ServletRequest, javax.servlet.ServletResponse)" because the return value of "javax.servlet.http.HttpServletRequest.getRequestDispatcher(String)" is null
		at com.hotel.servlet.TipoHabitacionServlet.doGet(TipoHabitacionServlet.java:22)
		at javax.servlet.http.HttpServlet.service(HttpServlet.java:529)
		at javax.servlet.http.HttpServlet.service(HttpServlet.java:623)
		at org.apache.catalina.core.ApplicationFilterChain.internalDoFilter(ApplicationFilterChain.java:201)
		at org.apache.catalina.core.ApplicationFilterChain.doFilter(ApplicationFilterChain.java:146)
		at org.apache.tomcat.websocket.server.WsFilter.doFilter(WsFilter.java:57)
		at org.apache.catalina.core.ApplicationFilterChain.internalDoFilter(ApplicationFilterChain.java:170)
		at org.apache.catalina.core.ApplicationFilterChain.doFilter(ApplicationFilterChain.java:146)
		at org.apache.catalina.core.StandardWrapperValve.invoke(StandardWrapperValve.java:166)
		at org.apache.catalina.core.StandardContextValve.invoke(StandardContextValve.java:88)
		at org.apache.catalina.authenticator.AuthenticatorBase.invoke(AuthenticatorBase.java:533)
		at org.apache.catalina.core.StandardHostValve.invoke(StandardHostValve.java:129)
		at org.apache.catalina.valves.ErrorReportValve.invoke(ErrorReportValve.java:86)
		at org.apache.catalina.valves.AbstractAccessLogValve.invoke(AbstractAccessLogValve.java:764)
		at org.apache.catalina.core.StandardEngineValve.invoke(StandardEngineValve.java:72)
		at org.apache.catalina.connector.CoyoteAdapter.service(CoyoteAdapter.java:350)
		at org.apache.coyote.http11.Http11Processor.service(Http11Processor.java:407)
		at org.apache.coyote.AbstractProcessorLight.process(AbstractProcessorLight.java:71)
		at org.apache.coyote.AbstractProtocol$ConnectionHandler.process(AbstractProtocol.java:1344)
		at org.apache.tomcat.util.net.NioEndpoint$SocketProcessor.doRun(NioEndpoint.java:2089)
		at org.apache.tomcat.util.net.SocketProcessorBase.run(SocketProcessorBase.java:74)
		at org.apache.tomcat.util.threads.ThreadPoolExecutor.runWorker(ThreadPoolExecutor.java:976)
		at org.apache.tomcat.util.threads.ThreadPoolExecutor$Worker.run(ThreadPoolExecutor.java:494)
		at org.apache.tomcat.util.threads.TaskThread$WrappingRunnable.run(TaskThread.java:80)
		at java.base/java.lang.Thread.run(Thread.java:1474)
05-Jul-2026 09:19:12.944 INFORMACIÓN [main] org.apache.catalina.core.ApplicationContext.log SessionListener: contextDestroyed()
05-Jul-2026 09:19:12.944 INFORMACIÓN [main] org.apache.catalina.core.ApplicationContext.log ContextListener: contextDestroyed()
05-Jul-2026 09:19:31.223 INFORMACIÓN [main] org.apache.catalina.core.ApplicationContext.log ContextListener: contextInitialized()
05-Jul-2026 09:19:31.223 INFORMACIÓN [main] org.apache.catalina.core.ApplicationContext.log SessionListener: contextInitialized()
05-Jul-2026 09:19:31.226 INFORMACIÓN [main] org.apache.catalina.core.ApplicationContext.log ContextListener: attributeAdded('StockTicker', 'async.Stockticker@30c31dd7')
