08-Jul-2026 07:04:16.099 INFORMACIÓN [main] org.apache.catalina.startup.VersionLoggerListener.log Nombre de la versión del servidor: Apache Tomcat/9.0.119
08-Jul-2026 07:04:16.102 INFORMACIÓN [main] org.apache.catalina.startup.VersionLoggerListener.log Server built:                      Jun 18 2026 07:06:31 UTC
08-Jul-2026 07:04:16.103 INFORMACIÓN [main] org.apache.catalina.startup.VersionLoggerListener.log Número de versión de servidor:     9.0.119.0
08-Jul-2026 07:04:16.103 INFORMACIÓN [main] org.apache.catalina.startup.VersionLoggerListener.log OS Name:                           Windows 11
08-Jul-2026 07:04:16.103 INFORMACIÓN [main] org.apache.catalina.startup.VersionLoggerListener.log Versión de Systema Operativo:      10.0
08-Jul-2026 07:04:16.103 INFORMACIÓN [main] org.apache.catalina.startup.VersionLoggerListener.log Arquitectura:                      amd64
08-Jul-2026 07:04:16.103 INFORMACIÓN [main] org.apache.catalina.startup.VersionLoggerListener.log Java Home:                         C:\Program Files\Apache NetBeans\jdk
08-Jul-2026 07:04:16.103 INFORMACIÓN [main] org.apache.catalina.startup.VersionLoggerListener.log JVM Version:                       25.0.2+10-LTS
08-Jul-2026 07:04:16.103 INFORMACIÓN [main] org.apache.catalina.startup.VersionLoggerListener.log Vededor JVM:                       Azul Systems, Inc.
08-Jul-2026 07:04:16.103 INFORMACIÓN [main] org.apache.catalina.startup.VersionLoggerListener.log CATALINA_BASE:                     C:\Users\Josue\OneDrive\Documentos\GitHub\5to-2.0\Requisitos\Parcial3\Deberes\Deber4\apache-tomcat-9.0.119
08-Jul-2026 07:04:16.103 INFORMACIÓN [main] org.apache.catalina.startup.VersionLoggerListener.log CATALINA_HOME:                     C:\Users\Josue\OneDrive\Documentos\GitHub\5to-2.0\Requisitos\Parcial3\Deberes\Deber4\apache-tomcat-9.0.119
08-Jul-2026 07:04:16.120 INFORMACIÓN [main] org.apache.catalina.startup.VersionLoggerListener.log Command line argument:             --add-opens=java.base/java.lang=ALL-UNNAMED
08-Jul-2026 07:04:16.120 INFORMACIÓN [main] org.apache.catalina.startup.VersionLoggerListener.log Command line argument:             --add-opens=java.base/java.lang.invoke=ALL-UNNAMED
08-Jul-2026 07:04:16.120 INFORMACIÓN [main] org.apache.catalina.startup.VersionLoggerListener.log Command line argument:             --add-opens=java.base/java.lang.reflect=ALL-UNNAMED
08-Jul-2026 07:04:16.120 INFORMACIÓN [main] org.apache.catalina.startup.VersionLoggerListener.log Command line argument:             --add-opens=java.base/java.io=ALL-UNNAMED
08-Jul-2026 07:04:16.120 INFORMACIÓN [main] org.apache.catalina.startup.VersionLoggerListener.log Command line argument:             --add-opens=java.base/java.util=ALL-UNNAMED
08-Jul-2026 07:04:16.120 INFORMACIÓN [main] org.apache.catalina.startup.VersionLoggerListener.log Command line argument:             --add-opens=java.base/java.util.concurrent=ALL-UNNAMED
08-Jul-2026 07:04:16.120 INFORMACIÓN [main] org.apache.catalina.startup.VersionLoggerListener.log Command line argument:             --add-opens=java.rmi/sun.rmi.transport=ALL-UNNAMED
08-Jul-2026 07:04:16.120 INFORMACIÓN [main] org.apache.catalina.startup.VersionLoggerListener.log Command line argument:             -Djava.util.logging.config.file=C:\Users\Josue\OneDrive\Documentos\GitHub\5to-2.0\Requisitos\Parcial3\Deberes\Deber4\apache-tomcat-9.0.119\conf\logging.properties
08-Jul-2026 07:04:16.120 INFORMACIÓN [main] org.apache.catalina.startup.VersionLoggerListener.log Command line argument:             -Djava.util.logging.manager=org.apache.juli.ClassLoaderLogManager
08-Jul-2026 07:04:16.121 INFORMACIÓN [main] org.apache.catalina.startup.VersionLoggerListener.log Command line argument:             -Djdk.tls.ephemeralDHKeySize=2048
08-Jul-2026 07:04:16.121 INFORMACIÓN [main] org.apache.catalina.startup.VersionLoggerListener.log Command line argument:             -Djava.protocol.handler.pkgs=org.apache.catalina.webresources
08-Jul-2026 07:04:16.121 INFORMACIÓN [main] org.apache.catalina.startup.VersionLoggerListener.log Command line argument:             -Dsun.io.useCanonCaches=false
08-Jul-2026 07:04:16.152 INFORMACIÓN [main] org.apache.catalina.startup.VersionLoggerListener.log Command line argument:             -Dignore.endorsed.dirs=
08-Jul-2026 07:04:16.152 INFORMACIÓN [main] org.apache.catalina.startup.VersionLoggerListener.log Command line argument:             -Dcatalina.base=C:\Users\Josue\OneDrive\Documentos\GitHub\5to-2.0\Requisitos\Parcial3\Deberes\Deber4\apache-tomcat-9.0.119
08-Jul-2026 07:04:16.152 INFORMACIÓN [main] org.apache.catalina.startup.VersionLoggerListener.log Command line argument:             -Dcatalina.home=C:\Users\Josue\OneDrive\Documentos\GitHub\5to-2.0\Requisitos\Parcial3\Deberes\Deber4\apache-tomcat-9.0.119
08-Jul-2026 07:04:16.152 INFORMACIÓN [main] org.apache.catalina.startup.VersionLoggerListener.log Command line argument:             -Djava.io.tmpdir=C:\Users\Josue\OneDrive\Documentos\GitHub\5to-2.0\Requisitos\Parcial3\Deberes\Deber4\apache-tomcat-9.0.119\temp
08-Jul-2026 07:04:16.307 INFORMACIÓN [main] org.apache.catalina.core.AprLifecycleListener.lifecycleEvent Cargada la biblioteca nativa APR de Apache Tomcat [1.3.8] con la versión APR [1.7.6].
08-Jul-2026 07:04:16.307 INFORMACIÓN [main] org.apache.catalina.core.AprLifecycleListener.lifecycleEvent Capacidades APR: IPv6 [true], enviar fichero [true], aceptar filtros [false], aleatorio [true], UDS [true].
08-Jul-2026 07:04:16.307 INFORMACIÓN [main] org.apache.catalina.core.AprLifecycleListener.lifecycleEvent APR/OpenSSL configuration: useAprConnector [false], useOpenSSL [true]
08-Jul-2026 07:04:16.338 INFORMACIÓN [main] org.apache.catalina.core.AprLifecycleListener.initializeSSL OpenSSL inicializado correctamente [OpenSSL 3.0.21 9 Jun 2026]
08-Jul-2026 07:04:16.919 INFORMACIÓN [main] org.apache.coyote.AbstractProtocol.init Inicializando el manejador de protocolo ["http-nio-8082"]

08-Jul-2026 07:04:16.971 INFORMACIÓN [main] org.apache.catalina.startup.Catalina.load Server initialization in [1185] milliseconds
08-Jul-2026 07:04:17.060 INFORMACIÓN [main] org.apache.catalina.core.StandardService.startInternal Arrancando servicio [Catalina]
08-Jul-2026 07:04:17.061 INFORMACIÓN [main] org.apache.catalina.core.StandardEngine.startInternal Starting Servlet engine: [Apache Tomcat/9.0.119]
08-Jul-2026 07:04:17.081 INFORMACIÓN [main] org.apache.catalina.startup.HostConfig.deployDescriptor Desplieque del descriptor de configuración [C:\Users\Josue\OneDrive\Documentos\GitHub\5to-2.0\Requisitos\Parcial3\Deberes\Deber4\apache-tomcat-9.0.119\conf\Catalina\localhost\HotelWebApp.xml]
08-Jul-2026 07:04:17.114 ADVERTENCIA [main] org.apache.catalina.startup.HostConfig.deployDescriptor The path attribute with value [/HotelWebApp] in deployment descriptor [C:\Users\Josue\OneDrive\Documentos\GitHub\5to-2.0\Requisitos\Parcial3\Deberes\Deber4\apache-tomcat-9.0.119\conf\Catalina\localhost\HotelWebApp.xml] has been ignored
08-Jul-2026 07:04:18.392 INFORMACIÓN [main] org.apache.catalina.startup.HostConfig.deployDescriptor Deployment of deployment descriptor [C:\Users\Josue\OneDrive\Documentos\GitHub\5to-2.0\Requisitos\Parcial3\Deberes\Deber4\apache-tomcat-9.0.119\conf\Catalina\localhost\HotelWebApp.xml] has finished in [1.302] ms
08-Jul-2026 07:04:18.394 INFORMACIÓN [main] org.apache.catalina.startup.HostConfig.deployDirectory Desplegando el directorio [C:\Users\Josue\OneDrive\Documentos\GitHub\5to-2.0\Requisitos\Parcial3\Deberes\Deber4\apache-tomcat-9.0.119\webapps\docs] de la aplicación web
08-Jul-2026 07:04:18.553 INFORMACIÓN [main] org.apache.catalina.startup.HostConfig.deployDirectory Deployment of web application directory [C:\Users\Josue\OneDrive\Documentos\GitHub\5to-2.0\Requisitos\Parcial3\Deberes\Deber4\apache-tomcat-9.0.119\webapps\docs] has finished in [159] ms
08-Jul-2026 07:04:18.554 INFORMACIÓN [main] org.apache.catalina.startup.HostConfig.deployDirectory Desplegando el directorio [C:\Users\Josue\OneDrive\Documentos\GitHub\5to-2.0\Requisitos\Parcial3\Deberes\Deber4\apache-tomcat-9.0.119\webapps\examples] de la aplicación web
08-Jul-2026 07:04:20.411 INFORMACIÓN [main] org.apache.catalina.startup.HostConfig.deployDirectory Deployment of web application directory [C:\Users\Josue\OneDrive\Documentos\GitHub\5to-2.0\Requisitos\Parcial3\Deberes\Deber4\apache-tomcat-9.0.119\webapps\examples] has finished in [1.857] ms
08-Jul-2026 07:04:20.412 INFORMACIÓN [main] org.apache.catalina.startup.HostConfig.deployDirectory Desplegando el directorio [C:\Users\Josue\OneDrive\Documentos\GitHub\5to-2.0\Requisitos\Parcial3\Deberes\Deber4\apache-tomcat-9.0.119\webapps\host-manager] de la aplicación web
08-Jul-2026 07:04:20.533 INFORMACIÓN [main] org.apache.catalina.startup.HostConfig.deployDirectory Deployment of web application directory [C:\Users\Josue\OneDrive\Documentos\GitHub\5to-2.0\Requisitos\Parcial3\Deberes\Deber4\apache-tomcat-9.0.119\webapps\host-manager] has finished in [120] ms
08-Jul-2026 07:04:20.533 INFORMACIÓN [main] org.apache.catalina.startup.HostConfig.deployDirectory Desplegando el directorio [C:\Users\Josue\OneDrive\Documentos\GitHub\5to-2.0\Requisitos\Parcial3\Deberes\Deber4\apache-tomcat-9.0.119\webapps\manager] de la aplicación web
08-Jul-2026 07:04:20.680 INFORMACIÓN [main] org.apache.catalina.startup.HostConfig.deployDirectory Deployment of web application directory [C:\Users\Josue\OneDrive\Documentos\GitHub\5to-2.0\Requisitos\Parcial3\Deberes\Deber4\apache-tomcat-9.0.119\webapps\manager] has finished in [146] ms
08-Jul-2026 07:04:20.680 INFORMACIÓN [main] org.apache.catalina.startup.HostConfig.deployDirectory Desplegando el directorio [C:\Users\Josue\OneDrive\Documentos\GitHub\5to-2.0\Requisitos\Parcial3\Deberes\Deber4\apache-tomcat-9.0.119\webapps\ROOT] de la aplicación web
08-Jul-2026 07:04:20.759 INFORMACIÓN [main] org.apache.catalina.startup.HostConfig.deployDirectory Deployment of web application directory [C:\Users\Josue\OneDrive\Documentos\GitHub\5to-2.0\Requisitos\Parcial3\Deberes\Deber4\apache-tomcat-9.0.119\webapps\ROOT] has finished in [79] ms
08-Jul-2026 07:04:20.770 INFORMACIÓN [main] org.apache.coyote.AbstractProtocol.start Starting ProtocolHandler ["http-nio-8082"]
08-Jul-2026 07:04:20.823 INFORMACIÓN [main] org.apache.catalina.startup.Catalina.start Server startup in [3850] milliseconds
08-Jul-2026 07:04:21.530 INFORMACIÓN [http-nio-8082-exec-8] org.apache.catalina.startup.HostConfig.undeploy Repliegue (undeploy) de la aplicación web que tiene como trayectoria de contexto [/HotelWebApp]
08-Jul-2026 07:04:21.630 INFORMACIÓN [http-nio-8082-exec-7] org.apache.catalina.startup.HostConfig.deployDescriptor Desplieque del descriptor de configuración [C:\Users\Josue\OneDrive\Documentos\GitHub\5to-2.0\Requisitos\Parcial3\Deberes\Deber4\apache-tomcat-9.0.119\conf\Catalina\localhost\HotelWebApp.xml]
08-Jul-2026 07:04:21.631 ADVERTENCIA [http-nio-8082-exec-7] org.apache.catalina.startup.HostConfig.deployDescriptor The path attribute with value [/HotelWebApp] in deployment descriptor [C:\Users\Josue\OneDrive\Documentos\GitHub\5to-2.0\Requisitos\Parcial3\Deberes\Deber4\apache-tomcat-9.0.119\conf\Catalina\localhost\HotelWebApp.xml] has been ignored
08-Jul-2026 07:04:21.994 INFORMACIÓN [http-nio-8082-exec-7] org.apache.catalina.startup.HostConfig.deployDescriptor Deployment of deployment descriptor [C:\Users\Josue\OneDrive\Documentos\GitHub\5to-2.0\Requisitos\Parcial3\Deberes\Deber4\apache-tomcat-9.0.119\conf\Catalina\localhost\HotelWebApp.xml] has finished in [364] ms
08-Jul-2026 07:04:21.998 INFORMACIÓN [http-nio-8082-exec-1] org.apache.catalina.util.LifecycleBase.start The start() method was called on component [StandardEngine[Catalina].StandardHost[localhost].StandardContext[/HotelWebApp]] after start() had already been called. The second call will be ignored.
08-Jul-2026 07:19:14.384 INFORMACIÓN [main] org.apache.catalina.core.StandardServer.await Se ha recibido un comando de apagado a través del puerto de apagado. Parando la instancia del Servidor.
08-Jul-2026 07:19:14.386 INFORMACIÓN [main] org.apache.coyote.AbstractProtocol.pause Pausing ProtocolHandler ["http-nio-8082"]
08-Jul-2026 07:19:14.413 INFORMACIÓN [main] org.apache.catalina.core.StandardService.stopInternal Parando servicio [Catalina]
08-Jul-2026 07:19:14.442 INFORMACIÓN [main] org.apache.coyote.AbstractProtocol.stop Stopping ProtocolHandler ["http-nio-8082"]
08-Jul-2026 07:19:14.462 INFORMACIÓN [main] org.apache.coyote.AbstractProtocol.destroy Destroying ProtocolHandler ["http-nio-8082"]
