06-Jul-2026 07:12:37.328 INFORMACIÓN [main] org.apache.catalina.startup.VersionLoggerListener.log Nombre de la versión del servidor: Apache Tomcat/9.0.119
06-Jul-2026 07:12:37.333 INFORMACIÓN [main] org.apache.catalina.startup.VersionLoggerListener.log Server built:                      Jun 18 2026 07:06:31 UTC
06-Jul-2026 07:12:37.333 INFORMACIÓN [main] org.apache.catalina.startup.VersionLoggerListener.log Número de versión de servidor:     9.0.119.0
06-Jul-2026 07:12:37.333 INFORMACIÓN [main] org.apache.catalina.startup.VersionLoggerListener.log OS Name:                           Windows 11
06-Jul-2026 07:12:37.334 INFORMACIÓN [main] org.apache.catalina.startup.VersionLoggerListener.log Versión de Systema Operativo:      10.0
06-Jul-2026 07:12:37.334 INFORMACIÓN [main] org.apache.catalina.startup.VersionLoggerListener.log Arquitectura:                      amd64
06-Jul-2026 07:12:37.334 INFORMACIÓN [main] org.apache.catalina.startup.VersionLoggerListener.log Java Home:                         C:\Program Files\Apache NetBeans\jdk
06-Jul-2026 07:12:37.334 INFORMACIÓN [main] org.apache.catalina.startup.VersionLoggerListener.log JVM Version:                       25.0.2+10-LTS
06-Jul-2026 07:12:37.334 INFORMACIÓN [main] org.apache.catalina.startup.VersionLoggerListener.log Vededor JVM:                       Azul Systems, Inc.
06-Jul-2026 07:12:37.334 INFORMACIÓN [main] org.apache.catalina.startup.VersionLoggerListener.log CATALINA_BASE:                     C:\Users\Josue\OneDrive\Documentos\GitHub\5to-2.0\Requisitos\Parcial3\Deberes\Deber4\apache-tomcat-9.0.119
06-Jul-2026 07:12:37.334 INFORMACIÓN [main] org.apache.catalina.startup.VersionLoggerListener.log CATALINA_HOME:                     C:\Users\Josue\OneDrive\Documentos\GitHub\5to-2.0\Requisitos\Parcial3\Deberes\Deber4\apache-tomcat-9.0.119
06-Jul-2026 07:12:37.345 INFORMACIÓN [main] org.apache.catalina.startup.VersionLoggerListener.log Command line argument:             --add-opens=java.base/java.lang=ALL-UNNAMED
06-Jul-2026 07:12:37.345 INFORMACIÓN [main] org.apache.catalina.startup.VersionLoggerListener.log Command line argument:             --add-opens=java.base/java.lang.invoke=ALL-UNNAMED
06-Jul-2026 07:12:37.345 INFORMACIÓN [main] org.apache.catalina.startup.VersionLoggerListener.log Command line argument:             --add-opens=java.base/java.lang.reflect=ALL-UNNAMED
06-Jul-2026 07:12:37.345 INFORMACIÓN [main] org.apache.catalina.startup.VersionLoggerListener.log Command line argument:             --add-opens=java.base/java.io=ALL-UNNAMED
06-Jul-2026 07:12:37.345 INFORMACIÓN [main] org.apache.catalina.startup.VersionLoggerListener.log Command line argument:             --add-opens=java.base/java.util=ALL-UNNAMED
06-Jul-2026 07:12:37.345 INFORMACIÓN [main] org.apache.catalina.startup.VersionLoggerListener.log Command line argument:             --add-opens=java.base/java.util.concurrent=ALL-UNNAMED
06-Jul-2026 07:12:37.345 INFORMACIÓN [main] org.apache.catalina.startup.VersionLoggerListener.log Command line argument:             --add-opens=java.rmi/sun.rmi.transport=ALL-UNNAMED
06-Jul-2026 07:12:37.346 INFORMACIÓN [main] org.apache.catalina.startup.VersionLoggerListener.log Command line argument:             -Djava.util.logging.config.file=C:\Users\Josue\OneDrive\Documentos\GitHub\5to-2.0\Requisitos\Parcial3\Deberes\Deber4\apache-tomcat-9.0.119\conf\logging.properties
06-Jul-2026 07:12:37.346 INFORMACIÓN [main] org.apache.catalina.startup.VersionLoggerListener.log Command line argument:             -Djava.util.logging.manager=org.apache.juli.ClassLoaderLogManager
06-Jul-2026 07:12:37.346 INFORMACIÓN [main] org.apache.catalina.startup.VersionLoggerListener.log Command line argument:             -Djdk.tls.ephemeralDHKeySize=2048
06-Jul-2026 07:12:37.346 INFORMACIÓN [main] org.apache.catalina.startup.VersionLoggerListener.log Command line argument:             -Djava.protocol.handler.pkgs=org.apache.catalina.webresources
06-Jul-2026 07:12:37.346 INFORMACIÓN [main] org.apache.catalina.startup.VersionLoggerListener.log Command line argument:             -Dsun.io.useCanonCaches=false
06-Jul-2026 07:12:37.372 INFORMACIÓN [main] org.apache.catalina.startup.VersionLoggerListener.log Command line argument:             -Dignore.endorsed.dirs=
06-Jul-2026 07:12:37.372 INFORMACIÓN [main] org.apache.catalina.startup.VersionLoggerListener.log Command line argument:             -Dcatalina.base=C:\Users\Josue\OneDrive\Documentos\GitHub\5to-2.0\Requisitos\Parcial3\Deberes\Deber4\apache-tomcat-9.0.119
06-Jul-2026 07:12:37.373 INFORMACIÓN [main] org.apache.catalina.startup.VersionLoggerListener.log Command line argument:             -Dcatalina.home=C:\Users\Josue\OneDrive\Documentos\GitHub\5to-2.0\Requisitos\Parcial3\Deberes\Deber4\apache-tomcat-9.0.119
06-Jul-2026 07:12:37.373 INFORMACIÓN [main] org.apache.catalina.startup.VersionLoggerListener.log Command line argument:             -Djava.io.tmpdir=C:\Users\Josue\OneDrive\Documentos\GitHub\5to-2.0\Requisitos\Parcial3\Deberes\Deber4\apache-tomcat-9.0.119\temp
06-Jul-2026 07:12:37.385 INFORMACIÓN [main] org.apache.catalina.core.AprLifecycleListener.lifecycleEvent Cargada la biblioteca nativa APR de Apache Tomcat [1.3.8] con la versión APR [1.7.6].
06-Jul-2026 07:12:37.385 INFORMACIÓN [main] org.apache.catalina.core.AprLifecycleListener.lifecycleEvent Capacidades APR: IPv6 [true], enviar fichero [true], aceptar filtros [false], aleatorio [true], UDS [true].
06-Jul-2026 07:12:37.385 INFORMACIÓN [main] org.apache.catalina.core.AprLifecycleListener.lifecycleEvent APR/OpenSSL configuration: useAprConnector [false], useOpenSSL [true]
06-Jul-2026 07:12:37.409 INFORMACIÓN [main] org.apache.catalina.core.AprLifecycleListener.initializeSSL OpenSSL inicializado correctamente [OpenSSL 3.0.21 9 Jun 2026]
06-Jul-2026 07:12:37.782 INFORMACIÓN [main] org.apache.coyote.AbstractProtocol.init Inicializando el manejador de protocolo ["http-nio-8082"]

06-Jul-2026 07:12:37.813 INFORMACIÓN [main] org.apache.catalina.startup.Catalina.load Server initialization in [739] milliseconds
06-Jul-2026 07:12:37.871 INFORMACIÓN [main] org.apache.catalina.core.StandardService.startInternal Arrancando servicio [Catalina]
06-Jul-2026 07:12:37.871 INFORMACIÓN [main] org.apache.catalina.core.StandardEngine.startInternal Starting Servlet engine: [Apache Tomcat/9.0.119]
06-Jul-2026 07:12:37.885 INFORMACIÓN [main] org.apache.catalina.startup.HostConfig.deployDescriptor Desplieque del descriptor de configuración [C:\Users\Josue\OneDrive\Documentos\GitHub\5to-2.0\Requisitos\Parcial3\Deberes\Deber4\apache-tomcat-9.0.119\conf\Catalina\localhost\HotelWebApp.xml]
06-Jul-2026 07:12:37.905 ADVERTENCIA [main] org.apache.catalina.startup.HostConfig.deployDescriptor The path attribute with value [/HotelWebApp] in deployment descriptor [C:\Users\Josue\OneDrive\Documentos\GitHub\5to-2.0\Requisitos\Parcial3\Deberes\Deber4\apache-tomcat-9.0.119\conf\Catalina\localhost\HotelWebApp.xml] has been ignored
06-Jul-2026 07:12:38.712 INFORMACIÓN [main] org.apache.catalina.startup.HostConfig.deployDescriptor Deployment of deployment descriptor [C:\Users\Josue\OneDrive\Documentos\GitHub\5to-2.0\Requisitos\Parcial3\Deberes\Deber4\apache-tomcat-9.0.119\conf\Catalina\localhost\HotelWebApp.xml] has finished in [822] ms
06-Jul-2026 07:12:38.713 INFORMACIÓN [main] org.apache.catalina.startup.HostConfig.deployDirectory Desplegando el directorio [C:\Users\Josue\OneDrive\Documentos\GitHub\5to-2.0\Requisitos\Parcial3\Deberes\Deber4\apache-tomcat-9.0.119\webapps\docs] de la aplicación web
06-Jul-2026 07:12:38.800 INFORMACIÓN [main] org.apache.catalina.startup.HostConfig.deployDirectory Deployment of web application directory [C:\Users\Josue\OneDrive\Documentos\GitHub\5to-2.0\Requisitos\Parcial3\Deberes\Deber4\apache-tomcat-9.0.119\webapps\docs] has finished in [87] ms
06-Jul-2026 07:12:38.800 INFORMACIÓN [main] org.apache.catalina.startup.HostConfig.deployDirectory Desplegando el directorio [C:\Users\Josue\OneDrive\Documentos\GitHub\5to-2.0\Requisitos\Parcial3\Deberes\Deber4\apache-tomcat-9.0.119\webapps\examples] de la aplicación web
06-Jul-2026 07:12:39.778 INFORMACIÓN [main] org.apache.catalina.startup.HostConfig.deployDirectory Deployment of web application directory [C:\Users\Josue\OneDrive\Documentos\GitHub\5to-2.0\Requisitos\Parcial3\Deberes\Deber4\apache-tomcat-9.0.119\webapps\examples] has finished in [978] ms
06-Jul-2026 07:12:39.779 INFORMACIÓN [main] org.apache.catalina.startup.HostConfig.deployDirectory Desplegando el directorio [C:\Users\Josue\OneDrive\Documentos\GitHub\5to-2.0\Requisitos\Parcial3\Deberes\Deber4\apache-tomcat-9.0.119\webapps\host-manager] de la aplicación web
06-Jul-2026 07:12:39.930 INFORMACIÓN [main] org.apache.catalina.startup.HostConfig.deployDirectory Deployment of web application directory [C:\Users\Josue\OneDrive\Documentos\GitHub\5to-2.0\Requisitos\Parcial3\Deberes\Deber4\apache-tomcat-9.0.119\webapps\host-manager] has finished in [151] ms
06-Jul-2026 07:12:39.931 INFORMACIÓN [main] org.apache.catalina.startup.HostConfig.deployDirectory Desplegando el directorio [C:\Users\Josue\OneDrive\Documentos\GitHub\5to-2.0\Requisitos\Parcial3\Deberes\Deber4\apache-tomcat-9.0.119\webapps\manager] de la aplicación web
06-Jul-2026 07:12:40.070 INFORMACIÓN [main] org.apache.catalina.startup.HostConfig.deployDirectory Deployment of web application directory [C:\Users\Josue\OneDrive\Documentos\GitHub\5to-2.0\Requisitos\Parcial3\Deberes\Deber4\apache-tomcat-9.0.119\webapps\manager] has finished in [139] ms
06-Jul-2026 07:12:40.071 INFORMACIÓN [main] org.apache.catalina.startup.HostConfig.deployDirectory Desplegando el directorio [C:\Users\Josue\OneDrive\Documentos\GitHub\5to-2.0\Requisitos\Parcial3\Deberes\Deber4\apache-tomcat-9.0.119\webapps\ROOT] de la aplicación web
06-Jul-2026 07:12:40.132 INFORMACIÓN [main] org.apache.catalina.startup.HostConfig.deployDirectory Deployment of web application directory [C:\Users\Josue\OneDrive\Documentos\GitHub\5to-2.0\Requisitos\Parcial3\Deberes\Deber4\apache-tomcat-9.0.119\webapps\ROOT] has finished in [61] ms
06-Jul-2026 07:12:40.141 INFORMACIÓN [main] org.apache.coyote.AbstractProtocol.start Starting ProtocolHandler ["http-nio-8082"]
06-Jul-2026 07:12:40.181 INFORMACIÓN [main] org.apache.catalina.startup.Catalina.start Server startup in [2366] milliseconds
06-Jul-2026 07:12:40.861 INFORMACIÓN [http-nio-8082-exec-9] org.apache.catalina.startup.HostConfig.undeploy Repliegue (undeploy) de la aplicación web que tiene como trayectoria de contexto [/HotelWebApp]
06-Jul-2026 07:12:40.987 INFORMACIÓN [http-nio-8082-exec-5] org.apache.catalina.startup.HostConfig.deployDescriptor Desplieque del descriptor de configuración [C:\Users\Josue\OneDrive\Documentos\GitHub\5to-2.0\Requisitos\Parcial3\Deberes\Deber4\apache-tomcat-9.0.119\conf\Catalina\localhost\HotelWebApp.xml]
06-Jul-2026 07:12:40.988 ADVERTENCIA [http-nio-8082-exec-5] org.apache.catalina.startup.HostConfig.deployDescriptor The path attribute with value [/HotelWebApp] in deployment descriptor [C:\Users\Josue\OneDrive\Documentos\GitHub\5to-2.0\Requisitos\Parcial3\Deberes\Deber4\apache-tomcat-9.0.119\conf\Catalina\localhost\HotelWebApp.xml] has been ignored
06-Jul-2026 07:12:41.346 INFORMACIÓN [http-nio-8082-exec-5] org.apache.catalina.startup.HostConfig.deployDescriptor Deployment of deployment descriptor [C:\Users\Josue\OneDrive\Documentos\GitHub\5to-2.0\Requisitos\Parcial3\Deberes\Deber4\apache-tomcat-9.0.119\conf\Catalina\localhost\HotelWebApp.xml] has finished in [358] ms
06-Jul-2026 07:12:41.350 INFORMACIÓN [http-nio-8082-exec-10] org.apache.catalina.util.LifecycleBase.start The start() method was called on component [StandardEngine[Catalina].StandardHost[localhost].StandardContext[/HotelWebApp]] after start() had already been called. The second call will be ignored.
06-Jul-2026 07:15:59.166 INFORMACIÓN [main] org.apache.catalina.core.StandardServer.await Se ha recibido un comando de apagado a través del puerto de apagado. Parando la instancia del Servidor.
06-Jul-2026 07:15:59.166 INFORMACIÓN [main] org.apache.coyote.AbstractProtocol.pause Pausing ProtocolHandler ["http-nio-8082"]
06-Jul-2026 07:15:59.177 INFORMACIÓN [main] org.apache.catalina.core.StandardService.stopInternal Parando servicio [Catalina]
06-Jul-2026 07:15:59.223 ADVERTENCIA [main] org.apache.catalina.loader.WebappClassLoaderBase.clearReferencesJdbc La aplicación web [HotelWebApp] registró el conductor JDBC [org.h2.Driver] pero falló al anular el registro mientras la aplicación web estaba parada. Para prevenir un fallo de memoria, se ha anulado el registro del conductor JDBC por la fuerza.
06-Jul-2026 07:15:59.235 INFORMACIÓN [main] org.apache.coyote.AbstractProtocol.stop Stopping ProtocolHandler ["http-nio-8082"]
06-Jul-2026 07:15:59.243 INFORMACIÓN [main] org.apache.coyote.AbstractProtocol.destroy Destroying ProtocolHandler ["http-nio-8082"]
06-Jul-2026 07:20:49.037 INFORMACIÓN [main] org.apache.catalina.startup.VersionLoggerListener.log Nombre de la versión del servidor: Apache Tomcat/9.0.119
06-Jul-2026 07:20:49.042 INFORMACIÓN [main] org.apache.catalina.startup.VersionLoggerListener.log Server built:                      Jun 18 2026 07:06:31 UTC
06-Jul-2026 07:20:49.042 INFORMACIÓN [main] org.apache.catalina.startup.VersionLoggerListener.log Número de versión de servidor:     9.0.119.0
06-Jul-2026 07:20:49.043 INFORMACIÓN [main] org.apache.catalina.startup.VersionLoggerListener.log OS Name:                           Windows 11
06-Jul-2026 07:20:49.043 INFORMACIÓN [main] org.apache.catalina.startup.VersionLoggerListener.log Versión de Systema Operativo:      10.0
06-Jul-2026 07:20:49.044 INFORMACIÓN [main] org.apache.catalina.startup.VersionLoggerListener.log Arquitectura:                      amd64
06-Jul-2026 07:20:49.044 INFORMACIÓN [main] org.apache.catalina.startup.VersionLoggerListener.log Java Home:                         C:\Program Files\Apache NetBeans\jdk
06-Jul-2026 07:20:49.044 INFORMACIÓN [main] org.apache.catalina.startup.VersionLoggerListener.log JVM Version:                       25.0.2+10-LTS
06-Jul-2026 07:20:49.044 INFORMACIÓN [main] org.apache.catalina.startup.VersionLoggerListener.log Vededor JVM:                       Azul Systems, Inc.
06-Jul-2026 07:20:49.044 INFORMACIÓN [main] org.apache.catalina.startup.VersionLoggerListener.log CATALINA_BASE:                     C:\Users\Josue\OneDrive\Documentos\GitHub\5to-2.0\Requisitos\Parcial3\Deberes\Deber4\apache-tomcat-9.0.119
06-Jul-2026 07:20:49.045 INFORMACIÓN [main] org.apache.catalina.startup.VersionLoggerListener.log CATALINA_HOME:                     C:\Users\Josue\OneDrive\Documentos\GitHub\5to-2.0\Requisitos\Parcial3\Deberes\Deber4\apache-tomcat-9.0.119
06-Jul-2026 07:20:49.063 INFORMACIÓN [main] org.apache.catalina.startup.VersionLoggerListener.log Command line argument:             --add-opens=java.base/java.lang=ALL-UNNAMED
06-Jul-2026 07:20:49.063 INFORMACIÓN [main] org.apache.catalina.startup.VersionLoggerListener.log Command line argument:             --add-opens=java.base/java.lang.invoke=ALL-UNNAMED
06-Jul-2026 07:20:49.063 INFORMACIÓN [main] org.apache.catalina.startup.VersionLoggerListener.log Command line argument:             --add-opens=java.base/java.lang.reflect=ALL-UNNAMED
06-Jul-2026 07:20:49.064 INFORMACIÓN [main] org.apache.catalina.startup.VersionLoggerListener.log Command line argument:             --add-opens=java.base/java.io=ALL-UNNAMED
06-Jul-2026 07:20:49.064 INFORMACIÓN [main] org.apache.catalina.startup.VersionLoggerListener.log Command line argument:             --add-opens=java.base/java.util=ALL-UNNAMED
06-Jul-2026 07:20:49.064 INFORMACIÓN [main] org.apache.catalina.startup.VersionLoggerListener.log Command line argument:             --add-opens=java.base/java.util.concurrent=ALL-UNNAMED
06-Jul-2026 07:20:49.064 INFORMACIÓN [main] org.apache.catalina.startup.VersionLoggerListener.log Command line argument:             --add-opens=java.rmi/sun.rmi.transport=ALL-UNNAMED
06-Jul-2026 07:20:49.064 INFORMACIÓN [main] org.apache.catalina.startup.VersionLoggerListener.log Command line argument:             -Djava.util.logging.config.file=C:\Users\Josue\OneDrive\Documentos\GitHub\5to-2.0\Requisitos\Parcial3\Deberes\Deber4\apache-tomcat-9.0.119\conf\logging.properties
06-Jul-2026 07:20:49.064 INFORMACIÓN [main] org.apache.catalina.startup.VersionLoggerListener.log Command line argument:             -Djava.util.logging.manager=org.apache.juli.ClassLoaderLogManager
06-Jul-2026 07:20:49.064 INFORMACIÓN [main] org.apache.catalina.startup.VersionLoggerListener.log Command line argument:             -Djdk.tls.ephemeralDHKeySize=2048
06-Jul-2026 07:20:49.064 INFORMACIÓN [main] org.apache.catalina.startup.VersionLoggerListener.log Command line argument:             -Djava.protocol.handler.pkgs=org.apache.catalina.webresources
06-Jul-2026 07:20:49.065 INFORMACIÓN [main] org.apache.catalina.startup.VersionLoggerListener.log Command line argument:             -Dsun.io.useCanonCaches=false
06-Jul-2026 07:20:49.084 INFORMACIÓN [main] org.apache.catalina.startup.VersionLoggerListener.log Command line argument:             -Dignore.endorsed.dirs=
06-Jul-2026 07:20:49.084 INFORMACIÓN [main] org.apache.catalina.startup.VersionLoggerListener.log Command line argument:             -Dcatalina.base=C:\Users\Josue\OneDrive\Documentos\GitHub\5to-2.0\Requisitos\Parcial3\Deberes\Deber4\apache-tomcat-9.0.119
06-Jul-2026 07:20:49.085 INFORMACIÓN [main] org.apache.catalina.startup.VersionLoggerListener.log Command line argument:             -Dcatalina.home=C:\Users\Josue\OneDrive\Documentos\GitHub\5to-2.0\Requisitos\Parcial3\Deberes\Deber4\apache-tomcat-9.0.119
06-Jul-2026 07:20:49.085 INFORMACIÓN [main] org.apache.catalina.startup.VersionLoggerListener.log Command line argument:             -Djava.io.tmpdir=C:\Users\Josue\OneDrive\Documentos\GitHub\5to-2.0\Requisitos\Parcial3\Deberes\Deber4\apache-tomcat-9.0.119\temp
06-Jul-2026 07:20:49.096 INFORMACIÓN [main] org.apache.catalina.core.AprLifecycleListener.lifecycleEvent Cargada la biblioteca nativa APR de Apache Tomcat [1.3.8] con la versión APR [1.7.6].
06-Jul-2026 07:20:49.096 INFORMACIÓN [main] org.apache.catalina.core.AprLifecycleListener.lifecycleEvent Capacidades APR: IPv6 [true], enviar fichero [true], aceptar filtros [false], aleatorio [true], UDS [true].
06-Jul-2026 07:20:49.096 INFORMACIÓN [main] org.apache.catalina.core.AprLifecycleListener.lifecycleEvent APR/OpenSSL configuration: useAprConnector [false], useOpenSSL [true]
06-Jul-2026 07:20:49.112 INFORMACIÓN [main] org.apache.catalina.core.AprLifecycleListener.initializeSSL OpenSSL inicializado correctamente [OpenSSL 3.0.21 9 Jun 2026]
06-Jul-2026 07:20:49.678 INFORMACIÓN [main] org.apache.coyote.AbstractProtocol.init Inicializando el manejador de protocolo ["http-nio-8082"]

06-Jul-2026 07:20:49.719 INFORMACIÓN [main] org.apache.catalina.startup.Catalina.load Server initialization in [1053] milliseconds
06-Jul-2026 07:20:49.813 INFORMACIÓN [main] org.apache.catalina.core.StandardService.startInternal Arrancando servicio [Catalina]
06-Jul-2026 07:20:49.814 INFORMACIÓN [main] org.apache.catalina.core.StandardEngine.startInternal Starting Servlet engine: [Apache Tomcat/9.0.119]
06-Jul-2026 07:20:49.831 INFORMACIÓN [main] org.apache.catalina.startup.HostConfig.deployDescriptor Desplieque del descriptor de configuración [C:\Users\Josue\OneDrive\Documentos\GitHub\5to-2.0\Requisitos\Parcial3\Deberes\Deber4\apache-tomcat-9.0.119\conf\Catalina\localhost\HotelWebApp.xml]
06-Jul-2026 07:20:49.859 ADVERTENCIA [main] org.apache.catalina.startup.HostConfig.deployDescriptor The path attribute with value [/HotelWebApp] in deployment descriptor [C:\Users\Josue\OneDrive\Documentos\GitHub\5to-2.0\Requisitos\Parcial3\Deberes\Deber4\apache-tomcat-9.0.119\conf\Catalina\localhost\HotelWebApp.xml] has been ignored
06-Jul-2026 07:20:50.895 INFORMACIÓN [main] org.apache.catalina.startup.HostConfig.deployDescriptor Deployment of deployment descriptor [C:\Users\Josue\OneDrive\Documentos\GitHub\5to-2.0\Requisitos\Parcial3\Deberes\Deber4\apache-tomcat-9.0.119\conf\Catalina\localhost\HotelWebApp.xml] has finished in [1.059] ms
06-Jul-2026 07:20:50.896 INFORMACIÓN [main] org.apache.catalina.startup.HostConfig.deployDirectory Desplegando el directorio [C:\Users\Josue\OneDrive\Documentos\GitHub\5to-2.0\Requisitos\Parcial3\Deberes\Deber4\apache-tomcat-9.0.119\webapps\docs] de la aplicación web
06-Jul-2026 07:20:50.976 INFORMACIÓN [main] org.apache.catalina.startup.HostConfig.deployDirectory Deployment of web application directory [C:\Users\Josue\OneDrive\Documentos\GitHub\5to-2.0\Requisitos\Parcial3\Deberes\Deber4\apache-tomcat-9.0.119\webapps\docs] has finished in [80] ms
06-Jul-2026 07:20:50.977 INFORMACIÓN [main] org.apache.catalina.startup.HostConfig.deployDirectory Desplegando el directorio [C:\Users\Josue\OneDrive\Documentos\GitHub\5to-2.0\Requisitos\Parcial3\Deberes\Deber4\apache-tomcat-9.0.119\webapps\examples] de la aplicación web
06-Jul-2026 07:20:52.445 INFORMACIÓN [main] org.apache.catalina.startup.HostConfig.deployDirectory Deployment of web application directory [C:\Users\Josue\OneDrive\Documentos\GitHub\5to-2.0\Requisitos\Parcial3\Deberes\Deber4\apache-tomcat-9.0.119\webapps\examples] has finished in [1.468] ms
06-Jul-2026 07:20:52.446 INFORMACIÓN [main] org.apache.catalina.startup.HostConfig.deployDirectory Desplegando el directorio [C:\Users\Josue\OneDrive\Documentos\GitHub\5to-2.0\Requisitos\Parcial3\Deberes\Deber4\apache-tomcat-9.0.119\webapps\host-manager] de la aplicación web
06-Jul-2026 07:20:52.593 INFORMACIÓN [main] org.apache.catalina.startup.HostConfig.deployDirectory Deployment of web application directory [C:\Users\Josue\OneDrive\Documentos\GitHub\5to-2.0\Requisitos\Parcial3\Deberes\Deber4\apache-tomcat-9.0.119\webapps\host-manager] has finished in [147] ms
06-Jul-2026 07:20:52.595 INFORMACIÓN [main] org.apache.catalina.startup.HostConfig.deployDirectory Desplegando el directorio [C:\Users\Josue\OneDrive\Documentos\GitHub\5to-2.0\Requisitos\Parcial3\Deberes\Deber4\apache-tomcat-9.0.119\webapps\manager] de la aplicación web
06-Jul-2026 07:20:52.753 INFORMACIÓN [main] org.apache.catalina.startup.HostConfig.deployDirectory Deployment of web application directory [C:\Users\Josue\OneDrive\Documentos\GitHub\5to-2.0\Requisitos\Parcial3\Deberes\Deber4\apache-tomcat-9.0.119\webapps\manager] has finished in [157] ms
06-Jul-2026 07:20:52.753 INFORMACIÓN [main] org.apache.catalina.startup.HostConfig.deployDirectory Desplegando el directorio [C:\Users\Josue\OneDrive\Documentos\GitHub\5to-2.0\Requisitos\Parcial3\Deberes\Deber4\apache-tomcat-9.0.119\webapps\ROOT] de la aplicación web
06-Jul-2026 07:20:52.866 INFORMACIÓN [main] org.apache.catalina.startup.HostConfig.deployDirectory Deployment of web application directory [C:\Users\Josue\OneDrive\Documentos\GitHub\5to-2.0\Requisitos\Parcial3\Deberes\Deber4\apache-tomcat-9.0.119\webapps\ROOT] has finished in [113] ms
06-Jul-2026 07:20:52.873 INFORMACIÓN [main] org.apache.coyote.AbstractProtocol.start Starting ProtocolHandler ["http-nio-8082"]
06-Jul-2026 07:20:52.959 INFORMACIÓN [main] org.apache.catalina.startup.Catalina.start Server startup in [3237] milliseconds
06-Jul-2026 07:20:53.715 INFORMACIÓN [http-nio-8082-exec-7] org.apache.catalina.startup.HostConfig.undeploy Repliegue (undeploy) de la aplicación web que tiene como trayectoria de contexto [/HotelWebApp]
06-Jul-2026 07:20:53.793 INFORMACIÓN [http-nio-8082-exec-1] org.apache.catalina.startup.HostConfig.deployDescriptor Desplieque del descriptor de configuración [C:\Users\Josue\OneDrive\Documentos\GitHub\5to-2.0\Requisitos\Parcial3\Deberes\Deber4\apache-tomcat-9.0.119\conf\Catalina\localhost\HotelWebApp.xml]
06-Jul-2026 07:20:53.794 ADVERTENCIA [http-nio-8082-exec-1] org.apache.catalina.startup.HostConfig.deployDescriptor The path attribute with value [/HotelWebApp] in deployment descriptor [C:\Users\Josue\OneDrive\Documentos\GitHub\5to-2.0\Requisitos\Parcial3\Deberes\Deber4\apache-tomcat-9.0.119\conf\Catalina\localhost\HotelWebApp.xml] has been ignored
06-Jul-2026 07:20:54.250 INFORMACIÓN [http-nio-8082-exec-1] org.apache.catalina.startup.HostConfig.deployDescriptor Deployment of deployment descriptor [C:\Users\Josue\OneDrive\Documentos\GitHub\5to-2.0\Requisitos\Parcial3\Deberes\Deber4\apache-tomcat-9.0.119\conf\Catalina\localhost\HotelWebApp.xml] has finished in [457] ms
06-Jul-2026 07:20:54.255 INFORMACIÓN [http-nio-8082-exec-8] org.apache.catalina.util.LifecycleBase.start The start() method was called on component [StandardEngine[Catalina].StandardHost[localhost].StandardContext[/HotelWebApp]] after start() had already been called. The second call will be ignored.
06-Jul-2026 09:01:42.244 INFORMACIÓN [main] org.apache.catalina.core.StandardServer.await Se ha recibido un comando de apagado a través del puerto de apagado. Parando la instancia del Servidor.
06-Jul-2026 09:01:42.246 INFORMACIÓN [main] org.apache.coyote.AbstractProtocol.pause Pausing ProtocolHandler ["http-nio-8082"]
06-Jul-2026 09:01:42.260 INFORMACIÓN [main] org.apache.catalina.core.StandardService.stopInternal Parando servicio [Catalina]
06-Jul-2026 09:01:42.435 ADVERTENCIA [main] org.apache.catalina.loader.WebappClassLoaderBase.clearReferencesJdbc La aplicación web [HotelWebApp] registró el conductor JDBC [org.h2.Driver] pero falló al anular el registro mientras la aplicación web estaba parada. Para prevenir un fallo de memoria, se ha anulado el registro del conductor JDBC por la fuerza.
06-Jul-2026 09:01:42.444 INFORMACIÓN [main] org.apache.coyote.AbstractProtocol.stop Stopping ProtocolHandler ["http-nio-8082"]
06-Jul-2026 09:01:42.464 INFORMACIÓN [main] org.apache.coyote.AbstractProtocol.destroy Destroying ProtocolHandler ["http-nio-8082"]
