15-Jul-2026 12:15:28.796 INFORMACIÓN [main] org.apache.catalina.startup.VersionLoggerListener.log Nombre de la versión del servidor: Apache Tomcat/9.0.119
15-Jul-2026 12:15:28.802 INFORMACIÓN [main] org.apache.catalina.startup.VersionLoggerListener.log Server built:                      Jun 18 2026 07:06:31 UTC
15-Jul-2026 12:15:28.802 INFORMACIÓN [main] org.apache.catalina.startup.VersionLoggerListener.log Número de versión de servidor:     9.0.119.0
15-Jul-2026 12:15:28.802 INFORMACIÓN [main] org.apache.catalina.startup.VersionLoggerListener.log OS Name:                           Windows 11
15-Jul-2026 12:15:28.803 INFORMACIÓN [main] org.apache.catalina.startup.VersionLoggerListener.log Versión de Systema Operativo:      10.0
15-Jul-2026 12:15:28.803 INFORMACIÓN [main] org.apache.catalina.startup.VersionLoggerListener.log Arquitectura:                      amd64
15-Jul-2026 12:15:28.803 INFORMACIÓN [main] org.apache.catalina.startup.VersionLoggerListener.log Java Home:                         C:\Program Files\Apache NetBeans\jdk
15-Jul-2026 12:15:28.803 INFORMACIÓN [main] org.apache.catalina.startup.VersionLoggerListener.log JVM Version:                       25.0.2+10-LTS
15-Jul-2026 12:15:28.803 INFORMACIÓN [main] org.apache.catalina.startup.VersionLoggerListener.log Vededor JVM:                       Azul Systems, Inc.
15-Jul-2026 12:15:28.804 INFORMACIÓN [main] org.apache.catalina.startup.VersionLoggerListener.log CATALINA_BASE:                     C:\Users\Josue\OneDrive\Documentos\GitHub\5to-2.0\Requisitos\Parcial3\Deberes\Deber4\apache-tomcat-9.0.119
15-Jul-2026 12:15:28.804 INFORMACIÓN [main] org.apache.catalina.startup.VersionLoggerListener.log CATALINA_HOME:                     C:\Users\Josue\OneDrive\Documentos\GitHub\5to-2.0\Requisitos\Parcial3\Deberes\Deber4\apache-tomcat-9.0.119
15-Jul-2026 12:15:28.823 INFORMACIÓN [main] org.apache.catalina.startup.VersionLoggerListener.log Command line argument:             --add-opens=java.base/java.lang=ALL-UNNAMED
15-Jul-2026 12:15:28.824 INFORMACIÓN [main] org.apache.catalina.startup.VersionLoggerListener.log Command line argument:             --add-opens=java.base/java.lang.invoke=ALL-UNNAMED
15-Jul-2026 12:15:28.824 INFORMACIÓN [main] org.apache.catalina.startup.VersionLoggerListener.log Command line argument:             --add-opens=java.base/java.lang.reflect=ALL-UNNAMED
15-Jul-2026 12:15:28.824 INFORMACIÓN [main] org.apache.catalina.startup.VersionLoggerListener.log Command line argument:             --add-opens=java.base/java.io=ALL-UNNAMED
15-Jul-2026 12:15:28.825 INFORMACIÓN [main] org.apache.catalina.startup.VersionLoggerListener.log Command line argument:             --add-opens=java.base/java.util=ALL-UNNAMED
15-Jul-2026 12:15:28.825 INFORMACIÓN [main] org.apache.catalina.startup.VersionLoggerListener.log Command line argument:             --add-opens=java.base/java.util.concurrent=ALL-UNNAMED
15-Jul-2026 12:15:28.825 INFORMACIÓN [main] org.apache.catalina.startup.VersionLoggerListener.log Command line argument:             --add-opens=java.rmi/sun.rmi.transport=ALL-UNNAMED
15-Jul-2026 12:15:28.825 INFORMACIÓN [main] org.apache.catalina.startup.VersionLoggerListener.log Command line argument:             -Djava.util.logging.config.file=C:\Users\Josue\OneDrive\Documentos\GitHub\5to-2.0\Requisitos\Parcial3\Deberes\Deber4\apache-tomcat-9.0.119\conf\logging.properties
15-Jul-2026 12:15:28.825 INFORMACIÓN [main] org.apache.catalina.startup.VersionLoggerListener.log Command line argument:             -Djava.util.logging.manager=org.apache.juli.ClassLoaderLogManager
15-Jul-2026 12:15:28.825 INFORMACIÓN [main] org.apache.catalina.startup.VersionLoggerListener.log Command line argument:             -Djdk.tls.ephemeralDHKeySize=2048
15-Jul-2026 12:15:28.826 INFORMACIÓN [main] org.apache.catalina.startup.VersionLoggerListener.log Command line argument:             -Djava.protocol.handler.pkgs=org.apache.catalina.webresources
15-Jul-2026 12:15:28.826 INFORMACIÓN [main] org.apache.catalina.startup.VersionLoggerListener.log Command line argument:             -Dsun.io.useCanonCaches=false
15-Jul-2026 12:15:28.826 INFORMACIÓN [main] org.apache.catalina.startup.VersionLoggerListener.log Command line argument:             -Dignore.endorsed.dirs=
15-Jul-2026 12:15:28.826 INFORMACIÓN [main] org.apache.catalina.startup.VersionLoggerListener.log Command line argument:             -Dcatalina.base=C:\Users\Josue\OneDrive\Documentos\GitHub\5to-2.0\Requisitos\Parcial3\Deberes\Deber4\apache-tomcat-9.0.119
15-Jul-2026 12:15:28.826 INFORMACIÓN [main] org.apache.catalina.startup.VersionLoggerListener.log Command line argument:             -Dcatalina.home=C:\Users\Josue\OneDrive\Documentos\GitHub\5to-2.0\Requisitos\Parcial3\Deberes\Deber4\apache-tomcat-9.0.119
15-Jul-2026 12:15:28.826 INFORMACIÓN [main] org.apache.catalina.startup.VersionLoggerListener.log Command line argument:             -Djava.io.tmpdir=C:\Users\Josue\OneDrive\Documentos\GitHub\5to-2.0\Requisitos\Parcial3\Deberes\Deber4\apache-tomcat-9.0.119\temp
15-Jul-2026 12:15:29.012 INFORMACIÓN [main] org.apache.catalina.core.AprLifecycleListener.lifecycleEvent Cargada la biblioteca nativa APR de Apache Tomcat [1.3.8] con la versión APR [1.7.6].
15-Jul-2026 12:15:29.012 INFORMACIÓN [main] org.apache.catalina.core.AprLifecycleListener.lifecycleEvent Capacidades APR: IPv6 [true], enviar fichero [true], aceptar filtros [false], aleatorio [true], UDS [true].
15-Jul-2026 12:15:29.013 INFORMACIÓN [main] org.apache.catalina.core.AprLifecycleListener.lifecycleEvent APR/OpenSSL configuration: useAprConnector [false], useOpenSSL [true]
15-Jul-2026 12:15:29.037 INFORMACIÓN [main] org.apache.catalina.core.AprLifecycleListener.initializeSSL OpenSSL inicializado correctamente [OpenSSL 3.0.21 9 Jun 2026]
15-Jul-2026 12:15:29.603 INFORMACIÓN [main] org.apache.coyote.AbstractProtocol.init Inicializando el manejador de protocolo ["http-nio-8082"]

15-Jul-2026 12:15:29.642 INFORMACIÓN [main] org.apache.catalina.startup.Catalina.load Server initialization in [1384] milliseconds
15-Jul-2026 12:15:29.725 INFORMACIÓN [main] org.apache.catalina.core.StandardService.startInternal Arrancando servicio [Catalina]
15-Jul-2026 12:15:29.725 INFORMACIÓN [main] org.apache.catalina.core.StandardEngine.startInternal Starting Servlet engine: [Apache Tomcat/9.0.119]
15-Jul-2026 12:15:29.746 INFORMACIÓN [main] org.apache.catalina.startup.HostConfig.deployDescriptor Desplieque del descriptor de configuración [C:\Users\Josue\OneDrive\Documentos\GitHub\5to-2.0\Requisitos\Parcial3\Deberes\Deber4\apache-tomcat-9.0.119\conf\Catalina\localhost\HotelWebApp.xml]
15-Jul-2026 12:15:29.790 ADVERTENCIA [main] org.apache.catalina.startup.HostConfig.deployDescriptor The path attribute with value [/HotelWebApp] in deployment descriptor [C:\Users\Josue\OneDrive\Documentos\GitHub\5to-2.0\Requisitos\Parcial3\Deberes\Deber4\apache-tomcat-9.0.119\conf\Catalina\localhost\HotelWebApp.xml] has been ignored
15-Jul-2026 12:15:31.306 INFORMACIÓN [main] org.apache.catalina.startup.HostConfig.deployDescriptor Deployment of deployment descriptor [C:\Users\Josue\OneDrive\Documentos\GitHub\5to-2.0\Requisitos\Parcial3\Deberes\Deber4\apache-tomcat-9.0.119\conf\Catalina\localhost\HotelWebApp.xml] has finished in [1.550] ms
15-Jul-2026 12:15:31.308 INFORMACIÓN [main] org.apache.catalina.startup.HostConfig.deployDirectory Desplegando el directorio [C:\Users\Josue\OneDrive\Documentos\GitHub\5to-2.0\Requisitos\Parcial3\Deberes\Deber4\apache-tomcat-9.0.119\webapps\docs] de la aplicación web
15-Jul-2026 12:15:31.449 INFORMACIÓN [main] org.apache.catalina.startup.HostConfig.deployDirectory Deployment of web application directory [C:\Users\Josue\OneDrive\Documentos\GitHub\5to-2.0\Requisitos\Parcial3\Deberes\Deber4\apache-tomcat-9.0.119\webapps\docs] has finished in [141] ms
15-Jul-2026 12:15:31.450 INFORMACIÓN [main] org.apache.catalina.startup.HostConfig.deployDirectory Desplegando el directorio [C:\Users\Josue\OneDrive\Documentos\GitHub\5to-2.0\Requisitos\Parcial3\Deberes\Deber4\apache-tomcat-9.0.119\webapps\examples] de la aplicación web
15-Jul-2026 12:15:33.687 INFORMACIÓN [main] org.apache.catalina.startup.HostConfig.deployDirectory Deployment of web application directory [C:\Users\Josue\OneDrive\Documentos\GitHub\5to-2.0\Requisitos\Parcial3\Deberes\Deber4\apache-tomcat-9.0.119\webapps\examples] has finished in [2.236] ms
15-Jul-2026 12:15:33.688 INFORMACIÓN [main] org.apache.catalina.startup.HostConfig.deployDirectory Desplegando el directorio [C:\Users\Josue\OneDrive\Documentos\GitHub\5to-2.0\Requisitos\Parcial3\Deberes\Deber4\apache-tomcat-9.0.119\webapps\host-manager] de la aplicación web
15-Jul-2026 12:15:33.843 INFORMACIÓN [main] org.apache.catalina.startup.HostConfig.deployDirectory Deployment of web application directory [C:\Users\Josue\OneDrive\Documentos\GitHub\5to-2.0\Requisitos\Parcial3\Deberes\Deber4\apache-tomcat-9.0.119\webapps\host-manager] has finished in [155] ms
15-Jul-2026 12:15:33.843 INFORMACIÓN [main] org.apache.catalina.startup.HostConfig.deployDirectory Desplegando el directorio [C:\Users\Josue\OneDrive\Documentos\GitHub\5to-2.0\Requisitos\Parcial3\Deberes\Deber4\apache-tomcat-9.0.119\webapps\manager] de la aplicación web
15-Jul-2026 12:15:33.966 INFORMACIÓN [main] org.apache.catalina.startup.HostConfig.deployDirectory Deployment of web application directory [C:\Users\Josue\OneDrive\Documentos\GitHub\5to-2.0\Requisitos\Parcial3\Deberes\Deber4\apache-tomcat-9.0.119\webapps\manager] has finished in [123] ms
15-Jul-2026 12:15:33.967 INFORMACIÓN [main] org.apache.catalina.startup.HostConfig.deployDirectory Desplegando el directorio [C:\Users\Josue\OneDrive\Documentos\GitHub\5to-2.0\Requisitos\Parcial3\Deberes\Deber4\apache-tomcat-9.0.119\webapps\ROOT] de la aplicación web
15-Jul-2026 12:15:34.053 INFORMACIÓN [main] org.apache.catalina.startup.HostConfig.deployDirectory Deployment of web application directory [C:\Users\Josue\OneDrive\Documentos\GitHub\5to-2.0\Requisitos\Parcial3\Deberes\Deber4\apache-tomcat-9.0.119\webapps\ROOT] has finished in [85] ms
15-Jul-2026 12:15:34.060 INFORMACIÓN [main] org.apache.coyote.AbstractProtocol.start Starting ProtocolHandler ["http-nio-8082"]
15-Jul-2026 12:15:34.100 INFORMACIÓN [main] org.apache.catalina.startup.Catalina.start Server startup in [4457] milliseconds
15-Jul-2026 12:15:34.832 INFORMACIÓN [http-nio-8082-exec-8] org.apache.catalina.startup.HostConfig.undeploy Repliegue (undeploy) de la aplicación web que tiene como trayectoria de contexto [/HotelWebApp]
15-Jul-2026 12:15:34.898 INFORMACIÓN [http-nio-8082-exec-4] org.apache.catalina.startup.HostConfig.deployDescriptor Desplieque del descriptor de configuración [C:\Users\Josue\OneDrive\Documentos\GitHub\5to-2.0\Requisitos\Parcial3\Deberes\Deber4\apache-tomcat-9.0.119\conf\Catalina\localhost\HotelWebApp.xml]
15-Jul-2026 12:15:34.899 ADVERTENCIA [http-nio-8082-exec-4] org.apache.catalina.startup.HostConfig.deployDescriptor The path attribute with value [/HotelWebApp] in deployment descriptor [C:\Users\Josue\OneDrive\Documentos\GitHub\5to-2.0\Requisitos\Parcial3\Deberes\Deber4\apache-tomcat-9.0.119\conf\Catalina\localhost\HotelWebApp.xml] has been ignored
15-Jul-2026 12:15:35.350 INFORMACIÓN [http-nio-8082-exec-4] org.apache.catalina.startup.HostConfig.deployDescriptor Deployment of deployment descriptor [C:\Users\Josue\OneDrive\Documentos\GitHub\5to-2.0\Requisitos\Parcial3\Deberes\Deber4\apache-tomcat-9.0.119\conf\Catalina\localhost\HotelWebApp.xml] has finished in [452] ms
15-Jul-2026 12:15:35.356 INFORMACIÓN [http-nio-8082-exec-7] org.apache.catalina.util.LifecycleBase.start The start() method was called on component [StandardEngine[Catalina].StandardHost[localhost].StandardContext[/HotelWebApp]] after start() had already been called. The second call will be ignored.
15-Jul-2026 13:15:24.597 INFORMACIÓN [main] org.apache.catalina.core.StandardServer.await Se ha recibido un comando de apagado a través del puerto de apagado. Parando la instancia del Servidor.
15-Jul-2026 13:15:24.599 INFORMACIÓN [main] org.apache.coyote.AbstractProtocol.pause Pausing ProtocolHandler ["http-nio-8082"]
15-Jul-2026 13:15:24.617 INFORMACIÓN [main] org.apache.catalina.core.StandardService.stopInternal Parando servicio [Catalina]
15-Jul-2026 13:15:24.670 ADVERTENCIA [main] org.apache.catalina.loader.WebappClassLoaderBase.clearReferencesJdbc La aplicación web [HotelWebApp] registró el conductor JDBC [org.h2.Driver] pero falló al anular el registro mientras la aplicación web estaba parada. Para prevenir un fallo de memoria, se ha anulado el registro del conductor JDBC por la fuerza.
15-Jul-2026 13:15:24.682 INFORMACIÓN [main] org.apache.coyote.AbstractProtocol.stop Stopping ProtocolHandler ["http-nio-8082"]
15-Jul-2026 13:15:24.696 INFORMACIÓN [main] org.apache.coyote.AbstractProtocol.destroy Destroying ProtocolHandler ["http-nio-8082"]
